#protocol=freshdiskann-native-memory-v1
#dimension=100
#base=800000
#batch=40000
#rounds=5
#build_ms=79861.235536
insert,1,21874.393654
query,1,64,0,0.2,0.31046
query,1,64,1,0.3,0.280273
query,1,64,2,0,0.484228
query,1,64,3,0.1,0.342244
query,1,64,4,0.1,0.34338
query,1,64,5,0,0.524332
query,1,64,6,0,0.336439
query,1,64,7,0.2,0.349849
query,1,64,8,0,0.353885
query,1,64,9,0,0.368546
query,1,64,10,0,0.372923
query,1,64,11,0.2,0.358199
query,1,64,12,0,0.44104
query,1,64,13,0,0.32819
query,1,64,14,0,0.414202
query,1,64,15,0,0.296061
query,1,64,16,0,0.385162
query,1,64,17,0,0.303042
query,1,64,18,0,0.369486
query,1,64,19,0.6,0.176129
query,1,64,20,0,0.432325
query,1,64,21,0,0.415094
query,1,64,22,0,0.519635
query,1,64,23,0,0.265712
query,1,64,24,0,0.385606
query,1,64,25,0.2,0.295653
query,1,64,26,0.1,0.283051
query,1,64,27,0.3,0.317026
query,1,64,28,0.3,0.323193
query,1,64,29,0.1,0.351255
query,1,64,30,0,0.316625
query,1,64,31,0,0.384932
query,1,64,32,0.5,0.268421
query,1,64,33,1,0.254761
query,1,64,34,0.3,0.26279
query,1,64,35,0.2,0.234041
query,1,64,36,0.1,0.357126
query,1,64,37,0,0.273246
query,1,64,38,0.2,0.296676
query,1,64,39,0.1,0.32811
query,1,64,40,0.2,0.343137
query,1,64,41,0,0.445029
query,1,64,42,0.1,0.287816
query,1,64,43,0.3,0.257965
query,1,64,44,0.7,0.258325
query,1,64,45,0,0.332838
query,1,64,46,0.2,0.358078
query,1,64,47,0,0.432212
query,1,64,48,0,0.382378
query,1,64,49,0,0.28445
query,1,64,50,0.1,0.256316
query,1,64,51,0.1,0.241551
query,1,64,52,0,0.301163
query,1,64,53,0.6,0.297767
query,1,64,54,0,0.276523
query,1,64,55,0,0.393022
query,1,64,56,0,0.375562
query,1,64,57,0,0.272331
query,1,64,58,0,0.406638
query,1,64,59,0,0.350719
query,1,64,60,0.3,0.264365
query,1,64,61,0.9,0.232975
query,1,64,62,0,0.475979
query,1,64,63,0.1,0.262577
query,1,64,64,0,0.560379
query,1,64,65,0.2,0.314559
query,1,64,66,0.6,0.217378
query,1,64,67,0,0.32713
query,1,64,68,0.2,0.247864
query,1,64,69,0,0.529436
query,1,64,70,0.2,0.345742
query,1,64,71,0,0.33511
query,1,64,72,0,0.264862
query,1,64,73,0,0.233877
query,1,64,74,0.1,0.287771
query,1,64,75,0,0.307389
query,1,64,76,0.8,0.272457
query,1,64,77,0,0.425956
query,1,64,78,0.2,0.359683
query,1,64,79,0.1,0.365137
query,1,64,80,0.6,0.31084
query,1,64,81,0,0.33982
query,1,64,82,0.2,0.375169
query,1,64,83,0,0.299822
query,1,64,84,0.9,0.299815
query,1,64,85,0,0.272764
query,1,64,86,0.1,0.324864
query,1,64,87,0.7,0.249654
query,1,64,88,0,0.389718
query,1,64,89,0.4,0.307628
query,1,64,90,0.1,0.347105
query,1,64,91,0,0.354909
query,1,64,92,0,0.36189
query,1,64,93,0.5,0.30934
query,1,64,94,0,0.446232
query,1,64,95,0,0.377725
query,1,64,96,0.6,0.33097
query,1,64,97,0,0.398913
query,1,64,98,0,0.346128
query,1,64,99,0,0.34577
query,1,64,100,0.1,0.323825
query,1,64,101,0,0.417426
query,1,64,102,0.2,0.330877
query,1,64,103,0.7,0.300327
query,1,64,104,0,0.451883
query,1,64,105,0.1,0.328499
query,1,64,106,0.2,0.311446
query,1,64,107,0.1,0.299524
query,1,64,108,0.5,0.352289
query,1,64,109,0.7,0.263386
query,1,64,110,0.2,0.33251
query,1,64,111,0,0.284511
query,1,64,112,0,0.324973
query,1,64,113,0,0.383593
query,1,64,114,0.1,0.331914
query,1,64,115,0.2,0.345756
query,1,64,116,0.2,0.307946
query,1,64,117,0,0.463042
query,1,64,118,0,0.261322
query,1,64,119,0,0.459691
query,1,64,120,0.1,0.255353
query,1,64,121,0.1,0.301393
query,1,64,122,0.2,0.347987
query,1,64,123,0.2,0.332146
query,1,64,124,0,0.582839
query,1,64,125,0,0.482399
query,1,64,126,0.3,0.333377
query,1,64,127,0.1,0.361112
query,1,128,0,0.2,0.806083
query,1,128,1,0.3,0.682041
query,1,128,2,0,0.839185
query,1,128,3,0.1,0.703394
query,1,128,4,0.1,0.725151
query,1,128,5,0,1.077793
query,1,128,6,0,0.756363
query,1,128,7,0.2,0.735446
query,1,128,8,0,0.751478
query,1,128,9,0,0.737823
query,1,128,10,0,0.681341
query,1,128,11,0.2,0.758619
query,1,128,12,0,0.712595
query,1,128,13,0,0.678129
query,1,128,14,0,0.713254
query,1,128,15,0,0.674652
query,1,128,16,0,0.72715
query,1,128,17,0,0.579103
query,1,128,18,0,0.67752
query,1,128,19,0.6,0.290958
query,1,128,20,0,0.732522
query,1,128,21,0,0.668049
query,1,128,22,0,0.755078
query,1,128,23,0,0.423366
query,1,128,24,0,0.690959
query,1,128,25,0.2,0.574903
query,1,128,26,0.1,0.396715
query,1,128,27,0.4,0.583622
query,1,128,28,0.3,0.579493
query,1,128,29,0.1,0.677836
query,1,128,30,0,0.57586
query,1,128,31,0,0.692895
query,1,128,32,0.5,0.505214
query,1,128,33,1,0.502805
query,1,128,34,0.5,0.5197
query,1,128,35,0.2,0.385921
query,1,128,36,0.1,0.644862
query,1,128,37,0,0.476385
query,1,128,38,0.2,0.494297
query,1,128,39,0.1,0.587097
query,1,128,40,0.2,0.598921
query,1,128,41,0,0.729078
query,1,128,42,0.1,0.51305
query,1,128,43,0.3,0.434717
query,1,128,44,0.7,0.470074
query,1,128,45,0,0.517894
query,1,128,46,0.2,0.627103
query,1,128,47,0,0.669355
query,1,128,48,0,0.643968
query,1,128,49,0,0.472228
query,1,128,50,0.1,0.446063
query,1,128,51,0.1,0.385684
query,1,128,52,0,0.553438
query,1,128,53,0.6,0.524356
query,1,128,54,0,0.45322
query,1,128,55,0,0.75472
query,1,128,56,0,0.56266
query,1,128,57,0,0.491777
query,1,128,58,0,0.703033
query,1,128,59,0,0.603355
query,1,128,60,0.3,0.468477
query,1,128,61,0.9,0.421866
query,1,128,62,0,0.695237
query,1,128,63,0.1,0.421835
query,1,128,64,0,1.082092
query,1,128,65,0.2,0.607
query,1,128,66,0.6,0.338815
query,1,128,67,0,0.501388
query,1,128,68,0.2,0.413267
query,1,128,69,0,0.856685
query,1,128,70,0.3,0.622042
query,1,128,71,0,0.634194
query,1,128,72,0,0.444448
query,1,128,73,0,0.389853
query,1,128,74,0.1,0.422267
query,1,128,75,0,0.560173
query,1,128,76,0.8,0.479393
query,1,128,77,0,0.657701
query,1,128,78,0.2,0.635509
query,1,128,79,0.1,0.597574
query,1,128,80,0.7,0.529175
query,1,128,81,0,0.588927
query,1,128,82,0.3,0.627158
query,1,128,83,0,0.515324
query,1,128,84,0.9,0.492708
query,1,128,85,0,0.446835
query,1,128,86,0.1,0.538187
query,1,128,87,0.7,0.451201
query,1,128,88,0,0.723774
query,1,128,89,0.4,0.53163
query,1,128,90,0.1,0.717224
query,1,128,91,0,0.586611
query,1,128,92,0,0.639332
query,1,128,93,0.5,0.542995
query,1,128,94,0,0.893696
query,1,128,95,0,0.671364
query,1,128,96,0.6,0.576208
query,1,128,97,0,0.796879
query,1,128,98,0,0.603815
query,1,128,99,0,0.574383
query,1,128,100,0.1,0.574216
query,1,128,101,0,0.682246
query,1,128,102,0.2,0.577087
query,1,128,103,0.7,0.514659
query,1,128,104,0,0.737232
query,1,128,105,0.1,0.558209
query,1,128,106,0.2,0.573853
query,1,128,107,0.1,0.488967
query,1,128,108,0.5,0.58722
query,1,128,109,0.7,0.407857
query,1,128,110,0.2,0.558542
query,1,128,111,0,0.537082
query,1,128,112,0,0.540141
query,1,128,113,0,0.744867
query,1,128,114,0.1,0.603387
query,1,128,115,0.2,0.587334
query,1,128,116,0.3,0.552924
query,1,128,117,0,0.656622
query,1,128,118,0,0.474539
query,1,128,119,0,0.746488
query,1,128,120,0.1,0.414102
query,1,128,121,0.1,0.527319
query,1,128,122,0.2,0.505525
query,1,128,123,0.2,0.577867
query,1,128,124,0,0.806615
query,1,128,125,0,1.014975
query,1,128,126,0.3,0.57489
query,1,128,127,0.1,0.639326
query,1,256,0,0.2,1.272231
query,1,256,1,0.3,1.089888
query,1,256,2,0,1.325001
query,1,256,3,0.1,1.179227
query,1,256,4,0.1,1.315566
query,1,256,5,0,1.660236
query,1,256,6,0,1.352386
query,1,256,7,0.2,1.337267
query,1,256,8,0,1.648879
query,1,256,9,0,1.197334
query,1,256,10,0,1.182453
query,1,256,11,0.2,1.367746
query,1,256,12,0,1.235479
query,1,256,13,0,1.249011
query,1,256,14,0,1.831574
query,1,256,15,0,1.30386
query,1,256,16,0,1.435415
query,1,256,17,0,1.377542
query,1,256,18,0,1.314123
query,1,256,19,0.6,0.475979
query,1,256,20,0,1.387763
query,1,256,21,0,1.238439
query,1,256,22,0,1.277465
query,1,256,23,0,0.742889
query,1,256,24,0,1.301206
query,1,256,25,0.2,1.059022
query,1,256,26,0.1,0.612319
query,1,256,27,0.4,1.06637
query,1,256,28,0.3,1.135881
query,1,256,29,0.1,1.221964
query,1,256,30,0,1.058858
query,1,256,31,0,1.312364
query,1,256,32,0.5,1.152231
query,1,256,33,1,0.847914
query,1,256,34,0.5,0.898661
query,1,256,35,0.2,0.706421
query,1,256,36,0.1,1.162983
query,1,256,37,0,0.803774
query,1,256,38,0.2,0.893355
query,1,256,39,0.1,1.091975
query,1,256,40,0.2,1.106856
query,1,256,41,0,1.211587
query,1,256,42,0.1,0.902664
query,1,256,43,0.3,0.714038
query,1,256,44,0.7,0.853905
query,1,256,45,0,0.869421
query,1,256,46,0.3,1.147439
query,1,256,47,0,1.104139
query,1,256,48,0,1.162952
query,1,256,49,0,0.887767
query,1,256,50,0.1,0.846536
query,1,256,51,0.1,0.621863
query,1,256,52,0,1.057776
query,1,256,53,0.6,0.930621
query,1,256,54,0,0.820954
query,1,256,55,0,1.433951
query,1,256,56,0,1.013965
query,1,256,57,0,0.992176
query,1,256,58,0,1.245521
query,1,256,59,0,1.098336
query,1,256,60,0.3,0.908636
query,1,256,61,0.9,0.720171
query,1,256,62,0,1.574388
query,1,256,63,0.1,0.710596
query,1,256,64,0,1.976134
query,1,256,65,0.2,0.966715
query,1,256,66,0.6,0.595734
query,1,256,67,0,0.889955
query,1,256,68,0.2,0.750497
query,1,256,69,0,1.566225
query,1,256,70,0.3,1.102333
query,1,256,71,0,1.262698
query,1,256,72,0,0.747239
query,1,256,73,0,0.67297
query,1,256,74,0.1,0.631733
query,1,256,75,0,1.00783
query,1,256,76,0.8,0.797555
query,1,256,77,0,1.122597
query,1,256,78,0.2,1.186331
query,1,256,79,0.1,1.007542
query,1,256,80,0.7,0.913143
query,1,256,81,0,0.944801
query,1,256,82,0.3,1.08376
query,1,256,83,0,0.873817
query,1,256,84,0.9,0.816281
query,1,256,85,0,0.784627
query,1,256,86,0.1,0.944495
query,1,256,87,0.7,0.822727
query,1,256,88,0,1.398933
query,1,256,89,0.4,0.906736
query,1,256,90,0.1,1.411362
query,1,256,91,0,1.100391
query,1,256,92,0,1.083011
query,1,256,93,0.5,0.949398
query,1,256,94,0,1.781219
query,1,256,95,0,1.192388
query,1,256,96,0.6,1.007764
query,1,256,97,0,1.456018
query,1,256,98,0,1.05016
query,1,256,99,0,0.970579
query,1,256,100,0.1,1.034006
query,1,256,101,0,1.302249
query,1,256,102,0.2,1.04109
query,1,256,103,0.7,0.865832
query,1,256,104,0,1.265598
query,1,256,105,0.1,0.945973
query,1,256,106,0.2,1.02314
query,1,256,107,0.1,0.785821
query,1,256,108,0.5,0.983044
query,1,256,109,0.7,0.684847
query,1,256,110,0.2,0.962409
query,1,256,111,0,1.332102
query,1,256,112,0,0.88218
query,1,256,113,0,1.301944
query,1,256,114,0.2,1.055415
query,1,256,115,0.2,1.047744
query,1,256,116,0.3,0.960375
query,1,256,117,0,1.197691
query,1,256,118,0,1.14396
query,1,256,119,0,1.221621
query,1,256,120,0.1,0.675894
query,1,256,121,0.1,0.91121
query,1,256,122,0.2,0.871748
query,1,256,123,0.2,1.016509
query,1,256,124,0,1.272246
query,1,256,125,0,1.637819
query,1,256,126,0.3,1.018035
query,1,256,127,0.1,1.140596
query,1,512,0,0.2,2.221001
query,1,512,1,0.3,1.9178
query,1,512,2,0,2.17897
query,1,512,3,0.1,2.154908
query,1,512,4,0.1,2.310508
query,1,512,5,0,2.813213
query,1,512,6,0,2.90824
query,1,512,7,0.2,2.610695
query,1,512,8,0,3.384869
query,1,512,9,0,2.219832
query,1,512,10,0,2.327791
query,1,512,11,0.2,2.319759
query,1,512,12,0,2.150371
query,1,512,13,0,2.302525
query,1,512,14,0,3.287255
query,1,512,15,0,2.387389
query,1,512,16,0,2.82917
query,1,512,17,0,1.968733
query,1,512,18,0,1.999341
query,1,512,19,0.6,0.758581
query,1,512,20,0,2.345081
query,1,512,21,0,2.069429
query,1,512,22,0,2.13692
query,1,512,23,0,1.264684
query,1,512,24,0,2.081649
query,1,512,25,0.2,1.708989
query,1,512,26,0.1,0.965649
query,1,512,27,0.4,1.729949
query,1,512,28,0.3,1.864881
query,1,512,29,0.1,2.022649
query,1,512,30,0,1.740219
query,1,512,31,0,1.913912
query,1,512,32,0.5,1.288955
query,1,512,33,1,1.363513
query,1,512,34,0.5,1.404783
query,1,512,35,0.2,1.249791
query,1,512,36,0.1,2.146621
query,1,512,37,0,1.381492
query,1,512,38,0.2,1.677635
query,1,512,39,0.1,1.834919
query,1,512,40,0.2,1.82248
query,1,512,41,0,2.039355
query,1,512,42,0.1,1.546705
query,1,512,43,0.3,1.175166
query,1,512,44,0.7,1.444737
query,1,512,45,0,1.681963
query,1,512,46,0.3,2.103126
query,1,512,47,0,1.820592
query,1,512,48,0,2.170726
query,1,512,49,0,1.775651
query,1,512,50,0.1,1.679452
query,1,512,51,0.1,1.16721
query,1,512,52,0,1.989852
query,1,512,53,0.6,1.817343
query,1,512,54,0,1.505346
query,1,512,55,0,2.82703
query,1,512,56,0,1.883966
query,1,512,57,0,2.185614
query,1,512,58,0,2.24428
query,1,512,59,0,2.124928
query,1,512,60,0.3,1.704166
query,1,512,61,0.9,1.300492
query,1,512,62,0,2.871106
query,1,512,63,0.1,1.270216
query,1,512,64,0,3.407077
query,1,512,65,0.2,1.906649
query,1,512,66,0.6,1.258011
query,1,512,67,0,1.553917
query,1,512,68,0.2,1.502514
query,1,512,69,0,3.077277
query,1,512,70,0.3,2.070058
query,1,512,71,0,2.514185
query,1,512,72,0,1.432553
query,1,512,73,0,1.306362
query,1,512,74,0.1,1.128491
query,1,512,75,0,1.891717
query,1,512,76,0.8,1.433921
query,1,512,77,0,2.240567
query,1,512,78,0.2,2.175386
query,1,512,79,0.1,1.831387
query,1,512,80,0.7,1.71808
query,1,512,81,0,1.779823
query,1,512,82,0.3,1.968473
query,1,512,83,0,1.618726
query,1,512,84,0.9,1.457428
query,1,512,85,0,1.921683
query,1,512,86,0.1,1.792157
query,1,512,87,0.7,1.603585
query,1,512,88,0,2.768671
query,1,512,89,0.4,1.679901
query,1,512,90,0.1,2.644003
query,1,512,91,0,2.248873
query,1,512,92,0,2.064648
query,1,512,93,0.5,1.789734
query,1,512,94,0,3.097715
query,1,512,95,0,2.153796
query,1,512,96,0.6,1.804607
query,1,512,97,0,2.915323
query,1,512,98,0,1.926994
query,1,512,99,0,1.69352
query,1,512,100,0.1,1.802475
query,1,512,101,0,2.384304
query,1,512,102,0.2,1.825552
query,1,512,103,0.7,1.588207
query,1,512,104,0,2.353293
query,1,512,105,0.1,1.690645
query,1,512,106,0.2,1.804387
query,1,512,107,0.1,1.403826
query,1,512,108,0.5,1.723023
query,1,512,109,0.7,1.269751
query,1,512,110,0.2,1.700523
query,1,512,111,0,2.815023
query,1,512,112,0,1.558051
query,1,512,113,0,2.494976
query,1,512,114,0.2,1.9486
query,1,512,115,0.2,1.999014
query,1,512,116,0.3,1.746514
query,1,512,117,0,2.381699
query,1,512,118,0,2.620582
query,1,512,119,0,2.441389
query,1,512,120,0.1,1.26783
query,1,512,121,0.1,1.791642
query,1,512,122,0.2,1.601674
query,1,512,123,0.2,1.940268
query,1,512,124,0,2.463394
query,1,512,125,0,2.832861
query,1,512,126,0.3,2.026002
query,1,512,127,0.1,2.226854
insert,2,27010.698177
query,2,64,0,0.2,0.443926
query,2,64,1,0.5,0.478763
query,2,64,2,0,0.615312
query,2,64,3,0.3,0.508678
query,2,64,4,0.1,0.433589
query,2,64,5,0,0.662694
query,2,64,6,0,0.457919
query,2,64,7,0.2,0.52506
query,2,64,8,0,0.662483
query,2,64,9,0.1,0.579351
query,2,64,10,0,0.51954
query,2,64,11,0.2,0.550946
query,2,64,12,0,0.573511
query,2,64,13,0,0.486349
query,2,64,14,0,0.530798
query,2,64,15,0,0.413466
query,2,64,16,0,0.517077
query,2,64,17,0,0.445996
query,2,64,18,0.2,0.520456
query,2,64,19,0.7,0.34933
query,2,64,20,0,0.609238
query,2,64,21,0,0.518662
query,2,64,22,0,0.504188
query,2,64,23,0,0.368093
query,2,64,24,0.4,0.515426
query,2,64,25,0.2,0.501527
query,2,64,26,0.3,0.406029
query,2,64,27,0.6,0.461087
query,2,64,28,0.5,0.428561
query,2,64,29,0.1,0.484145
query,2,64,30,0.1,0.468855
query,2,64,31,0,0.456823
query,2,64,32,0.6,0.458698
query,2,64,33,1,0.410054
query,2,64,34,0.5,0.429401
query,2,64,35,0.2,0.385497
query,2,64,36,0.1,0.466762
query,2,64,37,0,0.401664
query,2,64,38,0.2,0.389976
query,2,64,39,0.1,0.518329
query,2,64,40,0.3,0.466015
query,2,64,41,0,0.411115
query,2,64,42,0.4,0.419804
query,2,64,43,0.4,0.381589
query,2,64,44,0.7,0.375791
query,2,64,45,0,0.411784
query,2,64,46,0.5,0.49805
query,2,64,47,0,0.557104
query,2,64,48,0,0.493719
query,2,64,49,0,0.343024
query,2,64,50,0.6,0.347949
query,2,64,51,0.2,0.334556
query,2,64,52,0,0.422808
query,2,64,53,0.8,0.417079
query,2,64,54,0,0.340521
query,2,64,55,0.1,0.505453
query,2,64,56,0,0.486745
query,2,64,57,0,0.539682
query,2,64,58,0,0.469005
query,2,64,59,0,0.508213
query,2,64,60,0.5,0.339735
query,2,64,61,0.9,0.379756
query,2,64,62,0,0.476491
query,2,64,63,0.2,0.366533
query,2,64,64,0,0.620429
query,2,64,65,0.2,0.451005
query,2,64,66,0.9,0.243555
query,2,64,67,0,0.420788
query,2,64,68,0.3,0.336165
query,2,64,69,0,0.497551
query,2,64,70,0.6,0.474042
query,2,64,71,0,0.409058
query,2,64,72,0,0.326799
query,2,64,73,0,0.314609
query,2,64,74,0.3,0.381581
query,2,64,75,0,0.506171
query,2,64,76,0.9,0.405514
query,2,64,77,0,0.547263
query,2,64,78,0.2,0.440711
query,2,64,79,0.2,0.482576
query,2,64,80,0.7,0.430906
query,2,64,81,0,0.437095
query,2,64,82,0.4,0.488286
query,2,64,83,0,0.383208
query,2,64,84,0.9,0.410755
query,2,64,85,0,0.432443
query,2,64,86,0.1,0.416868
query,2,64,87,0.7,0.329728
query,2,64,88,0,0.448391
query,2,64,89,0.6,0.434432
query,2,64,90,0.3,0.462068
query,2,64,91,0,0.379396
query,2,64,92,0,0.421115
query,2,64,93,0.7,0.416214
query,2,64,94,0,0.519645
query,2,64,95,0,0.464729
query,2,64,96,0.9,0.455465
query,2,64,97,0,0.425182
query,2,64,98,0.1,0.506976
query,2,64,99,0,0.424563
query,2,64,100,0.1,0.452015
query,2,64,101,0,0.478845
query,2,64,102,0.4,0.467877
query,2,64,103,0.9,0.440738
query,2,64,104,0,0.548171
query,2,64,105,0.3,0.46143
query,2,64,106,0.3,0.423093
query,2,64,107,0.4,0.42335
query,2,64,108,0.5,0.400881
query,2,64,109,0.7,0.379607
query,2,64,110,0.3,0.448209
query,2,64,111,0,0.362952
query,2,64,112,0,0.453006
query,2,64,113,0.1,0.479427
query,2,64,114,0.2,0.535248
query,2,64,115,0.3,0.526188
query,2,64,116,0.4,0.476501
query,2,64,117,0,0.564401
query,2,64,118,0,0.308976
query,2,64,119,0,0.68625
query,2,64,120,0.1,0.325811
query,2,64,121,0.3,0.384919
query,2,64,122,0.3,0.459549
query,2,64,123,0.5,0.510112
query,2,64,124,0,0.431816
query,2,64,125,0,0.540276
query,2,64,126,0.4,0.403867
query,2,64,127,0.1,0.476127
query,2,128,0,0.2,0.781377
query,2,128,1,0.5,0.681023
query,2,128,2,0,0.792965
query,2,128,3,0.4,0.807351
query,2,128,4,0.1,0.738172
query,2,128,5,0,0.879921
query,2,128,6,0,0.713959
query,2,128,7,0.3,0.814744
query,2,128,8,0,0.974547
query,2,128,9,0.1,0.807006
query,2,128,10,0,0.742232
query,2,128,11,0.2,0.794155
query,2,128,12,0,0.739839
query,2,128,13,0,0.741185
query,2,128,14,0,0.724374
query,2,128,15,0,0.684127
query,2,128,16,0,0.787553
query,2,128,17,0,0.664237
query,2,128,18,0.2,0.846872
query,2,128,19,0.8,0.450271
query,2,128,20,0,0.827735
query,2,128,21,0,0.746107
query,2,128,22,0,0.71616
query,2,128,23,0,0.494152
query,2,128,24,0.4,0.817096
query,2,128,25,0.2,0.746406
query,2,128,26,0.3,0.51413
query,2,128,27,0.6,0.749873
query,2,128,28,0.5,0.689482
query,2,128,29,0.2,0.771253
query,2,128,30,0.1,0.716478
query,2,128,31,0,0.754798
query,2,128,32,0.6,0.699781
query,2,128,33,1,0.667782
query,2,128,34,0.5,0.668906
query,2,128,35,0.3,0.531664
query,2,128,36,0.1,0.756387
query,2,128,37,0,0.646108
query,2,128,38,0.2,0.59612
query,2,128,39,0.1,0.781253
query,2,128,40,0.3,0.719895
query,2,128,41,0.1,0.740736
query,2,128,42,0.4,0.641996
query,2,128,43,0.4,0.554737
query,2,128,44,0.7,0.600535
query,2,128,45,0,0.59964
query,2,128,46,0.5,0.811457
query,2,128,47,0,0.844155
query,2,128,48,0,0.824738
query,2,128,49,0,0.519501
query,2,128,50,0.6,0.568051
query,2,128,51,0.2,0.478788
query,2,128,52,0,0.65418
query,2,128,53,0.9,0.675955
query,2,128,54,0,0.553112
query,2,128,55,0.1,0.852705
query,2,128,56,0,0.706187
query,2,128,57,0,0.77992
query,2,128,58,0,0.809561
query,2,128,59,0,0.859213
query,2,128,60,0.5,0.523601
query,2,128,61,0.9,0.578737
query,2,128,62,0,0.791923
query,2,128,63,0.2,0.563389
query,2,128,64,0,1.200099
query,2,128,65,0.2,0.728614
query,2,128,66,0.9,0.403841
query,2,128,67,0,0.615794
query,2,128,68,0.3,0.508736
query,2,128,69,0,0.836827
query,2,128,70,0.6,0.844611
query,2,128,71,0,0.751961
query,2,128,72,0,0.527467
query,2,128,73,0,0.498765
query,2,128,74,0.3,0.535538
query,2,128,75,0,0.761108
query,2,128,76,0.9,0.654084
query,2,128,77,0,0.820106
query,2,128,78,0.2,0.780865
query,2,128,79,0.2,0.757793
query,2,128,80,0.8,0.697297
query,2,128,81,0,0.685022
query,2,128,82,0.4,0.800693
query,2,128,83,0,0.657312
query,2,128,84,1,0.679166
query,2,128,85,0,0.617731
query,2,128,86,0.1,0.67851
query,2,128,87,0.7,0.545696
query,2,128,88,0,0.797393
query,2,128,89,0.6,0.702371
query,2,128,90,0.3,0.784331
query,2,128,91,0,0.669106
query,2,128,92,0.1,0.723266
query,2,128,93,0.7,0.691931
query,2,128,94,0,0.937052
query,2,128,95,0,0.792029
query,2,128,96,0.9,0.751761
query,2,128,97,0,0.760444
query,2,128,98,0.1,0.813985
query,2,128,99,0,0.699118
query,2,128,100,0.1,0.767668
query,2,128,101,0,0.842983
query,2,128,102,0.4,0.748467
query,2,128,103,0.9,0.69307
query,2,128,104,0,0.891938
query,2,128,105,0.3,0.710619
query,2,128,106,0.3,0.691934
query,2,128,107,0.4,0.579747
query,2,128,108,0.5,0.642574
query,2,128,109,0.7,0.609
query,2,128,110,0.3,0.724612
query,2,128,111,0,0.608976
query,2,128,112,0,0.697586
query,2,128,113,0.1,0.850238
query,2,128,114,0.2,0.820733
query,2,128,115,0.3,0.814611
query,2,128,116,0.5,0.761057
query,2,128,117,0,0.847902
query,2,128,118,0,0.543627
query,2,128,119,0,0.966991
query,2,128,120,0.1,0.551799
query,2,128,121,0.3,0.642211
query,2,128,122,0.3,0.681194
query,2,128,123,0.5,0.783469
query,2,128,124,0,0.690594
query,2,128,125,0,1.085042
query,2,128,126,0.5,0.721227
query,2,128,127,0.1,0.861031
query,2,256,0,0.2,1.311851
query,2,256,1,0.5,1.154223
query,2,256,2,0,1.299624
query,2,256,3,0.5,1.355033
query,2,256,4,0.1,1.253291
query,2,256,5,0,1.51668
query,2,256,6,0,1.318333
query,2,256,7,0.3,1.461811
query,2,256,8,0,1.943399
query,2,256,9,0.1,1.357289
query,2,256,10,0,1.234792
query,2,256,11,0.2,1.357214
query,2,256,12,0,1.192191
query,2,256,13,0,1.241419
query,2,256,14,0,1.345772
query,2,256,15,0,1.284429
query,2,256,16,0,1.49813
query,2,256,17,0,1.104557
query,2,256,18,0.2,1.389367
query,2,256,19,0.8,0.634212
query,2,256,20,0,1.369558
query,2,256,21,0,1.280141
query,2,256,22,0,1.183664
query,2,256,23,0,0.810777
query,2,256,24,0.4,1.336772
query,2,256,25,0.2,1.241347
query,2,256,26,0.3,0.715747
query,2,256,27,0.6,1.187632
query,2,256,28,0.5,1.218382
query,2,256,29,0.2,1.348827
query,2,256,30,0.1,1.160692
query,2,256,31,0,1.279007
query,2,256,32,0.6,1.084737
query,2,256,33,1,1.060136
query,2,256,34,0.6,1.103592
query,2,256,35,0.3,0.850594
query,2,256,36,0.1,1.25496
query,2,256,37,0,1.008795
query,2,256,38,0.2,1.007672
query,2,256,39,0.1,1.303862
query,2,256,40,0.3,1.327899
query,2,256,41,0.1,1.319756
query,2,256,42,0.4,1.067568
query,2,256,43,0.4,0.901535
query,2,256,44,0.7,1.009931
query,2,256,45,0,0.988163
query,2,256,46,0.5,1.423285
query,2,256,47,0,1.305766
query,2,256,48,0,1.382118
query,2,256,49,0,0.958206
query,2,256,50,0.6,1.01499
query,2,256,51,0.2,0.742383
query,2,256,52,0,1.160289
query,2,256,53,0.9,1.117662
query,2,256,54,0,0.942319
query,2,256,55,0.1,1.556969
query,2,256,56,0,1.174741
query,2,256,57,0,1.337372
query,2,256,58,0,1.448405
query,2,256,59,0,1.362985
query,2,256,60,0.5,0.985432
query,2,256,61,0.9,1.009075
query,2,256,62,0,1.853495
query,2,256,63,0.2,0.947557
query,2,256,64,0,2.075476
query,2,256,65,0.3,1.276382
query,2,256,66,0.9,0.685085
query,2,256,67,0,1.024127
query,2,256,68,0.3,0.890173
query,2,256,69,0,1.791917
query,2,256,70,0.6,1.496396
query,2,256,71,0,1.34128
query,2,256,72,0,0.857668
query,2,256,73,0,0.841475
query,2,256,74,0.3,0.781196
query,2,256,75,0,1.352736
query,2,256,76,0.9,1.079579
query,2,256,77,0,1.377854
query,2,256,78,0.2,1.416831
query,2,256,79,0.2,1.302005
query,2,256,80,0.8,1.214171
query,2,256,81,0,1.143358
query,2,256,82,0.5,1.350216
query,2,256,83,0,1.105317
query,2,256,84,1,1.148319
query,2,256,85,0,1.004496
query,2,256,86,0.1,1.199277
query,2,256,87,0.7,0.988647
query,2,256,88,0,1.500036
query,2,256,89,0.6,1.233647
query,2,256,90,0.3,1.599111
query,2,256,91,0,1.260788
query,2,256,92,0.1,1.340248
query,2,256,93,0.7,1.271157
query,2,256,94,0,1.94941
query,2,256,95,0,1.403862
query,2,256,96,0.9,1.325202
query,2,256,97,0,1.597754
query,2,256,98,0.1,1.396456
query,2,256,99,0,1.153726
query,2,256,100,0.1,1.383178
query,2,256,101,0,1.481797
query,2,256,102,0.4,1.319978
query,2,256,103,0.9,1.160845
query,2,256,104,0,1.562892
query,2,256,105,0.3,1.275138
query,2,256,106,0.3,1.296009
query,2,256,107,0.4,0.965151
query,2,256,108,0.5,1.18768
query,2,256,109,0.7,0.969574
query,2,256,110,0.3,1.272384
query,2,256,111,0,1.224349
query,2,256,112,0,1.147959
query,2,256,113,0.1,1.554432
query,2,256,114,0.2,1.407442
query,2,256,115,0.3,1.40855
query,2,256,116,0.5,1.258834
query,2,256,117,0,1.470622
query,2,256,118,0,1.242456
query,2,256,119,0,1.495015
query,2,256,120,0.1,0.891136
query,2,256,121,0.3,1.132875
query,2,256,122,0.3,1.03213
query,2,256,123,0.5,1.324377
query,2,256,124,0,1.29857
query,2,256,125,0,1.735758
query,2,256,126,0.5,1.2846
query,2,256,127,0.1,1.453158
query,2,512,0,0.2,2.276496
query,2,512,1,0.5,2.005744
query,2,512,2,0,2.142658
query,2,512,3,0.6,2.298086
query,2,512,4,0.1,2.240205
query,2,512,5,0,2.840732
query,2,512,6,0,2.61979
query,2,512,7,0.3,2.65739
query,2,512,8,0,3.030732
query,2,512,9,0.1,2.369576
query,2,512,10,0,2.218947
query,2,512,11,0.2,2.368299
query,2,512,12,0,2.104902
query,2,512,13,0,2.241421
query,2,512,14,0,2.904693
query,2,512,15,0,2.314342
query,2,512,16,0,2.760835
query,2,512,17,0,2.064925
query,2,512,18,0.2,2.34559
query,2,512,19,0.8,0.94366
query,2,512,20,0,2.50772
query,2,512,21,0,2.320947
query,2,512,22,0,2.16979
query,2,512,23,0,1.460445
query,2,512,24,0.4,2.57953
query,2,512,25,0.2,2.229676
query,2,512,26,0.3,1.08758
query,2,512,27,0.6,2.11496
query,2,512,28,0.5,2.248925
query,2,512,29,0.2,2.452811
query,2,512,30,0.1,2.058913
query,2,512,31,0,2.281004
query,2,512,32,0.6,1.732424
query,2,512,33,1,1.840651
query,2,512,34,0.6,1.828283
query,2,512,35,0.3,1.475355
query,2,512,36,0.1,2.265212
query,2,512,37,0,1.701858
query,2,512,38,0.2,1.902763
query,2,512,39,0.1,2.338712
query,2,512,40,0.3,2.201252
query,2,512,41,0.1,2.36254
query,2,512,42,0.4,1.908675
query,2,512,43,0.4,1.508672
query,2,512,44,0.7,1.80264
query,2,512,45,0,1.864655
query,2,512,46,0.5,2.632838
query,2,512,47,0,2.098081
query,2,512,48,0,2.488032
query,2,512,49,0,1.871424
query,2,512,50,0.6,1.939414
query,2,512,51,0.2,1.198246
query,2,512,52,0,2.107126
query,2,512,53,0.9,2.083064
query,2,512,54,0,1.703018
query,2,512,55,0.1,2.89796
query,2,512,56,0,2.198191
query,2,512,57,0,2.501634
query,2,512,58,0,2.683468
query,2,512,59,0,2.465453
query,2,512,60,0.5,1.92851
query,2,512,61,0.9,1.694629
query,2,512,62,0,3.078411
query,2,512,63,0.2,1.533195
query,2,512,64,0,3.516104
query,2,512,65,0.3,2.250712
query,2,512,66,0.9,1.261066
query,2,512,67,0,1.737108
query,2,512,68,0.3,1.589569
query,2,512,69,0,3.155854
query,2,512,70,0.6,2.553014
query,2,512,71,0,2.637575
query,2,512,72,0,1.592208
query,2,512,73,0,1.379605
query,2,512,74,0.3,1.205403
query,2,512,75,0,2.436158
query,2,512,76,0.9,1.815152
query,2,512,77,0,2.484645
query,2,512,78,0.2,2.691595
query,2,512,79,0.2,2.217073
query,2,512,80,0.8,2.118047
query,2,512,81,0,1.941844
query,2,512,82,0.5,2.313079
query,2,512,83,0,1.915347
query,2,512,84,1,1.880124
query,2,512,85,0,1.820711
query,2,512,86,0.1,2.170477
query,2,512,87,0.7,1.726799
query,2,512,88,0,2.820513
query,2,512,89,0.6,2.08082
query,2,512,90,0.3,2.795141
query,2,512,91,0,2.404315
query,2,512,92,0.1,2.292859
query,2,512,93,0.7,2.121685
query,2,512,94,0,3.191461
query,2,512,95,0,2.461885
query,2,512,96,0.9,2.242414
query,2,512,97,0,3.031404
query,2,512,98,0.1,2.396364
query,2,512,99,0,1.976205
query,2,512,100,0.1,2.364011
query,2,512,101,0,2.687115
query,2,512,102,0.4,2.291628
query,2,512,103,0.9,1.958909
query,2,512,104,0,2.709759
query,2,512,105,0.3,2.133885
query,2,512,106,0.3,2.204102
query,2,512,107,0.4,1.504402
query,2,512,108,0.5,2.000189
query,2,512,109,0.7,1.501889
query,2,512,110,0.3,2.082712
query,2,512,111,0,2.650633
query,2,512,112,0,1.796198
query,2,512,113,0.1,2.632583
query,2,512,114,0.2,2.263691
query,2,512,115,0.3,2.364775
query,2,512,116,0.5,2.135488
query,2,512,117,0,2.870679
query,2,512,118,0,2.735997
query,2,512,119,0,3.055405
query,2,512,120,0.1,1.497897
query,2,512,121,0.3,2.115318
query,2,512,122,0.3,1.818943
query,2,512,123,0.5,2.511017
query,2,512,124,0,2.572563
query,2,512,125,0,3.054562
query,2,512,126,0.5,2.381779
query,2,512,127,0.1,2.708282
insert,3,29733.421104
query,3,64,0,0.3,0.51908
query,3,64,1,0.6,0.443772
query,3,64,2,0,0.691857
query,3,64,3,0.5,0.528636
query,3,64,4,0.1,0.389113
query,3,64,5,0,0.624459
query,3,64,6,0,0.497444
query,3,64,7,0.2,0.542807
query,3,64,8,0,0.508652
query,3,64,9,0.1,0.494944
query,3,64,10,0,0.51977
query,3,64,11,0.3,0.533941
query,3,64,12,0,0.590488
query,3,64,13,0,0.544096
query,3,64,14,0,0.555597
query,3,64,15,0,0.397226
query,3,64,16,0,0.519285
query,3,64,17,0,0.430376
query,3,64,18,0.2,0.535677
query,3,64,19,0.8,0.337379
query,3,64,20,0,0.556676
query,3,64,21,0,0.618641
query,3,64,22,0,0.496741
query,3,64,23,0,0.373695
query,3,64,24,0.4,0.52039
query,3,64,25,0.2,0.448433
query,3,64,26,0.5,0.362463
query,3,64,27,0.5,0.441698
query,3,64,28,0.5,0.440077
query,3,64,29,0.1,0.494995
query,3,64,30,0.1,0.425898
query,3,64,31,0.1,0.496466
query,3,64,32,0.7,0.48563
query,3,64,33,1,0.458852
query,3,64,34,0.4,0.535759
query,3,64,35,0.5,0.455847
query,3,64,36,0.1,0.52273
query,3,64,37,0,0.480654
query,3,64,38,0.4,0.430171
query,3,64,39,0.1,0.547225
query,3,64,40,0.2,0.517672
query,3,64,41,0.2,0.53536
query,3,64,42,0.5,0.510626
query,3,64,43,0.6,0.394339
query,3,64,44,0.7,0.455752
query,3,64,45,0,0.446403
query,3,64,46,0.4,0.598282
query,3,64,47,0,0.61015
query,3,64,48,0.1,0.571166
query,3,64,49,0,0.340988
query,3,64,50,0.6,0.434936
query,3,64,51,0.3,0.368306
query,3,64,52,0.1,0.571698
query,3,64,53,1,0.459599
query,3,64,54,0,0.419071
query,3,64,55,0.3,0.516376
query,3,64,56,0,0.490616
query,3,64,57,0,0.410016
query,3,64,58,0,0.639274
query,3,64,59,0,0.507714
query,3,64,60,0.5,0.388703
query,3,64,61,0.9,0.424051
query,3,64,62,0,0.531688
query,3,64,63,0.2,0.406073
query,3,64,64,0,0.651254
query,3,64,65,0.4,0.51777
query,3,64,66,1,0.279196
query,3,64,67,0,0.491381
query,3,64,68,0.5,0.367371
query,3,64,69,0,0.744776
query,3,64,70,0.6,0.525791
query,3,64,71,0,0.421899
query,3,64,72,0,0.347318
query,3,64,73,0.1,0.362582
query,3,64,74,0.3,0.42687
query,3,64,75,0,0.496398
query,3,64,76,0.9,0.468307
query,3,64,77,0,0.551147
query,3,64,78,0.2,0.514936
query,3,64,79,0.5,0.530101
query,3,64,80,0.7,0.50281
query,3,64,81,0,0.4668
query,3,64,82,0.2,0.521913
query,3,64,83,0,0.438336
query,3,64,84,0.9,0.469192
query,3,64,85,0,0.410128
query,3,64,86,0.3,0.452674
query,3,64,87,0.9,0.359515
query,3,64,88,0,0.487643
query,3,64,89,0.8,0.50079
query,3,64,90,0.3,0.528475
query,3,64,91,0,0.53781
query,3,64,92,0.1,0.709859
query,3,64,93,0.8,0.417221
query,3,64,94,0,0.546705
query,3,64,95,0,0.475464
query,3,64,96,0.9,0.496988
query,3,64,97,0,0.543493
query,3,64,98,0.1,0.527325
query,3,64,99,0,0.489153
query,3,64,100,0.2,0.60563
query,3,64,101,0.1,0.57505
query,3,64,102,0.4,0.468086
query,3,64,103,0.9,0.44983
query,3,64,104,0,0.613462
query,3,64,105,0.3,0.468665
query,3,64,106,0.5,0.443941
query,3,64,107,0.4,0.43504
query,3,64,108,0.6,0.47699
query,3,64,109,0.7,0.414119
query,3,64,110,0.6,0.567159
query,3,64,111,0,0.400075
query,3,64,112,0,0.501605
query,3,64,113,0.1,0.56091
query,3,64,114,0.2,0.864512
query,3,64,115,0.3,0.540071
query,3,64,116,0.4,0.544115
query,3,64,117,0,0.593758
query,3,64,118,0,0.32145
query,3,64,119,0,0.569359
query,3,64,120,0.1,0.360089
query,3,64,121,0.3,0.441874
query,3,64,122,0.4,0.437073
query,3,64,123,0.4,0.578396
query,3,64,124,0,0.727267
query,3,64,125,0,0.56838
query,3,64,126,0.6,0.472577
query,3,64,127,0.1,0.494414
query,3,128,0,0.3,0.913504
query,3,128,1,0.6,0.813446
query,3,128,2,0,0.934676
query,3,128,3,0.6,0.909597
query,3,128,4,0.1,0.749215
query,3,128,5,0,0.950943
query,3,128,6,0,0.791288
query,3,128,7,0.3,0.96878
query,3,128,8,0,0.837797
query,3,128,9,0.2,0.843278
query,3,128,10,0,0.797198
query,3,128,11,0.3,0.898322
query,3,128,12,0,0.845424
query,3,128,13,0,0.898573
query,3,128,14,0,0.827702
query,3,128,15,0,0.693858
query,3,128,16,0,0.896775
query,3,128,17,0,0.70236
query,3,128,18,0.2,0.943419
query,3,128,19,0.9,0.471638
query,3,128,20,0,0.93731
query,3,128,21,0,0.915532
query,3,128,22,0,0.786893
query,3,128,23,0,0.556658
query,3,128,24,0.4,0.88503
query,3,128,25,0.2,0.813817
query,3,128,26,0.5,0.49687
query,3,128,27,0.7,0.782576
query,3,128,28,0.5,0.756521
query,3,128,29,0.1,0.845491
query,3,128,30,0.1,0.745966
query,3,128,31,0.1,0.864094
query,3,128,32,0.7,0.764865
query,3,128,33,1,0.732839
query,3,128,34,0.4,0.768906
query,3,128,35,0.5,0.592762
query,3,128,36,0.1,0.844969
query,3,128,37,0,0.71578
query,3,128,38,0.4,0.655901
query,3,128,39,0.1,0.850239
query,3,128,40,0.4,0.827933
query,3,128,41,0.3,0.85891
query,3,128,42,0.5,0.690861
query,3,128,43,0.6,0.594234
query,3,128,44,0.7,0.675397
query,3,128,45,0,0.641977
query,3,128,46,0.5,0.891617
query,3,128,47,0,0.83105
query,3,128,48,0.1,0.872951
query,3,128,49,0,0.512553
query,3,128,50,0.6,0.61362
query,3,128,51,0.3,0.534067
query,3,128,52,0.1,0.832546
query,3,128,53,1,0.700112
query,3,128,54,0,0.606611
query,3,128,55,0.3,0.859713
query,3,128,56,0,0.714016
query,3,128,57,0,0.627669
query,3,128,58,0,0.96066
query,3,128,59,0,0.826212
query,3,128,60,0.5,0.602633
query,3,128,61,0.9,0.66195
query,3,128,62,0,0.864733
query,3,128,63,0.2,0.617523
query,3,128,64,0,1.230663
query,3,128,65,0.4,0.811252
query,3,128,66,1,0.39114
query,3,128,67,0,0.661783
query,3,128,68,0.5,0.554695
query,3,128,69,0,1.11334
query,3,128,70,0.7,0.901609
query,3,128,71,0,0.727064
query,3,128,72,0,0.538837
query,3,128,73,0.1,0.54099
query,3,128,74,0.3,0.59152
query,3,128,75,0,0.787963
query,3,128,76,0.9,0.706112
query,3,128,77,0,0.776813
query,3,128,78,0.2,0.841179
query,3,128,79,0.5,0.845188
query,3,128,80,0.9,0.759516
query,3,128,81,0,0.713505
query,3,128,82,0.5,0.848288
query,3,128,83,0,0.688016
query,3,128,84,1,0.769426
query,3,128,85,0,0.593513
query,3,128,86,0.3,0.712169
query,3,128,87,0.9,0.587885
query,3,128,88,0,0.812741
query,3,128,89,0.8,0.730544
query,3,128,90,0.3,0.847909
query,3,128,91,0,0.789289
query,3,128,92,0.1,0.846694
query,3,128,93,0.8,0.691223
query,3,128,94,0,0.971957
query,3,128,95,0,0.838678
query,3,128,96,0.9,0.819579
query,3,128,97,0,0.86345
query,3,128,98,0.1,0.851785
query,3,128,99,0,0.714222
query,3,128,100,0.2,0.823165
query,3,128,101,0.1,0.914271
query,3,128,102,0.4,0.788621
query,3,128,103,0.9,0.710709
query,3,128,104,0,0.938418
query,3,128,105,0.3,0.809192
query,3,128,106,0.5,0.724058
query,3,128,107,0.4,0.650204
query,3,128,108,0.6,0.741321
query,3,128,109,0.7,0.611786
query,3,128,110,0.6,0.828444
query,3,128,111,0,0.628627
query,3,128,112,0,0.71538
query,3,128,113,0.1,0.913329
query,3,128,114,0.4,1.219157
query,3,128,115,0.3,0.871125
query,3,128,116,0.4,0.837034
query,3,128,117,0,0.856458
query,3,128,118,0,0.54429
query,3,128,119,0,0.908536
query,3,128,120,0.1,0.540572
query,3,128,121,0.3,0.667159
query,3,128,122,0.4,0.642422
query,3,128,123,0.5,0.878118
query,3,128,124,0,0.980656
query,3,128,125,0,1.082046
query,3,128,126,0.6,0.762683
query,3,128,127,0.1,0.866607
query,3,256,0,0.3,1.545419
query,3,256,1,0.6,1.215592
query,3,256,2,0,1.470902
query,3,256,3,0.7,1.491197
query,3,256,4,0.1,1.28763
query,3,256,5,0,1.653089
query,3,256,6,0,1.384984
query,3,256,7,0.3,1.593735
query,3,256,8,0,1.37784
query,3,256,9,0.2,1.397843
query,3,256,10,0,1.298891
query,3,256,11,0.3,1.475677
query,3,256,12,0,1.307675
query,3,256,13,0,1.412869
query,3,256,14,0,1.395871
query,3,256,15,0,1.312196
query,3,256,16,0,1.544501
query,3,256,17,0,1.163179
query,3,256,18,0.2,1.522489
query,3,256,19,0.9,0.65708
query,3,256,20,0,1.418656
query,3,256,21,0,1.43541
query,3,256,22,0,1.2901
query,3,256,23,0,0.88059
query,3,256,24,0.4,1.462365
query,3,256,25,0.2,1.259218
query,3,256,26,0.5,0.695722
query,3,256,27,0.7,1.305162
query,3,256,28,0.5,1.281019
query,3,256,29,0.2,1.49034
query,3,256,30,0.1,1.206636
query,3,256,31,0.1,1.447121
query,3,256,32,0.7,1.192506
query,3,256,33,1,1.165876
query,3,256,34,0.6,1.297794
query,3,256,35,0.5,0.895433
query,3,256,36,0.1,1.428439
query,3,256,37,0,1.162037
query,3,256,38,0.4,1.100699
query,3,256,39,0.1,1.444895
query,3,256,40,0.4,1.421491
query,3,256,41,0.3,1.454261
query,3,256,42,0.5,1.141302
query,3,256,43,0.6,0.966296
query,3,256,44,0.7,1.12967
query,3,256,45,0,1.026096
query,3,256,46,0.5,1.550014
query,3,256,47,0,1.311944
query,3,256,48,0.1,1.444977
query,3,256,49,0,0.920872
query,3,256,50,0.6,1.112534
query,3,256,51,0.3,0.808309
query,3,256,52,0.1,1.281742
query,3,256,53,1,1.194056
query,3,256,54,0,1.028198
query,3,256,55,0.3,1.55076
query,3,256,56,0,1.282623
query,3,256,57,0,1.242694
query,3,256,58,0,1.686823
query,3,256,59,0,1.45171
query,3,256,60,0.5,0.99799
query,3,256,61,0.9,1.11099
query,3,256,62,0,1.576702
query,3,256,63,0.2,1.074905
query,3,256,64,0,2.187654
query,3,256,65,0.4,1.515544
query,3,256,66,1,0.683646
query,3,256,67,0,1.096781
query,3,256,68,0.5,0.95425
query,3,256,69,0,1.765146
query,3,256,70,0.7,1.657439
query,3,256,71,0,1.390829
query,3,256,72,0,0.920463
query,3,256,73,0.1,0.921264
query,3,256,74,0.3,0.873902
query,3,256,75,0,1.480812
query,3,256,76,0.9,1.210701
query,3,256,77,0,1.407653
query,3,256,78,0.2,1.60289
query,3,256,79,0.5,1.457079
query,3,256,80,0.9,1.380626
query,3,256,81,0,1.227995
query,3,256,82,0.6,1.489854
query,3,256,83,0,1.178919
query,3,256,84,1,1.310783
query,3,256,85,0,0.968043
query,3,256,86,0.3,1.24535
query,3,256,87,0.9,1.017317
query,3,256,88,0,1.549343
query,3,256,89,0.8,1.323597
query,3,256,90,0.3,1.537756
query,3,256,91,0,1.418823
query,3,256,92,0.1,1.47213
query,3,256,93,0.8,1.244538
query,3,256,94,0,1.978557
query,3,256,95,0,2.106717
query,3,256,96,0.9,2.095999
query,3,256,97,0,2.695327
query,3,256,98,0.1,1.752324
query,3,256,99,0,1.418889
query,3,256,100,0.2,2.200495
query,3,256,101,0.1,1.736555
query,3,256,102,0.5,2.261761
query,3,256,103,0.9,1.257298
query,3,256,104,0,2.485894
query,3,256,105,0.3,1.520321
query,3,256,106,0.6,1.451812
query,3,256,107,0.4,1.092245
query,3,256,108,0.6,1.370698
query,3,256,109,0.7,1.084798
query,3,256,110,0.6,1.482828
query,3,256,111,0,1.17568
query,3,256,112,0,1.275491
query,3,256,113,0.1,1.742033
query,3,256,114,0.4,2.003873
query,3,256,115,0.3,1.626415
query,3,256,116,0.4,1.482971
query,3,256,117,0,1.638547
query,3,256,118,0,1.292594
query,3,256,119,0,1.658108
query,3,256,120,0.1,0.938434
query,3,256,121,0.3,1.248705
query,3,256,122,0.4,1.09749
query,3,256,123,0.6,1.609809
query,3,256,124,0,1.531109
query,3,256,125,0,1.847818
query,3,256,126,0.6,1.424538
query,3,256,127,0.1,1.589323
query,3,512,0,0.3,2.771595
query,3,512,1,0.6,2.269268
query,3,512,2,0,2.580307
query,3,512,3,0.7,2.830058
query,3,512,4,0.1,2.457412
query,3,512,5,0,3.264176
query,3,512,6,0,2.695332
query,3,512,7,0.3,3.073874
query,3,512,8,0,2.792674
query,3,512,9,0.2,2.692242
query,3,512,10,0,2.450857
query,3,512,11,0.3,2.818803
query,3,512,12,0,2.347323
query,3,512,13,0,2.637224
query,3,512,14,0,3.085701
query,3,512,15,0,2.630367
query,3,512,16,0,3.060193
query,3,512,17,0,2.358491
query,3,512,18,0.2,2.768721
query,3,512,19,0.9,1.041905
query,3,512,20,0,2.814011
query,3,512,21,0,2.72793
query,3,512,22,0,2.37435
query,3,512,23,0,1.625211
query,3,512,24,0.4,2.719762
query,3,512,25,0.2,2.387797
query,3,512,26,0.5,1.116051
query,3,512,27,0.7,2.440961
query,3,512,28,0.5,2.525673
query,3,512,29,0.2,2.78229
query,3,512,30,0.1,2.258446
query,3,512,31,0.1,2.68911
query,3,512,32,0.7,2.017318
query,3,512,33,1,2.150541
query,3,512,34,0.6,2.266685
query,3,512,35,0.5,1.701707
query,3,512,36,0.1,2.642481
query,3,512,37,0,2.02126
query,3,512,38,0.4,2.076055
query,3,512,39,0.1,2.711377
query,3,512,40,0.4,2.639606
query,3,512,41,0.3,2.740189
query,3,512,42,0.5,2.167558
query,3,512,43,0.6,1.732088
query,3,512,44,0.7,2.103913
query,3,512,45,0,1.957653
query,3,512,46,0.5,2.953441
query,3,512,47,0,2.187098
query,3,512,48,0.1,2.653082
query,3,512,49,0,1.848279
query,3,512,50,0.6,2.164355
query,3,512,51,0.3,1.339547
query,3,512,52,0.1,2.386515
query,3,512,53,1,2.285147
query,3,512,54,0,1.868762
query,3,512,55,0.3,3.006844
query,3,512,56,0,2.489865
query,3,512,57,0,2.601597
query,3,512,58,0,2.999259
query,3,512,59,0,2.722456
query,3,512,60,0.5,1.985622
query,3,512,61,0.9,1.917161
query,3,512,62,0,3.168418
query,3,512,63,0.2,1.65672
query,3,512,64,0,3.57345
query,3,512,65,0.4,2.566679
query,3,512,66,1,1.204635
query,3,512,67,0,1.813099
query,3,512,68,0.5,1.669423
query,3,512,69,0,3.271488
query,3,512,70,0.7,2.893709
query,3,512,71,0,2.603583
query,3,512,72,0,1.962748
query,3,512,73,0.1,1.47286
query,3,512,74,0.3,1.280479
query,3,512,75,0,2.635619
query,3,512,76,0.9,1.999053
query,3,512,77,0,2.633181
query,3,512,78,0.2,2.845895
query,3,512,79,0.5,2.521842
query,3,512,80,0.9,2.444584
query,3,512,81,0,2.079817
query,3,512,82,0.6,2.622484
query,3,512,83,0,2.176371
query,3,512,84,1,2.193316
query,3,512,85,0,1.776386
query,3,512,86,0.3,2.283539
query,3,512,87,0.9,1.88487
query,3,512,88,0,2.996833
query,3,512,89,0.8,2.405716
query,3,512,90,0.3,2.985182
query,3,512,91,0,2.71962
query,3,512,92,0.1,2.63596
query,3,512,93,0.8,2.258191
query,3,512,94,0,3.515764
query,3,512,95,0,2.694803
query,3,512,96,0.9,2.539387
query,3,512,97,0,3.172061
query,3,512,98,0.1,2.617391
query,3,512,99,0,2.074766
query,3,512,100,0.2,2.572122
query,3,512,101,0.1,2.819789
query,3,512,102,0.5,2.637394
query,3,512,103,0.9,2.024999
query,3,512,104,0,2.92759
query,3,512,105,0.3,2.396504
query,3,512,106,0.6,2.397753
query,3,512,107,0.4,1.722875
query,3,512,108,0.6,2.354957
query,3,512,109,0.7,1.688232
query,3,512,110,0.6,2.40468
query,3,512,111,0,2.643232
query,3,512,112,0,1.896308
query,3,512,113,0.1,2.903338
query,3,512,114,0.4,3.035758
query,3,512,115,0.3,2.70665
query,3,512,116,0.5,2.374132
query,3,512,117,0,2.858313
query,3,512,118,0,2.823311
query,3,512,119,0,2.859693
query,3,512,120,0.1,1.548117
query,3,512,121,0.3,2.220367
query,3,512,122,0.4,1.811478
query,3,512,123,0.6,2.616298
query,3,512,124,0,2.691994
query,3,512,125,0,2.981813
query,3,512,126,0.6,2.526668
query,3,512,127,0.1,2.804365
insert,4,31398.815718
query,4,64,0,0.3,0.523191
query,4,64,1,0.7,0.483885
query,4,64,2,0,0.675984
query,4,64,3,0.6,0.495666
query,4,64,4,0.1,0.453196
query,4,64,5,0,0.565052
query,4,64,6,0,0.65313
query,4,64,7,0.1,0.511224
query,4,64,8,0,0.500337
query,4,64,9,0.1,0.532497
query,4,64,10,0,0.45573
query,4,64,11,0.3,0.698089
query,4,64,12,0,0.600735
query,4,64,13,0,0.537674
query,4,64,14,0,0.55467
query,4,64,15,0,0.418645
query,4,64,16,0,0.50441
query,4,64,17,0,0.384153
query,4,64,18,0.2,0.537239
query,4,64,19,1,0.384148
query,4,64,20,0,0.679128
query,4,64,21,0,0.565087
query,4,64,22,0,0.695434
query,4,64,23,0,0.380517
query,4,64,24,0.5,0.526928
query,4,64,25,0.2,0.47812
query,4,64,26,0.5,0.369266
query,4,64,27,0.8,0.505815
query,4,64,28,0.6,0.451162
query,4,64,29,0.1,0.495167
query,4,64,30,0.1,0.458785
query,4,64,31,0.1,0.564852
query,4,64,32,0.7,0.452678
query,4,64,33,1,0.445605
query,4,64,34,0.5,0.543654
query,4,64,35,0.4,0.370204
query,4,64,36,0.2,0.561782
query,4,64,37,0,0.451646
query,4,64,38,0.5,0.409201
query,4,64,39,0.3,0.50858
query,4,64,40,0.2,0.480876
query,4,64,41,0.2,0.644741
query,4,64,42,0.5,0.429088
query,4,64,43,0.7,0.348063
query,4,64,44,0.7,0.442186
query,4,64,45,0,0.40369
query,4,64,46,0.4,0.637298
query,4,64,47,0,0.533091
query,4,64,48,0.2,0.532129
query,4,64,49,0,0.317239
query,4,64,50,0.6,0.389725
query,4,64,51,0.3,0.356374
query,4,64,52,0.1,0.44457
query,4,64,53,1,0.454084
query,4,64,54,0.1,0.383849
query,4,64,55,0.2,0.512788
query,4,64,56,0,0.482099
query,4,64,57,0,0.413203
query,4,64,58,0,0.495701
query,4,64,59,0,0.530652
query,4,64,60,0.5,0.346751
query,4,64,61,0.9,0.435062
query,4,64,62,0,0.606757
query,4,64,63,0.2,0.397281
query,4,64,64,0,0.623519
query,4,64,65,0.4,0.517119
query,4,64,66,1,0.302337
query,4,64,67,0,0.452592
query,4,64,68,0.6,0.395937
query,4,64,69,0,0.753546
query,4,64,70,0.8,0.52181
query,4,64,71,0,0.412741
query,4,64,72,0,0.325943
query,4,64,73,0.1,0.342361
query,4,64,74,0.3,0.412222
query,4,64,75,0,0.462416
query,4,64,76,0.8,0.479648
query,4,64,77,0,0.464103
query,4,64,78,0.3,0.545972
query,4,64,79,0.5,0.519363
query,4,64,80,0.9,0.440889
query,4,64,81,0,0.441454
query,4,64,82,0.2,0.562117
query,4,64,83,0,0.429638
query,4,64,84,0.8,0.442402
query,4,64,85,0,0.394542
query,4,64,86,0.4,0.433956
query,4,64,87,0.9,0.326487
query,4,64,88,0,0.459804
query,4,64,89,0.9,0.471073
query,4,64,90,0.2,0.526513
query,4,64,91,0,0.475878
query,4,64,92,0,0.535384
query,4,64,93,0.8,0.381577
query,4,64,94,0,0.520011
query,4,64,95,0,0.449328
query,4,64,96,0.9,0.493418
query,4,64,97,0,0.440893
query,4,64,98,0.1,0.552685
query,4,64,99,0,0.470938
query,4,64,100,0.2,0.533133
query,4,64,101,0.1,0.608407
query,4,64,102,0.5,0.451346
query,4,64,103,0.9,0.482943
query,4,64,104,0,0.559375
query,4,64,105,0.4,0.52086
query,4,64,106,0.6,0.423687
query,4,64,107,0.5,0.475823
query,4,64,108,0.6,0.432488
query,4,64,109,0.7,0.375349
query,4,64,110,0.7,0.566693
query,4,64,111,0,0.37612
query,4,64,112,0,0.442076
query,4,64,113,0.1,0.562873
query,4,64,114,0.4,0.533671
query,4,64,115,0.2,0.534569
query,4,64,116,0.3,0.491046
query,4,64,117,0,0.570741
query,4,64,118,0,0.303764
query,4,64,119,0,0.684879
query,4,64,120,0.1,0.325084
query,4,64,121,0.4,0.45581
query,4,64,122,0.4,0.555685
query,4,64,123,0.6,0.511245
query,4,64,124,0,0.690234
query,4,64,125,0,0.539953
query,4,64,126,0.5,0.424011
query,4,64,127,0.1,0.586828
query,4,128,0,0.3,0.914085
query,4,128,1,0.8,0.77953
query,4,128,2,0,0.90901
query,4,128,3,0.6,0.860276
query,4,128,4,0.1,0.771197
query,4,128,5,0,0.950351
query,4,128,6,0,1.206676
query,4,128,7,0.3,0.961206
query,4,128,8,0,0.85271
query,4,128,9,0.2,0.861723
query,4,128,10,0,0.694212
query,4,128,11,0.4,0.890045
query,4,128,12,0,0.961293
query,4,128,13,0,1.18609
query,4,128,14,0,0.820075
query,4,128,15,0,0.682148
query,4,128,16,0,0.857507
query,4,128,17,0,0.661162
query,4,128,18,0.2,0.940944
query,4,128,19,1,0.515025
query,4,128,20,0,0.923638
query,4,128,21,0,0.901781
query,4,128,22,0,1.020954
query,4,128,23,0,0.53355
query,4,128,24,0.5,0.881114
query,4,128,25,0.2,0.820808
query,4,128,26,0.5,0.514601
query,4,128,27,0.8,0.823268
query,4,128,28,0.6,0.771892
query,4,128,29,0.1,0.864935
query,4,128,30,0.1,0.787272
query,4,128,31,0.1,0.907192
query,4,128,32,0.7,0.745975
query,4,128,33,1,0.752768
query,4,128,34,0.6,0.805371
query,4,128,35,0.4,0.562252
query,4,128,36,0.2,0.921018
query,4,128,37,0,0.704907
query,4,128,38,0.5,0.699246
query,4,128,39,0.3,0.860595
query,4,128,40,0.4,0.851155
query,4,128,41,0.4,0.941317
query,4,128,42,0.5,0.746984
query,4,128,43,0.7,0.604673
query,4,128,44,0.7,0.702214
query,4,128,45,0,0.634665
query,4,128,46,0.4,0.96381
query,4,128,47,0,0.817108
query,4,128,48,0.2,0.903859
query,4,128,49,0,0.508469
query,4,128,50,0.6,0.626517
query,4,128,51,0.3,0.536993
query,4,128,52,0.1,0.726704
query,4,128,53,1,0.751073
query,4,128,54,0.1,0.636811
query,4,128,55,0.3,0.9127
query,4,128,56,0,0.770654
query,4,128,57,0,0.692582
query,4,128,58,0,0.903616
query,4,128,59,0,0.901119
query,4,128,60,0.5,0.569764
query,4,128,61,0.9,0.70168
query,4,128,62,0,1.056162
query,4,128,63,0.2,0.678071
query,4,128,64,0,1.229815
query,4,128,65,0.4,0.852811
query,4,128,66,1,0.45209
query,4,128,67,0,0.669338
query,4,128,68,0.6,0.603723
query,4,128,69,0,1.111537
query,4,128,70,0.8,0.973138
query,4,128,71,0,0.722138
query,4,128,72,0,0.555803
query,4,128,73,0.1,0.55938
query,4,128,74,0.3,0.636144
query,4,128,75,0,0.832721
query,4,128,76,0.9,0.775535
query,4,128,77,0,0.722224
query,4,128,78,0.3,0.924192
query,4,128,79,0.5,0.880074
query,4,128,80,0.9,0.804002
query,4,128,81,0,0.736104
query,4,128,82,0.5,0.933171
query,4,128,83,0,0.721382
query,4,128,84,1,0.786837
query,4,128,85,0,0.608601
query,4,128,86,0.4,0.724382
query,4,128,87,0.9,0.550337
query,4,128,88,0,0.805388
query,4,128,89,0.9,0.788014
query,4,128,90,0.2,0.913503
query,4,128,91,0,0.763048
query,4,128,92,0,0.806942
query,4,128,93,0.8,0.690454
query,4,128,94,0,0.976552
query,4,128,95,0,0.789427
query,4,128,96,0.9,0.851315
query,4,128,97,0,0.838868
query,4,128,98,0.1,0.90435
query,4,128,99,0,0.765825
query,4,128,100,0.2,0.906507
query,4,128,101,0.1,0.981699
query,4,128,102,0.6,0.847722
query,4,128,103,0.9,0.771531
query,4,128,104,0,0.961891
query,4,128,105,0.4,0.869186
query,4,128,106,0.7,0.767285
query,4,128,107,0.5,0.737317
query,4,128,108,0.6,0.750498
query,4,128,109,0.7,0.660339
query,4,128,110,0.7,0.886992
query,4,128,111,0,0.62692
query,4,128,112,0,0.708055
query,4,128,113,0.1,0.996146
query,4,128,114,0.5,0.943887
query,4,128,115,0.3,0.956266
query,4,128,116,0.4,0.842777
query,4,128,117,0,0.902253
query,4,128,118,0,0.550888
query,4,128,119,0,1.038677
query,4,128,120,0.1,0.522791
query,4,128,121,0.4,0.708999
query,4,128,122,0.4,0.83783
query,4,128,123,0.6,0.869223
query,4,128,124,0,1.004586
query,4,128,125,0,1.082142
query,4,128,126,0.5,0.7629
query,4,128,127,0.1,0.871035
query,4,256,0,0.3,1.576312
query,4,256,1,0.8,1.293469
query,4,256,2,0,1.545855
query,4,256,3,0.7,1.575637
query,4,256,4,0.1,1.395323
query,4,256,5,0,1.732869
query,4,256,6,0,1.800446
query,4,256,7,0.3,1.699308
query,4,256,8,0,1.483387
query,4,256,9,0.2,1.549399
query,4,256,10,0,1.245034
query,4,256,11,0.4,1.650471
query,4,256,12,0,1.395175
query,4,256,13,0,1.597253
query,4,256,14,0,1.474356
query,4,256,15,0,1.365846
query,4,256,16,0,1.666558
query,4,256,17,0,1.227621
query,4,256,18,0.2,1.675771
query,4,256,19,1,0.767869
query,4,256,20,0,1.645759
query,4,256,21,0,1.615034
query,4,256,22,0,1.610935
query,4,256,23,0,0.9498
query,4,256,24,0.5,1.600896
query,4,256,25,0.2,1.402465
query,4,256,26,0.5,0.781853
query,4,256,27,0.8,1.472217
query,4,256,28,0.6,1.403703
query,4,256,29,0.2,1.649133
query,4,256,30,0.1,1.359945
query,4,256,31,0.1,1.568961
query,4,256,32,0.7,1.24861
query,4,256,33,1,1.295423
query,4,256,34,0.7,1.416124
query,4,256,35,0.6,1.013447
query,4,256,36,0.2,1.631658
query,4,256,37,0,1.211556
query,4,256,38,0.5,1.185769
query,4,256,39,0.3,1.657293
query,4,256,40,0.4,1.601296
query,4,256,41,0.4,1.65897
query,4,256,42,0.5,1.313257
query,4,256,43,0.7,1.034947
query,4,256,44,0.7,1.248519
query,4,256,45,0,1.055775
query,4,256,46,0.5,1.80728
query,4,256,47,0,1.369937
query,4,256,48,0.2,1.60942
query,4,256,49,0,0.921976
query,4,256,50,0.6,1.219468
query,4,256,51,0.3,0.950115
query,4,256,52,0.1,1.720699
query,4,256,53,1,1.372069
query,4,256,54,0.1,1.053359
query,4,256,55,0.3,1.692067
query,4,256,56,0,1.445797
query,4,256,57,0,1.377178
query,4,256,58,0,1.826634
query,4,256,59,0,1.62331
query,4,256,60,0.5,0.994234
query,4,256,61,0.9,1.309229
query,4,256,62,0,1.808193
query,4,256,63,0.2,1.100734
query,4,256,64,0,2.24778
query,4,256,65,0.4,1.565289
query,4,256,66,1,0.749641
query,4,256,67,0,1.090908
query,4,256,68,0.6,1.008919
query,4,256,69,0,1.802376
query,4,256,70,0.8,1.744572
query,4,256,71,0,1.368442
query,4,256,72,0,0.918975
query,4,256,73,0.1,0.967813
query,4,256,74,0.3,0.927752
query,4,256,75,0,1.418245
query,4,256,76,0.9,1.276756
query,4,256,77,0,1.364125
query,4,256,78,0.3,1.632919
query,4,256,79,0.5,1.490526
query,4,256,80,0.9,1.435612
query,4,256,81,0,1.268063
query,4,256,82,0.6,1.651756
query,4,256,83,0,1.237095
query,4,256,84,1,1.389639
query,4,256,85,0,0.98761
query,4,256,86,0.4,1.325446
query,4,256,87,0.9,1.003533
query,4,256,88,0,1.54965
query,4,256,89,0.9,1.449755
query,4,256,90,0.3,1.57996
query,4,256,91,0,1.434176
query,4,256,92,0.1,1.463259
query,4,256,93,0.8,1.230627
query,4,256,94,0,2.010494
query,4,256,95,0,1.481347
query,4,256,96,0.9,1.462536
query,4,256,97,0,1.660084
query,4,256,98,0.1,1.586538
query,4,256,99,0,1.30572
query,4,256,100,0.2,1.567013
query,4,256,101,0.1,1.710178
query,4,256,102,0.6,1.483463
query,4,256,103,0.9,1.246435
query,4,256,104,0,1.721441
query,4,256,105,0.4,1.483941
query,4,256,106,0.7,1.334346
query,4,256,107,0.5,1.161498
query,4,256,108,0.6,1.285789
query,4,256,109,0.7,1.035074
query,4,256,110,0.7,1.595435
query,4,256,111,0,1.087933
query,4,256,112,0,1.139133
query,4,256,113,0.1,1.649479
query,4,256,114,0.7,1.635929
query,4,256,115,0.3,1.610749
query,4,256,116,0.4,1.49984
query,4,256,117,0,1.666022
query,4,256,118,0,1.276695
query,4,256,119,0,1.723332
query,4,256,120,0.1,0.928453
query,4,256,121,0.4,1.223739
query,4,256,122,0.4,1.27228
query,4,256,123,0.6,1.588162
query,4,256,124,0,1.582465
query,4,256,125,0,1.765297
query,4,256,126,0.6,1.417903
query,4,256,127,0.1,1.588015
query,4,512,0,0.3,2.794671
query,4,512,1,0.8,2.245017
query,4,512,2,0,2.580594
query,4,512,3,0.7,2.811922
query,4,512,4,0.1,2.483678
query,4,512,5,0,3.217421
query,4,512,6,0,2.812995
query,4,512,7,0.3,3.067031
query,4,512,8,0,2.669039
query,4,512,9,0.2,2.736278
query,4,512,10,0,2.199094
query,4,512,11,0.4,2.814314
query,4,512,12,0,2.291633
query,4,512,13,0,2.728339
query,4,512,14,0,2.947745
query,4,512,15,0,2.577769
query,4,512,16,0,2.953091
query,4,512,17,0,2.252212
query,4,512,18,0.2,2.812815
query,4,512,19,1,1.124507
query,4,512,20,0,2.755742
query,4,512,21,0,2.835019
query,4,512,22,0,2.631837
query,4,512,23,0,1.652586
query,4,512,24,0.5,2.706945
query,4,512,25,0.2,2.439466
query,4,512,26,0.5,1.139803
query,4,512,27,0.8,2.530812
query,4,512,28,0.6,2.469898
query,4,512,29,0.2,2.891415
query,4,512,30,0.1,2.328274
query,4,512,31,0.1,2.757412
query,4,512,32,0.7,2.092452
query,4,512,33,1,2.218578
query,4,512,34,0.7,2.346782
query,4,512,35,0.6,1.679092
query,4,512,36,0.2,2.769341
query,4,512,37,0,1.951524
query,4,512,38,0.5,2.09401
query,4,512,39,0.3,2.793945
query,4,512,40,0.4,2.788472
query,4,512,41,0.4,2.874435
query,4,512,42,0.5,2.175624
query,4,512,43,0.7,1.7313
query,4,512,44,0.7,2.124753
query,4,512,45,0,1.969297
query,4,512,46,0.5,3.05563
query,4,512,47,0,2.127557
query,4,512,48,0.2,2.703693
query,4,512,49,0,1.726629
query,4,512,50,0.6,2.172643
query,4,512,51,0.3,1.32522
query,4,512,52,0.1,2.243005
query,4,512,53,1,2.300561
query,4,512,54,0.1,1.857685
query,4,512,55,0.3,3.058082
query,4,512,56,0,2.483777
query,4,512,57,0,2.585745
query,4,512,58,0,2.949332
query,4,512,59,0,2.650717
query,4,512,60,0.5,1.894416
query,4,512,61,0.9,2.014024
query,4,512,62,0,3.298935
query,4,512,63,0.2,1.75743
query,4,512,64,0,3.512558
query,4,512,65,0.4,2.656065
query,4,512,66,1,1.245313
query,4,512,67,0,1.819256
query,4,512,68,0.6,1.599598
query,4,512,69,0,3.21783
query,4,512,70,0.8,2.986365
query,4,512,71,0,2.556364
query,4,512,72,0,2.081594
query,4,512,73,0.1,1.536685
query,4,512,74,0.3,1.330254
query,4,512,75,0,2.631658
query,4,512,76,0.9,2.095705
query,4,512,77,0,2.589339
query,4,512,78,0.3,2.851193
query,4,512,79,0.5,2.604044
query,4,512,80,0.9,2.446497
query,4,512,81,0,2.090404
query,4,512,82,0.7,2.727916
query,4,512,83,0,2.2196
query,4,512,84,1,2.326702
query,4,512,85,0,1.700948
query,4,512,86,0.4,2.351629
query,4,512,87,0.9,1.876816
query,4,512,88,0,2.978814
query,4,512,89,0.9,2.574757
query,4,512,90,0.4,3.174222
query,4,512,91,0,2.825097
query,4,512,92,0.1,2.73533
query,4,512,93,0.8,2.411431
query,4,512,94,0,3.763616
query,4,512,95,0,2.857093
query,4,512,96,0.9,2.755446
query,4,512,97,0,3.258323
query,4,512,98,0.1,2.858372
query,4,512,99,0,2.261483
query,4,512,100,0.2,2.869221
query,4,512,101,0.1,3.140849
query,4,512,102,0.6,2.777102
query,4,512,103,0.9,2.234395
query,4,512,104,0,3.091128
query,4,512,105,0.4,2.70328
query,4,512,106,0.7,2.608123
query,4,512,107,0.5,1.901722
query,4,512,108,0.6,2.443452
query,4,512,109,0.7,1.781384
query,4,512,110,0.7,2.699807
query,4,512,111,0,2.482934
query,4,512,112,0,1.909053
query,4,512,113,0.1,3.116389
query,4,512,114,0.7,2.906242
query,4,512,115,0.4,2.932626
query,4,512,116,0.4,2.527179
query,4,512,117,0,3.119086
query,4,512,118,0,2.885575
query,4,512,119,0,3.128541
query,4,512,120,0.1,1.673652
query,4,512,121,0.4,2.347346
query,4,512,122,0.4,2.155802
query,4,512,123,0.6,2.856195
query,4,512,124,0,2.861048
query,4,512,125,0,3.034393
query,4,512,126,0.6,2.719328
query,4,512,127,0.1,2.95546
insert,5,32385.828944
query,5,64,0,0.3,0.529791
query,5,64,1,0.9,0.537943
query,5,64,2,0,0.674646
query,5,64,3,0.5,0.520642
query,5,64,4,0.1,0.489612
query,5,64,5,0,0.898484
query,5,64,6,0,0.484745
query,5,64,7,0.2,0.606972
query,5,64,8,0,0.529984
query,5,64,9,0.1,0.542546
query,5,64,10,0,0.493938
query,5,64,11,0.3,0.616144
query,5,64,12,0,0.590086
query,5,64,13,0,0.504733
query,5,64,14,0,0.555968
query,5,64,15,0.1,0.414383
query,5,64,16,0,0.534153
query,5,64,17,0,0.371862
query,5,64,18,0.2,0.576522
query,5,64,19,1,0.398293
query,5,64,20,0,0.484115
query,5,64,21,0,0.693854
query,5,64,22,0,0.739162
query,5,64,23,0,0.379302
query,5,64,24,0.3,0.573278
query,5,64,25,0.2,0.520221
query,5,64,26,0.5,0.467631
query,5,64,27,0.7,0.520117
query,5,64,28,0.7,0.461986
query,5,64,29,0.1,0.600769
query,5,64,30,0.3,0.496017
query,5,64,31,0.1,0.544809
query,5,64,32,0.8,0.468001
query,5,64,33,1,0.460208
query,5,64,34,0.6,0.566706
query,5,64,35,0.5,0.371422
query,5,64,36,0.2,0.553987
query,5,64,37,0,0.447293
query,5,64,38,0.8,0.430954
query,5,64,39,0.3,0.597601
query,5,64,40,0.4,0.602672
query,5,64,41,0.1,0.554781
query,5,64,42,0.5,0.436865
query,5,64,43,0.7,0.322107
query,5,64,44,0.7,0.463431
query,5,64,45,0,0.410967
query,5,64,46,0.5,0.578335
query,5,64,47,0,0.541852
query,5,64,48,0.2,0.556594
query,5,64,49,0,0.303389
query,5,64,50,0.6,0.464816
query,5,64,51,0.3,0.378149
query,5,64,52,0.2,0.424753
query,5,64,53,1,0.493079
query,5,64,54,0.1,0.381883
query,5,64,55,0.3,0.532393
query,5,64,56,0,0.503153
query,5,64,57,0,0.456833
query,5,64,58,0,0.568407
query,5,64,59,0,0.521495
query,5,64,60,0.5,0.357237
query,5,64,61,0.9,0.41965
query,5,64,62,0.1,0.5242
query,5,64,63,0.2,0.395133
query,5,64,64,0,0.62748
query,5,64,65,0.5,0.544509
query,5,64,66,1,0.296402
query,5,64,67,0,0.445174
query,5,64,68,0.6,0.461607
query,5,64,69,0.1,0.750315
query,5,64,70,0.7,0.561484
query,5,64,71,0,0.408379
query,5,64,72,0,0.335234
query,5,64,73,0.1,0.377082
query,5,64,74,0.4,0.401649
query,5,64,75,0,0.536631
query,5,64,76,0.9,0.434424
query,5,64,77,0,0.546942
query,5,64,78,0.4,0.545564
query,5,64,79,0.5,0.542562
query,5,64,80,0.7,0.462698
query,5,64,81,0,0.45386
query,5,64,82,0.4,0.575576
query,5,64,83,0,0.468062
query,5,64,84,0.9,0.480729
query,5,64,85,0,0.393586
query,5,64,86,0.4,0.435023
query,5,64,87,0.9,0.33708
query,5,64,88,0,0.4681
query,5,64,89,0.9,0.624371
query,5,64,90,0.3,0.527173
query,5,64,91,0,0.516329
query,5,64,92,0,0.467447
query,5,64,93,0.8,0.401176
query,5,64,94,0,0.517082
query,5,64,95,0,0.491632
query,5,64,96,0.9,0.523798
query,5,64,97,0,0.5325
query,5,64,98,0.2,0.654321
query,5,64,99,0,0.455097
query,5,64,100,0.3,0.527775
query,5,64,101,0.1,0.636727
query,5,64,102,0.6,0.505921
query,5,64,103,0.9,0.472361
query,5,64,104,0,0.56471
query,5,64,105,0.4,0.512326
query,5,64,106,0.7,0.418509
query,5,64,107,0.5,0.50303
query,5,64,108,0.7,0.383115
query,5,64,109,0.8,0.410224
query,5,64,110,0.7,0.571657
query,5,64,111,0,0.384924
query,5,64,112,0,0.493888
query,5,64,113,0.2,0.557161
query,5,64,114,0.7,0.673667
query,5,64,115,0.4,0.557252
query,5,64,116,0.4,0.5606
query,5,64,117,0,0.695777
query,5,64,118,0,0.309464
query,5,64,119,0,0.620861
query,5,64,120,0.1,0.33655
query,5,64,121,0.7,0.45043
query,5,64,122,0.4,0.466882
query,5,64,123,0.2,0.552358
query,5,64,124,0,0.707539
query,5,64,125,0,0.545971
query,5,64,126,0.5,0.427281
query,5,64,127,0.1,0.523812
query,5,128,0,0.4,0.910146
query,5,128,1,0.9,0.849853
query,5,128,2,0,0.943893
query,5,128,3,0.7,0.902794
query,5,128,4,0.1,0.792968
query,5,128,5,0,1.220857
query,5,128,6,0,0.790816
query,5,128,7,0.3,0.994752
query,5,128,8,0,0.875361
query,5,128,9,0.1,0.929083
query,5,128,10,0,0.70549
query,5,128,11,0.4,0.945959
query,5,128,12,0,0.837253
query,5,128,13,0,0.815022
query,5,128,14,0,0.855315
query,5,128,15,0.1,0.661082
query,5,128,16,0,0.860504
query,5,128,17,0,0.662706
query,5,128,18,0.2,0.961642
query,5,128,19,1,0.565045
query,5,128,20,0,0.890548
query,5,128,21,0,0.946895
query,5,128,22,0,1.030792
query,5,128,23,0,0.555317
query,5,128,24,0.5,0.95241
query,5,128,25,0.2,0.8413
query,5,128,26,0.5,0.673283
query,5,128,27,0.7,0.862543
query,5,128,28,0.7,0.75478
query,5,128,29,0.1,1.004655
query,5,128,30,0.3,0.82703
query,5,128,31,0.1,0.885011
query,5,128,32,0.8,0.803576
query,5,128,33,1,0.774901
query,5,128,34,0.6,0.913174
query,5,128,35,0.5,0.590873
query,5,128,36,0.2,0.91409
query,5,128,37,0,0.70836
query,5,128,38,0.8,0.743565
query,5,128,39,0.3,0.91458
query,5,128,40,0.4,0.906736
query,5,128,41,0.4,0.924732
query,5,128,42,0.5,0.754389
query,5,128,43,0.7,0.567518
query,5,128,44,0.7,0.734126
query,5,128,45,0,0.637662
query,5,128,46,0.5,0.966603
query,5,128,47,0,0.823909
query,5,128,48,0.2,0.917696
query,5,128,49,0,0.524641
query,5,128,50,0.6,0.706867
query,5,128,51,0.3,0.585945
query,5,128,52,0.2,0.71783
query,5,128,53,1,0.768179
query,5,128,54,0.1,0.60093
query,5,128,55,0.3,0.910797
query,5,128,56,0,0.781375
query,5,128,57,0,0.722765
query,5,128,58,0,0.969626
query,5,128,59,0,0.896927
query,5,128,60,0.5,0.612383
query,5,128,61,0.9,0.706906
query,5,128,62,0.1,0.96512
query,5,128,63,0.2,0.658327
query,5,128,64,0,1.230161
query,5,128,65,0.6,0.904098
query,5,128,66,1,0.439712
query,5,128,67,0,0.686157
query,5,128,68,0.6,0.669399
query,5,128,69,0.2,1.102061
query,5,128,70,0.7,1.025953
query,5,128,71,0,0.714034
query,5,128,72,0,0.544859
query,5,128,73,0.1,0.579181
query,5,128,74,0.4,0.604422
query,5,128,75,0,0.847666
query,5,128,76,0.9,0.729179
query,5,128,77,0,0.812694
query,5,128,78,0.4,0.940288
query,5,128,79,0.5,0.911234
query,5,128,80,0.9,0.821949
query,5,128,81,0,0.776475
query,5,128,82,0.5,0.983285
query,5,128,83,0,0.76043
query,5,128,84,1,0.815704
query,5,128,85,0,0.627507
query,5,128,86,0.4,0.743386
query,5,128,87,0.9,0.557241
query,5,128,88,0,0.831112
query,5,128,89,0.9,0.959388
query,5,128,90,0.4,0.971107
query,5,128,91,0,0.81865
query,5,128,92,0,0.87799
query,5,128,93,0.8,0.686335
query,5,128,94,0,0.975308
query,5,128,95,0,0.898939
query,5,128,96,0.9,0.860202
query,5,128,97,0,1.588593
query,5,128,98,0.2,1.011107
query,5,128,99,0,0.734099
query,5,128,100,0.3,0.966266
query,5,128,101,0.1,1.036595
query,5,128,102,0.6,0.870877
query,5,128,103,0.9,0.809368
query,5,128,104,0,1.002093
query,5,128,105,0.4,0.873857
query,5,128,106,0.7,0.753336
query,5,128,107,0.5,0.810013
query,5,128,108,0.7,0.681911
query,5,128,109,0.8,0.727904
query,5,128,110,0.7,0.97362
query,5,128,111,0,0.65361
query,5,128,112,0,0.806657
query,5,128,113,0.2,0.999863
query,5,128,114,0.8,0.942159
query,5,128,115,0.6,0.998149
query,5,128,116,0.5,0.928914
query,5,128,117,0,1.055937
query,5,128,118,0,0.554406
query,5,128,119,0,1.005231
query,5,128,120,0.1,0.534044
query,5,128,121,0.7,0.723528
query,5,128,122,0.4,0.747956
query,5,128,123,0.6,0.946582
query,5,128,124,0,1.014269
query,5,128,125,0,1.089939
query,5,128,126,0.6,0.772896
query,5,128,127,0.1,0.913946
query,5,256,0,0.4,1.606867
query,5,256,1,0.9,1.41497
query,5,256,2,0,1.601696
query,5,256,3,0.8,1.585084
query,5,256,4,0.1,1.455804
query,5,256,5,0,1.991678
query,5,256,6,0,1.429859
query,5,256,7,0.4,1.866662
query,5,256,8,0,1.509594
query,5,256,9,0.2,1.642547
query,5,256,10,0,1.19047
query,5,256,11,0.4,1.664728
query,5,256,12,0,1.358561
query,5,256,13,0,1.464038
query,5,256,14,0,1.48578
query,5,256,15,0.1,1.323051
query,5,256,16,0,1.602022
query,5,256,17,0,1.240355
query,5,256,18,0.2,1.695615
query,5,256,19,1,0.813257
query,5,256,20,0,1.563509
query,5,256,21,0,1.628479
query,5,256,22,0,1.653328
query,5,256,23,0,0.954001
query,5,256,24,0.5,1.636501
query,5,256,25,0.2,1.469297
query,5,256,26,0.5,0.968649
query,5,256,27,0.8,1.458994
query,5,256,28,0.7,1.410405
query,5,256,29,0.2,1.719953
query,5,256,30,0.3,1.394604
query,5,256,31,0.1,1.564688
query,5,256,32,0.8,1.308548
query,5,256,33,1,1.338402
query,5,256,34,0.8,1.514592
query,5,256,35,0.7,1.026184
query,5,256,36,0.2,1.527998
query,5,256,37,0,1.205351
query,5,256,38,0.8,1.177419
query,5,256,39,0.3,1.596558
query,5,256,40,0.4,1.561719
query,5,256,41,0.4,1.643387
query,5,256,42,0.5,1.286184
query,5,256,43,0.7,1.023521
query,5,256,44,0.7,1.24682
query,5,256,45,0,1.034958
query,5,256,46,0.5,1.790914
query,5,256,47,0,1.336544
query,5,256,48,0.2,1.6223
query,5,256,49,0,0.834752
query,5,256,50,0.6,1.2357
query,5,256,51,0.3,0.903756
query,5,256,52,0.2,1.250186
query,5,256,53,1,1.314464
query,5,256,54,0.1,1.020842
query,5,256,55,0.3,1.703056
query,5,256,56,0,1.404166
query,5,256,57,0,1.351776
query,5,256,58,0,2.112596
query,5,256,59,0,1.632246
query,5,256,60,0.5,1.030125
query,5,256,61,0.9,1.207201
query,5,256,62,0.1,1.708546
query,5,256,63,0.2,1.100838
query,5,256,64,0,2.254917
query,5,256,65,0.6,1.612592
query,5,256,66,1,0.727162
query,5,256,67,0,1.099995
query,5,256,68,0.6,1.054336
query,5,256,69,0.2,1.899431
query,5,256,70,0.7,1.840436
query,5,256,71,0,1.380881
query,5,256,72,0,0.952844
query,5,256,73,0.1,1.001111
query,5,256,74,0.4,0.893349
query,5,256,75,0,1.524216
query,5,256,76,0.9,1.228627
query,5,256,77,0,1.370972
query,5,256,78,0.4,1.721051
query,5,256,79,0.5,1.55653
query,5,256,80,0.9,1.438534
query,5,256,81,0,1.296148
query,5,256,82,0.7,1.672158
query,5,256,83,0,1.297699
query,5,256,84,1,1.477514
query,5,256,85,0,0.970717
query,5,256,86,0.4,1.348499
query,5,256,87,0.9,1.028737
query,5,256,88,0,1.582976
query,5,256,89,0.9,1.532356
query,5,256,90,0.5,1.720058
query,5,256,91,0,1.492838
query,5,256,92,0.1,1.572289
query,5,256,93,0.8,1.240761
query,5,256,94,0,2.045534
query,5,256,95,0,1.580458
query,5,256,96,0.9,1.517466
query,5,256,97,0,2.096644
query,5,256,98,0.2,1.718305
query,5,256,99,0,1.265278
query,5,256,100,0.3,1.590336
query,5,256,101,0.1,1.779072
query,5,256,102,0.6,1.629265
query,5,256,103,0.9,1.292055
query,5,256,104,0,1.756179
query,5,256,105,0.4,1.540907
query,5,256,106,0.7,1.392471
query,5,256,107,0.5,1.25182
query,5,256,108,0.7,1.251731
query,5,256,109,0.8,1.12456
query,5,256,110,0.7,1.621438
query,5,256,111,0,1.107128
query,5,256,112,0,1.249805
query,5,256,113,0.2,1.700164
query,5,256,114,0.8,1.701979
query,5,256,115,0.6,1.66296
query,5,256,116,0.5,1.591755
query,5,256,117,0,1.775126
query,5,256,118,0,1.299285
query,5,256,119,0,1.731119
query,5,256,120,0.1,0.979568
query,5,256,121,0.7,1.243149
query,5,256,122,0.4,1.237344
query,5,256,123,0.6,1.758551
query,5,256,124,0,1.615411
query,5,256,125,0,1.789497
query,5,256,126,0.6,1.437313
query,5,256,127,0.1,1.644413
query,5,512,0,0.4,2.928226
query,5,512,1,0.9,2.404444
query,5,512,2,0,2.732447
query,5,512,3,0.9,2.95132
query,5,512,4,0.1,2.606507
query,5,512,5,0,3.428379
query,5,512,6,0,2.607119
query,5,512,7,0.4,3.177906
query,5,512,8,0,2.696757
query,5,512,9,0.2,2.903039
query,5,512,10,0,2.219017
query,5,512,11,0.4,2.972749
query,5,512,12,0,2.367713
query,5,512,13,0,2.683575
query,5,512,14,0,2.85099
query,5,512,15,0.1,2.650202
query,5,512,16,0,2.988525
query,5,512,17,0,2.364883
query,5,512,18,0.2,2.958648
query,5,512,19,1,1.194676
query,5,512,20,0,2.743753
query,5,512,21,0,3.204945
query,5,512,22,0,2.810166
query,5,512,23,0,1.781454
query,5,512,24,0.5,2.878981
query,5,512,25,0.2,2.463849
query,5,512,26,0.5,1.42099
query,5,512,27,0.8,2.61866
query,5,512,28,0.7,2.522505
query,5,512,29,0.2,3.136328
query,5,512,30,0.3,2.50142
query,5,512,31,0.1,2.827428
query,5,512,32,0.8,2.14804
query,5,512,33,1,2.422878
query,5,512,34,0.8,2.632298
query,5,512,35,0.7,1.778609
query,5,512,36,0.2,2.845496
query,5,512,37,0,2.125203
query,5,512,38,0.8,2.168363
query,5,512,39,0.3,3.031219
query,5,512,40,0.4,2.900843
query,5,512,41,0.4,3.122776
query,5,512,42,0.5,2.338829
query,5,512,43,0.7,1.787766
query,5,512,44,0.7,2.206703
query,5,512,45,0,2.013137
query,5,512,46,0.6,3.282035
query,5,512,47,0,2.206872
query,5,512,48,0.2,2.924245
query,5,512,49,0,1.653754
query,5,512,50,0.6,2.336773
query,5,512,51,0.3,1.457576
query,5,512,52,0.2,2.347764
query,5,512,53,1,2.431614
query,5,512,54,0.1,1.925465
query,5,512,55,0.3,3.246473
query,5,512,56,0,2.738208
query,5,512,57,0,2.73608
query,5,512,58,0,3.268327
query,5,512,59,0,2.812081
query,5,512,60,0.5,1.962988
query,5,512,61,0.9,2.070833
query,5,512,62,0.1,3.599717
query,5,512,63,0.2,1.924239
query,5,512,64,0,3.745067
query,5,512,65,0.6,2.999487
query,5,512,66,1,1.268497
query,5,512,67,0,1.986554
query,5,512,68,0.6,1.78138
query,5,512,69,0.2,3.447837
query,5,512,70,0.8,3.351426
query,5,512,71,0,2.697763
query,5,512,72,0,2.257814
query,5,512,73,0.1,1.677597
query,5,512,74,0.4,1.412678
query,5,512,75,0,2.918747
query,5,512,76,0.9,2.258618
query,5,512,77,0,2.758423
query,5,512,78,0.4,3.234092
query,5,512,79,0.5,2.910027
query,5,512,80,0.9,2.738231
query,5,512,81,0,2.275862
query,5,512,82,0.8,3.052406
query,5,512,83,0,2.442334
query,5,512,84,1,2.830239
query,5,512,85,0,1.793719
query,5,512,86,0.4,2.551027
query,5,512,87,0.9,1.981358
query,5,512,88,0,3.101296
query,5,512,89,0.9,2.823546
query,5,512,90,0.6,3.226377
query,5,512,91,0,2.948569
query,5,512,92,0.1,2.948376
query,5,512,93,0.8,2.790428
query,5,512,94,0,4.074702
query,5,512,95,0,3.031201
query,5,512,96,0.9,2.932202
query,5,512,97,0,3.451441
query,5,512,98,0.2,3.087165
query,5,512,99,0,2.274018
query,5,512,100,0.3,2.961067
query,5,512,101,0.1,3.247775
query,5,512,102,0.6,2.924573
query,5,512,103,0.9,2.282939
query,5,512,104,0,3.177488
query,5,512,105,0.4,2.766653
query,5,512,106,0.7,2.63508
query,5,512,107,0.5,1.999041
query,5,512,108,0.7,2.489806
query,5,512,109,0.8,1.985237
query,5,512,110,0.7,2.90679
query,5,512,111,0,2.32574
query,5,512,112,0,2.13788
query,5,512,113,0.2,3.250894
query,5,512,114,0.8,3.06007
query,5,512,115,0.6,3.055643
query,5,512,116,0.5,2.778793
query,5,512,117,0,3.170833
query,5,512,118,0,2.900836
query,5,512,119,0,3.186942
query,5,512,120,0.1,1.733856
query,5,512,121,0.7,2.384628
query,5,512,122,0.4,2.118827
query,5,512,123,0.6,3.129236
query,5,512,124,0,2.927336
query,5,512,125,0,3.116617
query,5,512,126,0.6,2.717118
query,5,512,127,0.1,3.192514
