#protocol=freshdiskann-native-memory-v1
#dimension=100
#base=800000
#batch=40000
#rounds=5
#build_ms=79613.533478
insert,1,26549.278969
query,1,64,0,0,0.404527
query,1,64,1,0.3,0.359659
query,1,64,2,0,0.480682
query,1,64,3,0.3,0.405141
query,1,64,4,0,0.358477
query,1,64,5,0,0.636211
query,1,64,6,0,0.326088
query,1,64,7,0.1,0.38725
query,1,64,8,0,0.52848
query,1,64,9,0,0.409273
query,1,64,10,0,0.307502
query,1,64,11,0,0.396619
query,1,64,12,0,0.412982
query,1,64,13,0,0.429514
query,1,64,14,0,0.512602
query,1,64,15,0,0.320372
query,1,64,16,0,0.412143
query,1,64,17,0,0.283145
query,1,64,18,0.1,0.42024
query,1,64,19,0.4,0.219115
query,1,64,20,0,0.43719
query,1,64,21,0,0.439952
query,1,64,22,0,0.407573
query,1,64,23,0,0.283946
query,1,64,24,0.1,0.394847
query,1,64,25,0.2,0.363536
query,1,64,26,0.4,0.214723
query,1,64,27,0,0.342147
query,1,64,28,0,0.326146
query,1,64,29,0.2,0.376119
query,1,64,30,0.2,0.313796
query,1,64,31,0,0.396609
query,1,64,32,0.1,0.325571
query,1,64,33,0.6,0.331228
query,1,64,34,0.5,0.287964
query,1,64,35,0.3,0.26655
query,1,64,36,0.1,0.330681
query,1,64,37,0,0.34598
query,1,64,38,0.2,0.297193
query,1,64,39,0.2,0.368004
query,1,64,40,0,0.344677
query,1,64,41,0,0.530794
query,1,64,42,0.2,0.304859
query,1,64,43,0.2,0.278997
query,1,64,44,0.2,0.283145
query,1,64,45,0,0.370406
query,1,64,46,0,0.379874
query,1,64,47,0,0.395943
query,1,64,48,0.1,0.380975
query,1,64,49,0,0.254217
query,1,64,50,0.2,0.32609
query,1,64,51,0.1,0.218773
query,1,64,52,0,0.295577
query,1,64,53,0.5,0.352203
query,1,64,54,0,0.24281
query,1,64,55,0.1,0.383722
query,1,64,56,0,0.352334
query,1,64,57,0,0.306833
query,1,64,58,0,0.395836
query,1,64,59,0,0.36125
query,1,64,60,0.2,0.240893
query,1,64,61,0.4,0.286671
query,1,64,62,0,0.553845
query,1,64,63,0.1,0.268405
query,1,64,64,0,0.543199
query,1,64,65,0.2,0.341587
query,1,64,66,0.4,0.221473
query,1,64,67,0,0.335427
query,1,64,68,0.1,0.253677
query,1,64,69,0.1,0.588696
query,1,64,70,0.2,0.38158
query,1,64,71,0,0.347298
query,1,64,72,0,0.26854
query,1,64,73,0,0.285302
query,1,64,74,0.2,0.395276
query,1,64,75,0,0.359703
query,1,64,76,0.6,0.310406
query,1,64,77,0,0.424751
query,1,64,78,0.3,0.362328
query,1,64,79,0,0.380269
query,1,64,80,0.5,0.330894
query,1,64,81,0,0.313979
query,1,64,82,0.2,0.370067
query,1,64,83,0,0.299751
query,1,64,84,0.5,0.314455
query,1,64,85,0,0.442185
query,1,64,86,0.1,0.313409
query,1,64,87,0.4,0.275741
query,1,64,88,0,0.379436
query,1,64,89,0.1,0.347926
query,1,64,90,0,0.449209
query,1,64,91,0,0.469318
query,1,64,92,0,0.344683
query,1,64,93,0.5,0.336691
query,1,64,94,0,0.489284
query,1,64,95,0,0.397371
query,1,64,96,0.5,0.348737
query,1,64,97,0,0.331329
query,1,64,98,0.1,0.397008
query,1,64,99,0,0.346082
query,1,64,100,0.1,0.388512
query,1,64,101,0.1,0.458116
query,1,64,102,0.2,0.363746
query,1,64,103,0.3,0.308339
query,1,64,104,0,0.407705
query,1,64,105,0,0.346907
query,1,64,106,0.3,0.385058
query,1,64,107,0.1,0.339632
query,1,64,108,0.3,0.329752
query,1,64,109,0.4,0.28689
query,1,64,110,0.4,0.345462
query,1,64,111,0,0.277241
query,1,64,112,0,0.345276
query,1,64,113,0.1,0.35545
query,1,64,114,0.1,0.499405
query,1,64,115,0.2,0.379923
query,1,64,116,0.3,0.355363
query,1,64,117,0,0.364238
query,1,64,118,0,0.245621
query,1,64,119,0,0.412849
query,1,64,120,0,0.257508
query,1,64,121,0.1,0.33066
query,1,64,122,0,0.33092
query,1,64,123,0.2,0.322014
query,1,64,124,0,0.546928
query,1,64,125,0,0.472288
query,1,64,126,0.3,0.366682
query,1,64,127,0,0.399995
query,1,128,0,0,0.727158
query,1,128,1,0.3,0.666442
query,1,128,2,0,0.726025
query,1,128,3,0.3,0.744765
query,1,128,4,0,0.762522
query,1,128,5,0,0.893418
query,1,128,6,0,0.706769
query,1,128,7,0.1,0.799135
query,1,128,8,0,1.255186
query,1,128,9,0,0.743674
query,1,128,10,0,0.608292
query,1,128,11,0,0.748791
query,1,128,12,0,0.681782
query,1,128,13,0,0.823659
query,1,128,14,0,0.80884
query,1,128,15,0,0.656667
query,1,128,16,0,0.762204
query,1,128,17,0,0.555028
query,1,128,18,0.1,0.698936
query,1,128,19,0.4,0.326686
query,1,128,20,0,0.743043
query,1,128,21,0,0.75695
query,1,128,22,0,0.678693
query,1,128,23,0,0.453043
query,1,128,24,0.1,0.689187
query,1,128,25,0.2,0.680245
query,1,128,26,0.4,0.327491
query,1,128,27,0,0.653816
query,1,128,28,0,0.630203
query,1,128,29,0.2,0.77816
query,1,128,30,0.2,0.547438
query,1,128,31,0,0.685692
query,1,128,32,0.1,0.559118
query,1,128,33,0.6,0.601796
query,1,128,34,0.5,0.54292
query,1,128,35,0.3,0.460397
query,1,128,36,0.1,0.662465
query,1,128,37,0,0.652171
query,1,128,38,0.2,0.557689
query,1,128,39,0.2,0.67561
query,1,128,40,0,0.637037
query,1,128,41,0,0.800448
query,1,128,42,0.2,0.560305
query,1,128,43,0.2,0.502022
query,1,128,44,0.2,0.499814
query,1,128,45,0,0.577781
query,1,128,46,0,0.683568
query,1,128,47,0,0.65716
query,1,128,48,0.1,0.698297
query,1,128,49,0,0.470265
query,1,128,50,0.2,0.584774
query,1,128,51,0.1,0.360296
query,1,128,52,0,0.531017
query,1,128,53,0.5,0.636025
query,1,128,54,0,0.409935
query,1,128,55,0.1,0.780586
query,1,128,56,0,0.575341
query,1,128,57,0,0.519295
query,1,128,58,0,0.719059
query,1,128,59,0,0.62113
query,1,128,60,0.2,0.415819
query,1,128,61,0.4,0.497521
query,1,128,62,0,0.940812
query,1,128,63,0.1,0.460523
query,1,128,64,0,1.057835
query,1,128,65,0.2,0.637256
query,1,128,66,0.4,0.425162
query,1,128,67,0,0.550191
query,1,128,68,0.1,0.454963
query,1,128,69,0.1,0.910885
query,1,128,70,0.2,0.706812
query,1,128,71,0,0.63636
query,1,128,72,0,0.477348
query,1,128,73,0,0.510966
query,1,128,74,0.2,0.594038
query,1,128,75,0,0.690114
query,1,128,76,0.6,0.590749
query,1,128,77,0,0.672306
query,1,128,78,0.3,0.716399
query,1,128,79,0,0.645374
query,1,128,80,0.5,0.621573
query,1,128,81,0,0.556005
query,1,128,82,0.2,0.701872
query,1,128,83,0,0.584491
query,1,128,84,0.5,0.576324
query,1,128,85,0,0.635033
query,1,128,86,0.1,0.576227
query,1,128,87,0.4,0.495694
query,1,128,88,0,0.7256
query,1,128,89,0.1,0.633456
query,1,128,90,0.2,1.032354
query,1,128,91,0,0.746459
query,1,128,92,0,0.646207
query,1,128,93,0.5,0.636616
query,1,128,94,0,1.039831
query,1,128,95,0,0.720546
query,1,128,96,0.5,0.692291
query,1,128,97,0,0.796876
query,1,128,98,0.1,0.741591
query,1,128,99,0,0.665342
query,1,128,100,0.1,0.70798
query,1,128,101,0.1,0.851368
query,1,128,102,0.2,0.706163
query,1,128,103,0.3,0.603356
query,1,128,104,0,0.789352
query,1,128,105,0,0.67073
query,1,128,106,0.3,0.687576
query,1,128,107,0.1,0.60055
query,1,128,108,0.3,0.64848
query,1,128,109,0.4,0.526322
query,1,128,110,0.4,0.647624
query,1,128,111,0,0.608
query,1,128,112,0,0.627819
query,1,128,113,0.1,0.762499
query,1,128,114,0.2,0.809104
query,1,128,115,0.2,0.663836
query,1,128,116,0.3,0.69119
query,1,128,117,0,0.719228
query,1,128,118,0,0.470719
query,1,128,119,0,0.728224
query,1,128,120,0,0.422399
query,1,128,121,0.1,0.570345
query,1,128,122,0,0.555215
query,1,128,123,0.3,0.662774
query,1,128,124,0,0.828903
query,1,128,125,0,1.037761
query,1,128,126,0.3,0.676702
query,1,128,127,0,0.684605
query,1,256,0,0,1.321805
query,1,256,1,0.3,1.177303
query,1,256,2,0,1.249456
query,1,256,3,0.3,1.387782
query,1,256,4,0,1.284078
query,1,256,5,0,1.528136
query,1,256,6,0,1.405112
query,1,256,7,0.1,1.545833
query,1,256,8,0,1.66566
query,1,256,9,0,1.290998
query,1,256,10,0,1.067577
query,1,256,11,0,1.384031
query,1,256,12,0,1.16781
query,1,256,13,0,1.420882
query,1,256,14,0,1.43089
query,1,256,15,0,1.414011
query,1,256,16,0,1.458202
query,1,256,17,0,1.039848
query,1,256,18,0.1,1.278566
query,1,256,19,0.4,0.516398
query,1,256,20,0,1.379811
query,1,256,21,0,1.301558
query,1,256,22,0,1.208881
query,1,256,23,0,0.783045
query,1,256,24,0.1,1.263784
query,1,256,25,0.2,1.241172
query,1,256,26,0.4,0.534739
query,1,256,27,0,1.143272
query,1,256,28,0,1.168365
query,1,256,29,0.2,1.344057
query,1,256,30,0.2,0.994979
query,1,256,31,0,1.181913
query,1,256,32,0.1,0.968036
query,1,256,33,0.6,1.057682
query,1,256,34,0.5,0.993766
query,1,256,35,0.3,0.80478
query,1,256,36,0.1,1.292554
query,1,256,37,0,1.158724
query,1,256,38,0.2,1.081404
query,1,256,39,0.2,1.215033
query,1,256,40,0,1.235294
query,1,256,41,0,1.396361
query,1,256,42,0.2,0.974896
query,1,256,43,0.2,0.89569
query,1,256,44,0.2,0.958237
query,1,256,45,0,0.954295
query,1,256,46,0.1,1.292531
query,1,256,47,0,1.146761
query,1,256,48,0.1,1.224242
query,1,256,49,0,0.911938
query,1,256,50,0.2,1.151125
query,1,256,51,0.1,0.687154
query,1,256,52,0,1.028911
query,1,256,53,0.5,1.196493
query,1,256,54,0,0.74691
query,1,256,55,0.1,1.573423
query,1,256,56,0,1.041161
query,1,256,57,0,1.097758
query,1,256,58,0,1.373023
query,1,256,59,0,1.216847
query,1,256,60,0.2,0.851019
query,1,256,61,0.4,0.906399
query,1,256,62,0,1.695929
query,1,256,63,0.1,0.801229
query,1,256,64,0,1.998762
query,1,256,65,0.2,1.163382
query,1,256,66,0.4,0.855984
query,1,256,67,0,0.963918
query,1,256,68,0.1,0.867774
query,1,256,69,0.1,1.609136
query,1,256,70,0.2,1.33558
query,1,256,71,0,1.299958
query,1,256,72,0,0.804154
query,1,256,73,0,0.903169
query,1,256,74,0.2,0.9011
query,1,256,75,0,1.319675
query,1,256,76,0.6,1.098237
query,1,256,77,0,1.147704
query,1,256,78,0.3,1.298542
query,1,256,79,0,1.17607
query,1,256,80,0.5,1.178275
query,1,256,81,0,0.952721
query,1,256,82,0.2,1.227375
query,1,256,83,0,1.024149
query,1,256,84,0.5,1.014154
query,1,256,85,0,0.972061
query,1,256,86,0.1,1.036203
query,1,256,87,0.4,0.891379
query,1,256,88,0,1.397069
query,1,256,89,0.1,1.090363
query,1,256,90,0.3,1.455291
query,1,256,91,0,1.270961
query,1,256,92,0,1.195318
query,1,256,93,0.5,1.111707
query,1,256,94,0,1.734975
query,1,256,95,0,1.269491
query,1,256,96,0.5,1.182856
query,1,256,97,0,1.364267
query,1,256,98,0.1,1.316428
query,1,256,99,0,1.073131
query,1,256,100,0.1,1.200712
query,1,256,101,0.1,1.484651
query,1,256,102,0.2,1.221382
query,1,256,103,0.3,1.016051
query,1,256,104,0,1.310309
query,1,256,105,0,1.164195
query,1,256,106,0.3,1.157582
query,1,256,107,0.1,0.913013
query,1,256,108,0.3,1.156221
query,1,256,109,0.4,0.924543
query,1,256,110,0.4,1.122477
query,1,256,111,0,1.309692
query,1,256,112,0,1.042596
query,1,256,113,0.1,1.385681
query,1,256,114,0.2,1.383866
query,1,256,115,0.2,1.273447
query,1,256,116,0.3,1.166793
query,1,256,117,0,1.328559
query,1,256,118,0,1.221627
query,1,256,119,0,1.387798
query,1,256,120,0,0.739081
query,1,256,121,0.1,1.106082
query,1,256,122,0,1.029103
query,1,256,123,0.3,1.240429
query,1,256,124,0,1.299243
query,1,256,125,0,1.696607
query,1,256,126,0.3,1.256528
query,1,256,127,0,1.287999
query,1,512,0,0,2.477025
query,1,512,1,0.3,2.200344
query,1,512,2,0,2.270861
query,1,512,3,0.3,2.516663
query,1,512,4,0,2.488462
query,1,512,5,0,3.055382
query,1,512,6,0,3.00658
query,1,512,7,0.1,2.878048
query,1,512,8,0,3.245542
query,1,512,9,0,2.460783
query,1,512,10,0,2.161227
query,1,512,11,0,2.570971
query,1,512,12,0,2.126209
query,1,512,13,0,2.648209
query,1,512,14,0,3.206402
query,1,512,15,0,2.528238
query,1,512,16,0,2.85759
query,1,512,17,0,2.073549
query,1,512,18,0.1,2.152835
query,1,512,19,0.4,0.921925
query,1,512,20,0,2.457647
query,1,512,21,0,2.255503
query,1,512,22,0,2.241256
query,1,512,23,0,1.384235
query,1,512,24,0.1,2.212645
query,1,512,25,0.2,2.07951
query,1,512,26,0.4,0.888106
query,1,512,27,0,2.12445
query,1,512,28,0,2.177359
query,1,512,29,0.2,2.408524
query,1,512,30,0.2,1.825831
query,1,512,31,0,2.058621
query,1,512,32,0.1,1.689121
query,1,512,33,0.6,1.835109
query,1,512,34,0.5,1.686177
query,1,512,35,0.3,1.478598
query,1,512,36,0.1,2.403207
query,1,512,37,0,2.026539
query,1,512,38,0.2,1.940016
query,1,512,39,0.2,2.126676
query,1,512,40,0,2.169155
query,1,512,41,0,2.298454
query,1,512,42,0.2,1.743544
query,1,512,43,0.2,1.539996
query,1,512,44,0.2,1.633963
query,1,512,45,0,1.686245
query,1,512,46,0.1,2.210784
query,1,512,47,0,1.732927
query,1,512,48,0.1,2.085482
query,1,512,49,0,1.702082
query,1,512,50,0.2,1.878733
query,1,512,51,0.1,1.237186
query,1,512,52,0,1.820143
query,1,512,53,0.5,2.046452
query,1,512,54,0,1.366602
query,1,512,55,0.1,2.882926
query,1,512,56,0,1.875949
query,1,512,57,0,2.070516
query,1,512,58,0,2.272746
query,1,512,59,0,2.135107
query,1,512,60,0.2,1.651892
query,1,512,61,0.4,1.503254
query,1,512,62,0,2.92984
query,1,512,63,0.1,1.42487
query,1,512,64,0,3.337721
query,1,512,65,0.2,1.958577
query,1,512,66,0.4,1.546923
query,1,512,67,0,1.595694
query,1,512,68,0.1,1.542003
query,1,512,69,0.1,2.982688
query,1,512,70,0.2,2.25588
query,1,512,71,0,2.431407
query,1,512,72,0,1.491864
query,1,512,73,0,1.549521
query,1,512,74,0.2,1.441719
query,1,512,75,0,2.211885
query,1,512,76,0.6,1.815481
query,1,512,77,0,2.042698
query,1,512,78,0.3,2.284039
query,1,512,79,0,2.015827
query,1,512,80,0.5,1.894535
query,1,512,81,0,1.67662
query,1,512,82,0.2,2.022514
query,1,512,83,0,1.681773
query,1,512,84,0.5,1.680448
query,1,512,85,0,1.858475
query,1,512,86,0.1,1.803415
query,1,512,87,0.4,1.637193
query,1,512,88,0,2.646638
query,1,512,89,0.1,1.872529
query,1,512,90,0.3,2.708341
query,1,512,91,0,2.400541
query,1,512,92,0,2.076336
query,1,512,93,0.5,2.06388
query,1,512,94,0,3.070323
query,1,512,95,0,2.195672
query,1,512,96,0.5,2.036792
query,1,512,97,0,2.78343
query,1,512,98,0.1,2.33965
query,1,512,99,0,1.77644
query,1,512,100,0.1,1.992921
query,1,512,101,0.1,2.535608
query,1,512,102,0.2,1.977607
query,1,512,103,0.3,1.752168
query,1,512,104,0,2.246254
query,1,512,105,0,1.828568
query,1,512,106,0.3,1.882511
query,1,512,107,0.1,1.444284
query,1,512,108,0.3,1.826993
query,1,512,109,0.4,1.571408
query,1,512,110,0.4,1.762538
query,1,512,111,0,2.707875
query,1,512,112,0,1.597291
query,1,512,113,0.1,2.360356
query,1,512,114,0.2,2.191083
query,1,512,115,0.2,2.017144
query,1,512,116,0.3,1.792446
query,1,512,117,0,2.36758
query,1,512,118,0,2.554646
query,1,512,119,0,2.413879
query,1,512,120,0,1.228647
query,1,512,121,0.1,1.852042
query,1,512,122,0,1.73886
query,1,512,123,0.3,1.972684
query,1,512,124,0,2.330264
query,1,512,125,0,2.794337
query,1,512,126,0.3,2.133279
query,1,512,127,0,2.198651
insert,2,31772.997607
query,2,64,0,0.1,0.61369
query,2,64,1,0.5,0.507588
query,2,64,2,0,0.623986
query,2,64,3,0.3,0.514206
query,2,64,4,0.1,0.525191
query,2,64,5,0,0.737296
query,2,64,6,0,0.426096
query,2,64,7,0.1,0.556404
query,2,64,8,0,0.524666
query,2,64,9,0.1,0.493706
query,2,64,10,0,0.440465
query,2,64,11,0,0.527474
query,2,64,12,0,0.588365
query,2,64,13,0,0.498184
query,2,64,14,0,0.488686
query,2,64,15,0,0.409685
query,2,64,16,0,0.516702
query,2,64,17,0,0.387929
query,2,64,18,0.2,0.516843
query,2,64,19,0.7,0.308258
query,2,64,20,0,0.500686
query,2,64,21,0,0.486195
query,2,64,22,0,0.544103
query,2,64,23,0,0.364016
query,2,64,24,0.2,0.540238
query,2,64,25,0.2,0.471848
query,2,64,26,0.5,0.300281
query,2,64,27,0.5,0.466119
query,2,64,28,0.1,0.440719
query,2,64,29,0.2,0.501657
query,2,64,30,0.3,0.447617
query,2,64,31,0.1,0.572089
query,2,64,32,0.4,0.434589
query,2,64,33,0.8,0.454227
query,2,64,34,0.5,0.438008
query,2,64,35,0.5,0.358534
query,2,64,36,0.1,0.437561
query,2,64,37,0,0.533573
query,2,64,38,0.3,0.381694
query,2,64,39,0.2,0.452165
query,2,64,40,0.2,0.552931
query,2,64,41,0,0.568377
query,2,64,42,0.4,0.401097
query,2,64,43,0.3,0.365931
query,2,64,44,0.4,0.402681
query,2,64,45,0,0.424438
query,2,64,46,0.1,0.530096
query,2,64,47,0,0.63836
query,2,64,48,0.1,0.495676
query,2,64,49,0,0.354439
query,2,64,50,0.4,0.491915
query,2,64,51,0.2,0.353938
query,2,64,52,0.2,0.439379
query,2,64,53,0.5,0.440685
query,2,64,54,0.1,0.32391
query,2,64,55,0.2,0.503836
query,2,64,56,0,0.471833
query,2,64,57,0,0.411797
query,2,64,58,0,0.524806
query,2,64,59,0,0.503219
query,2,64,60,0.5,0.310923
query,2,64,61,0.6,0.37992
query,2,64,62,0,0.561877
query,2,64,63,0.1,0.363549
query,2,64,64,0,0.611776
query,2,64,65,0.4,0.445964
query,2,64,66,0.6,0.257615
query,2,64,67,0,0.435716
query,2,64,68,0.4,0.36341
query,2,64,69,0.2,0.702921
query,2,64,70,0.3,0.505333
query,2,64,71,0,0.427378
query,2,64,72,0,0.327025
query,2,64,73,0,0.365787
query,2,64,74,0.3,0.319234
query,2,64,75,0,0.44374
query,2,64,76,0.8,0.423028
query,2,64,77,0,0.529349
query,2,64,78,0.3,0.465702
query,2,64,79,0.1,0.489575
query,2,64,80,0.6,0.448596
query,2,64,81,0,0.418574
query,2,64,82,0.4,0.444669
query,2,64,83,0,0.399077
query,2,64,84,0.8,0.399226
query,2,64,85,0,0.545404
query,2,64,86,0.3,0.397594
query,2,64,87,0.4,0.325413
query,2,64,88,0,0.43155
query,2,64,89,0.4,0.422489
query,2,64,90,0.3,0.470082
query,2,64,91,0,0.540962
query,2,64,92,0,0.428041
query,2,64,93,0.7,0.380991
query,2,64,94,0,0.545765
query,2,64,95,0,0.449559
query,2,64,96,0.7,0.475196
query,2,64,97,0,0.433057
query,2,64,98,0.1,0.549761
query,2,64,99,0,0.433501
query,2,64,100,0.1,0.468953
query,2,64,101,0,0.461239
query,2,64,102,0.2,0.475449
query,2,64,103,0.7,0.404415
query,2,64,104,0,0.55227
query,2,64,105,0.1,0.475732
query,2,64,106,0.4,0.439117
query,2,64,107,0.3,0.397015
query,2,64,108,0.5,0.405924
query,2,64,109,0.5,0.394249
query,2,64,110,0.5,0.485965
query,2,64,111,0,0.363383
query,2,64,112,0,0.429428
query,2,64,113,0.2,0.510932
query,2,64,114,0.1,0.492199
query,2,64,115,0.2,0.460306
query,2,64,116,0.3,0.458771
query,2,64,117,0,0.457267
query,2,64,118,0,0.300191
query,2,64,119,0,0.650152
query,2,64,120,0,0.334548
query,2,64,121,0.3,0.389931
query,2,64,122,0.3,0.438103
query,2,64,123,0.4,0.594459
query,2,64,124,0,0.654389
query,2,64,125,0,0.538363
query,2,64,126,0.5,0.431574
query,2,64,127,0,0.484568
query,2,128,0,0.1,0.867339
query,2,128,1,0.5,0.749274
query,2,128,2,0,0.832108
query,2,128,3,0.3,0.828379
query,2,128,4,0.1,0.814233
query,2,128,5,0,1.069519
query,2,128,6,0,0.728501
query,2,128,7,0.1,0.943577
query,2,128,8,0,0.816341
query,2,128,9,0.1,0.804074
query,2,128,10,0,0.672062
query,2,128,11,0,0.837337
query,2,128,12,0,0.824528
query,2,128,13,0,0.833301
query,2,128,14,0,0.711519
query,2,128,15,0,0.657532
query,2,128,16,0,0.879428
query,2,128,17,0,0.621665
query,2,128,18,0.2,0.858925
query,2,128,19,0.7,0.429376
query,2,128,20,0,0.832591
query,2,128,21,0,0.796727
query,2,128,22,0,0.826257
query,2,128,23,0,0.540517
query,2,128,24,0.2,0.861567
query,2,128,25,0.2,0.787053
query,2,128,26,0.5,0.435602
query,2,128,27,0.5,0.787402
query,2,128,28,0.1,0.75614
query,2,128,29,0.2,0.842209
query,2,128,30,0.3,0.730207
query,2,128,31,0.1,0.858476
query,2,128,32,0.4,0.680342
query,2,128,33,0.8,0.741163
query,2,128,34,0.5,0.719936
query,2,128,35,0.5,0.555086
query,2,128,36,0.1,0.731771
query,2,128,37,0,0.873009
query,2,128,38,0.3,0.656923
query,2,128,39,0.2,0.797466
query,2,128,40,0.2,0.860733
query,2,128,41,0,0.856572
query,2,128,42,0.4,0.637403
query,2,128,43,0.3,0.571752
query,2,128,44,0.4,0.638856
query,2,128,45,0,0.638089
query,2,128,46,0.2,0.850883
query,2,128,47,0,0.913785
query,2,128,48,0.1,0.833617
query,2,128,49,0,0.535497
query,2,128,50,0.4,0.677474
query,2,128,51,0.2,0.51301
query,2,128,52,0.2,0.703553
query,2,128,53,0.6,0.737748
query,2,128,54,0.1,0.511345
query,2,128,55,0.2,0.887305
query,2,128,56,0,0.722574
query,2,128,57,0,0.657337
query,2,128,58,0,0.913595
query,2,128,59,0,0.821221
query,2,128,60,0.5,0.491568
query,2,128,61,0.6,0.619778
query,2,128,62,0,1.017689
query,2,128,63,0.1,0.581567
query,2,128,64,0,1.134463
query,2,128,65,0.4,0.761528
query,2,128,66,0.6,0.43301
query,2,128,67,0,0.673065
query,2,128,68,0.4,0.555966
query,2,128,69,0.2,1.085738
query,2,128,70,0.3,0.898959
query,2,128,71,0,0.718677
query,2,128,72,0,0.549056
query,2,128,73,0,0.585955
query,2,128,74,0.3,0.488424
query,2,128,75,0,0.767617
query,2,128,76,0.8,0.706819
query,2,128,77,0,0.76768
query,2,128,78,0.3,0.827489
query,2,128,79,0.1,0.79998
query,2,128,80,0.6,0.769154
query,2,128,81,0,0.679581
query,2,128,82,0.4,0.78236
query,2,128,83,0,0.652681
query,2,128,84,0.8,0.687256
query,2,128,85,0,0.735574
query,2,128,86,0.3,0.632591
query,2,128,87,0.4,0.549564
query,2,128,88,0,0.757431
query,2,128,89,0.4,0.706823
query,2,128,90,0.3,0.739453
query,2,128,91,0,0.832811
query,2,128,92,0,0.733613
query,2,128,93,0.7,0.652706
query,2,128,94,0,1.155747
query,2,128,95,0,0.771525
query,2,128,96,0.7,0.786238
query,2,128,97,0,0.814972
query,2,128,98,0.1,0.886017
query,2,128,99,0,0.699576
query,2,128,100,0.1,0.824735
query,2,128,101,0.1,0.830651
query,2,128,102,0.2,0.793202
query,2,128,103,0.7,0.677442
query,2,128,104,0,0.893356
query,2,128,105,0.1,0.76053
query,2,128,106,0.4,0.741198
query,2,128,107,0.3,0.619576
query,2,128,108,0.5,0.70767
query,2,128,109,0.5,0.626498
query,2,128,110,0.5,0.782508
query,2,128,111,0,0.625646
query,2,128,112,0,0.684412
query,2,128,113,0.2,0.875549
query,2,128,114,0.1,0.820638
query,2,128,115,0.2,0.781915
query,2,128,116,0.3,0.779512
query,2,128,117,0,0.78567
query,2,128,118,0,0.524799
query,2,128,119,0,0.998323
query,2,128,120,0,0.532738
query,2,128,121,0.3,0.603857
query,2,128,122,0.3,0.713268
query,2,128,123,0.4,0.851527
query,2,128,124,0,0.96379
query,2,128,125,0,1.099358
query,2,128,126,0.5,0.764357
query,2,128,127,0,0.84225
query,2,256,0,0.1,1.48412
query,2,256,1,0.5,1.225598
query,2,256,2,0,1.374711
query,2,256,3,0.4,1.461384
query,2,256,4,0.1,1.410008
query,2,256,5,0,1.685303
query,2,256,6,0,1.315801
query,2,256,7,0.1,1.607656
query,2,256,8,0,1.410076
query,2,256,9,0.1,1.384987
query,2,256,10,0,1.127142
query,2,256,11,0,1.487593
query,2,256,12,0,1.344748
query,2,256,13,0,1.407704
query,2,256,14,0,1.480128
query,2,256,15,0,1.241836
query,2,256,16,0,1.578493
query,2,256,17,0,1.115786
query,2,256,18,0.2,1.441773
query,2,256,19,0.7,0.611689
query,2,256,20,0,1.439619
query,2,256,21,0,1.393579
query,2,256,22,0,1.350443
query,2,256,23,0,0.885948
query,2,256,24,0.2,1.406276
query,2,256,25,0.2,1.349434
query,2,256,26,0.5,0.612013
query,2,256,27,0.5,1.303424
query,2,256,28,0.1,1.255012
query,2,256,29,0.2,1.426095
query,2,256,30,0.3,1.200578
query,2,256,31,0.1,1.36627
query,2,256,32,0.4,1.089722
query,2,256,33,0.8,1.271794
query,2,256,34,0.5,1.191021
query,2,256,35,0.5,0.905471
query,2,256,36,0.1,1.348207
query,2,256,37,0,1.454897
query,2,256,38,0.3,1.134975
query,2,256,39,0.2,1.401718
query,2,256,40,0.2,1.457544
query,2,256,41,0,1.484748
query,2,256,42,0.4,1.040506
query,2,256,43,0.3,0.983412
query,2,256,44,0.4,1.053674
query,2,256,45,0,1.030318
query,2,256,46,0.3,1.490902
query,2,256,47,0,1.378231
query,2,256,48,0.1,1.408271
query,2,256,49,0,0.945505
query,2,256,50,0.4,1.183231
query,2,256,51,0.2,0.764539
query,2,256,52,0.2,1.167602
query,2,256,53,0.6,1.28525
query,2,256,54,0.1,0.833908
query,2,256,55,0.2,1.642546
query,2,256,56,0,1.265374
query,2,256,57,0,1.185069
query,2,256,58,0,1.540469
query,2,256,59,0,1.342373
query,2,256,60,0.5,0.827909
query,2,256,61,0.6,1.009406
query,2,256,62,0,1.784463
query,2,256,63,0.1,0.873218
query,2,256,64,0,2.060397
query,2,256,65,0.4,1.291732
query,2,256,66,0.6,0.722094
query,2,256,67,0,1.077386
query,2,256,68,0.4,0.917988
query,2,256,69,0.2,1.676952
query,2,256,70,0.3,1.485265
query,2,256,71,0,1.314044
query,2,256,72,0,0.896928
query,2,256,73,0,0.944159
query,2,256,74,0.3,0.759163
query,2,256,75,0,1.378975
query,2,256,76,0.8,1.178984
query,2,256,77,0,1.258767
query,2,256,78,0.3,1.416116
query,2,256,79,0.1,1.364786
query,2,256,80,0.6,1.316104
query,2,256,81,0,1.097245
query,2,256,82,0.4,1.412132
query,2,256,83,0,1.140622
query,2,256,84,0.8,1.14053
query,2,256,85,0,1.099888
query,2,256,86,0.3,1.125043
query,2,256,87,0.4,0.972449
query,2,256,88,0,1.4975
query,2,256,89,0.4,1.262395
query,2,256,90,0.3,1.496468
query,2,256,91,0,1.424124
query,2,256,92,0.1,1.351833
query,2,256,93,0.7,1.249116
query,2,256,94,0,1.754047
query,2,256,95,0,1.460601
query,2,256,96,0.7,1.390369
query,2,256,97,0,1.531214
query,2,256,98,0.1,1.562757
query,2,256,99,0,1.237414
query,2,256,100,0.1,1.430679
query,2,256,101,0.1,1.552367
query,2,256,102,0.2,1.37306
query,2,256,103,0.7,1.149092
query,2,256,104,0,1.567901
query,2,256,105,0.1,1.319872
query,2,256,106,0.4,1.278435
query,2,256,107,0.3,0.948898
query,2,256,108,0.5,1.232438
query,2,256,109,0.5,1.027715
query,2,256,110,0.5,1.315661
query,2,256,111,0,1.227617
query,2,256,112,0,1.125181
query,2,256,113,0.2,1.552751
query,2,256,114,0.2,1.434143
query,2,256,115,0.3,1.398986
query,2,256,116,0.3,1.291437
query,2,256,117,0,1.452872
query,2,256,118,0,1.263993
query,2,256,119,0,1.511848
query,2,256,120,0,0.851404
query,2,256,121,0.3,1.055669
query,2,256,122,0.3,1.127214
query,2,256,123,0.4,1.422732
query,2,256,124,0,1.409748
query,2,256,125,0,1.734405
query,2,256,126,0.5,1.335454
query,2,256,127,0,1.473464
query,2,512,0,0.1,2.493817
query,2,512,1,0.5,2.050258
query,2,512,2,0,2.145001
query,2,512,3,0.4,2.430809
query,2,512,4,0.1,2.44369
query,2,512,5,0,2.935881
query,2,512,6,0,2.714986
query,2,512,7,0.1,2.787783
query,2,512,8,0,2.803067
query,2,512,9,0.1,2.381553
query,2,512,10,0,2.002214
query,2,512,11,0,2.54571
query,2,512,12,0,2.216127
query,2,512,13,0,2.418944
query,2,512,14,0,2.908436
query,2,512,15,0,2.391309
query,2,512,16,0,2.808655
query,2,512,17,0,2.102387
query,2,512,18,0.2,2.416094
query,2,512,19,0.7,0.928358
query,2,512,20,0,2.630508
query,2,512,21,0,2.541094
query,2,512,22,0,2.410002
query,2,512,23,0,1.629361
query,2,512,24,0.2,2.553315
query,2,512,25,0.2,2.488675
query,2,512,26,0.5,1.023462
query,2,512,27,0.5,2.478424
query,2,512,28,0.1,2.473533
query,2,512,29,0.2,2.730763
query,2,512,30,0.3,2.127168
query,2,512,31,0.1,2.447114
query,2,512,32,0.4,1.812208
query,2,512,33,0.8,2.163362
query,2,512,34,0.5,2.028447
query,2,512,35,0.5,1.584016
query,2,512,36,0.1,2.509873
query,2,512,37,0,2.440428
query,2,512,38,0.3,2.079644
query,2,512,39,0.2,2.444127
query,2,512,40,0.2,2.447679
query,2,512,41,0,2.571659
query,2,512,42,0.4,1.822844
query,2,512,43,0.3,1.65911
query,2,512,44,0.4,1.892461
query,2,512,45,0,1.944723
query,2,512,46,0.3,2.699891
query,2,512,47,0,2.277405
query,2,512,48,0.1,2.571432
query,2,512,49,0,1.973937
query,2,512,50,0.4,2.350454
query,2,512,51,0.2,1.411852
query,2,512,52,0.2,2.187167
query,2,512,53,0.6,2.346192
query,2,512,54,0.1,1.575883
query,2,512,55,0.2,3.083674
query,2,512,56,0,2.315377
query,2,512,57,0,2.427151
query,2,512,58,0,2.817405
query,2,512,59,0,2.481017
query,2,512,60,0.5,1.758702
query,2,512,61,0.6,1.856401
query,2,512,62,0,3.385089
query,2,512,63,0.1,1.580399
query,2,512,64,0,3.55815
query,2,512,65,0.4,2.519812
query,2,512,66,0.6,1.580694
query,2,512,67,0,1.932095
query,2,512,68,0.4,1.758855
query,2,512,69,0.2,3.295778
query,2,512,70,0.3,2.806903
query,2,512,71,0,2.53821
query,2,512,72,0,1.719074
query,2,512,73,0,1.597909
query,2,512,74,0.3,1.257977
query,2,512,75,0,2.602886
query,2,512,76,0.8,2.13286
query,2,512,77,0,2.345598
query,2,512,78,0.3,2.55431
query,2,512,79,0.1,2.384057
query,2,512,80,0.6,2.347395
query,2,512,81,0,1.901985
query,2,512,82,0.4,2.375686
query,2,512,83,0,1.995379
query,2,512,84,0.8,1.952005
query,2,512,85,0,1.809533
query,2,512,86,0.3,2.005722
query,2,512,87,0.4,1.71839
query,2,512,88,0,2.824341
query,2,512,89,0.4,2.063833
query,2,512,90,0.3,2.787248
query,2,512,91,0,2.507783
query,2,512,92,0.1,2.264563
query,2,512,93,0.7,2.117476
query,2,512,94,0,3.499553
query,2,512,95,0,2.453155
query,2,512,96,0.7,2.370059
query,2,512,97,0,2.926665
query,2,512,98,0.1,2.631104
query,2,512,99,0,2.049387
query,2,512,100,0.1,2.378717
query,2,512,101,0.1,2.790631
query,2,512,102,0.2,2.40419
query,2,512,103,0.7,2.063145
query,2,512,104,0,2.860531
query,2,512,105,0.1,2.4238
query,2,512,106,0.4,2.257049
query,2,512,107,0.3,1.625196
query,2,512,108,0.5,2.26478
query,2,512,109,0.5,1.785648
query,2,512,110,0.5,2.263774
query,2,512,111,0,2.708648
query,2,512,112,0,1.871498
query,2,512,113,0.2,2.828807
query,2,512,114,0.2,2.561331
query,2,512,115,0.3,2.55764
query,2,512,116,0.3,2.219808
query,2,512,117,0,2.696298
query,2,512,118,0,2.691421
query,2,512,119,0,2.796667
query,2,512,120,0,1.472232
query,2,512,121,0.3,2.042894
query,2,512,122,0.3,2.002375
query,2,512,123,0.4,2.616794
query,2,512,124,0,2.707679
query,2,512,125,0,3.063474
query,2,512,126,0.5,2.735183
query,2,512,127,0,3.0049
insert,3,33607.212391
query,3,64,0,0.1,0.53985
query,3,64,1,0.7,0.505583
query,3,64,2,0,0.606194
query,3,64,3,0.2,0.536458
query,3,64,4,0.1,0.456654
query,3,64,5,0,0.761804
query,3,64,6,0,0.443794
query,3,64,7,0.2,0.701103
query,3,64,8,0,0.581443
query,3,64,9,0.2,0.627381
query,3,64,10,0,0.469542
query,3,64,11,0.3,0.563059
query,3,64,12,0,0.616376
query,3,64,13,0,0.55219
query,3,64,14,0,1.040537
query,3,64,15,0.1,0.644482
query,3,64,16,0,0.812434
query,3,64,17,0,0.381168
query,3,64,18,0.2,0.613776
query,3,64,19,0.8,0.344561
query,3,64,20,0,0.584316
query,3,64,21,0,0.767024
query,3,64,22,0,0.527806
query,3,64,23,0,0.403486
query,3,64,24,0.4,0.642932
query,3,64,25,0.2,0.528726
query,3,64,26,0.5,0.433104
query,3,64,27,0.5,0.523232
query,3,64,28,0.4,0.507783
query,3,64,29,0.2,0.810484
query,3,64,30,0.3,0.531596
query,3,64,31,0.1,0.536172
query,3,64,32,0.6,0.457757
query,3,64,33,0.9,0.486099
query,3,64,34,0.6,0.514118
query,3,64,35,0.7,0.435161
query,3,64,36,0.2,0.564911
query,3,64,37,0,0.487404
query,3,64,38,0.5,0.45069
query,3,64,39,0.2,0.564016
query,3,64,40,0.1,0.608888
query,3,64,41,0,0.649662
query,3,64,42,0.5,0.479078
query,3,64,43,0.7,0.337692
query,3,64,44,0.7,0.436343
query,3,64,45,0,0.488
query,3,64,46,0.2,0.615405
query,3,64,47,0,0.681623
query,3,64,48,0.1,0.613064
query,3,64,49,0,0.369077
query,3,64,50,0.5,0.421792
query,3,64,51,0.3,0.360506
query,3,64,52,0.2,0.448835
query,3,64,53,0.8,0.446881
query,3,64,54,0.1,0.405339
query,3,64,55,0.2,0.560482
query,3,64,56,0,0.52194
query,3,64,57,0,0.568933
query,3,64,58,0,0.57061
query,3,64,59,0,0.524889
query,3,64,60,0.5,0.351214
query,3,64,61,0.9,0.413504
query,3,64,62,0,0.665176
query,3,64,63,0.2,0.408293
query,3,64,64,0,0.694632
query,3,64,65,0.5,0.579332
query,3,64,66,0.9,0.298114
query,3,64,67,0,0.468119
query,3,64,68,0.5,0.442407
query,3,64,69,0.2,0.793089
query,3,64,70,0.6,0.562547
query,3,64,71,0,0.445911
query,3,64,72,0,0.375947
query,3,64,73,0.1,0.405052
query,3,64,74,0.3,0.370907
query,3,64,75,0,0.489482
query,3,64,76,0.9,0.467418
query,3,64,77,0,0.571721
query,3,64,78,0.4,0.515627
query,3,64,79,0.2,0.530114
query,3,64,80,0.7,0.503731
query,3,64,81,0,0.472535
query,3,64,82,0.5,0.685419
query,3,64,83,0,0.428896
query,3,64,84,0.9,0.425235
query,3,64,85,0,0.627229
query,3,64,86,0.3,0.470985
query,3,64,87,0.7,0.341476
query,3,64,88,0,0.474823
query,3,64,89,0.6,0.495331
query,3,64,90,0.2,0.564336
query,3,64,91,0,0.573082
query,3,64,92,0,0.480441
query,3,64,93,0.8,0.439709
query,3,64,94,0,0.576175
query,3,64,95,0,0.521939
query,3,64,96,0.9,0.537652
query,3,64,97,0,0.473014
query,3,64,98,0.1,0.549817
query,3,64,99,0,0.471254
query,3,64,100,0.2,0.53198
query,3,64,101,0,0.616432
query,3,64,102,0.4,0.538985
query,3,64,103,0.8,0.466488
query,3,64,104,0,0.676862
query,3,64,105,0.1,0.554212
query,3,64,106,0.5,0.470644
query,3,64,107,0.4,0.456527
query,3,64,108,0.6,0.449725
query,3,64,109,0.7,0.419223
query,3,64,110,0.6,0.52323
query,3,64,111,0,0.399318
query,3,64,112,0,0.495587
query,3,64,113,0.2,0.560914
query,3,64,114,0.3,0.585719
query,3,64,115,0.3,0.541736
query,3,64,116,0.4,0.485411
query,3,64,117,0,0.623617
query,3,64,118,0,0.311663
query,3,64,119,0,0.597988
query,3,64,120,0.1,0.369409
query,3,64,121,0.4,0.470088
query,3,64,122,0.4,0.454064
query,3,64,123,0.4,0.529328
query,3,64,124,0,0.688586
query,3,64,125,0,0.548255
query,3,64,126,0.6,0.47741
query,3,64,127,0,0.625154
query,3,128,0,0.2,0.911579
query,3,128,1,0.7,0.792307
query,3,128,2,0,0.893492
query,3,128,3,0.3,0.929125
query,3,128,4,0.1,0.80473
query,3,128,5,0,1.036768
query,3,128,6,0,0.729112
query,3,128,7,0.3,0.997292
query,3,128,8,0,0.934695
query,3,128,9,0.2,0.879133
query,3,128,10,0,0.713993
query,3,128,11,0.3,0.921141
query,3,128,12,0,0.836997
query,3,128,13,0,0.895791
query,3,128,14,0,0.9121
query,3,128,15,0.1,0.656804
query,3,128,16,0,0.910129
query,3,128,17,0,0.648246
query,3,128,18,0.2,0.946737
query,3,128,19,0.8,0.470435
query,3,128,20,0,0.91592
query,3,128,21,0,1.008045
query,3,128,22,0,0.797426
query,3,128,23,0,0.620798
query,3,128,24,0.4,0.893098
query,3,128,25,0.2,0.841081
query,3,128,26,0.5,0.559625
query,3,128,27,0.5,0.823582
query,3,128,28,0.4,0.814484
query,3,128,29,0.2,1.055661
query,3,128,30,0.3,0.804679
query,3,128,31,0.1,0.854009
query,3,128,32,0.6,0.729791
query,3,128,33,1,0.838348
query,3,128,34,0.6,0.832766
query,3,128,35,0.7,0.628265
query,3,128,36,0.2,0.875695
query,3,128,37,0,0.776946
query,3,128,38,0.5,0.693638
query,3,128,39,0.2,0.936585
query,3,128,40,0.2,0.951755
query,3,128,41,0.1,0.910896
query,3,128,42,0.5,0.759121
query,3,128,43,0.7,0.575862
query,3,128,44,0.7,0.687886
query,3,128,45,0,0.694114
query,3,128,46,0.4,0.998079
query,3,128,47,0,0.993982
query,3,128,48,0.1,0.92982
query,3,128,49,0,0.560432
query,3,128,50,0.5,0.690762
query,3,128,51,0.3,0.539849
query,3,128,52,0.2,0.699358
query,3,128,53,0.8,0.773679
query,3,128,54,0.1,0.587789
query,3,128,55,0.2,0.996993
query,3,128,56,0,0.798937
query,3,128,57,0,0.798932
query,3,128,58,0,1.026092
query,3,128,59,0,0.913089
query,3,128,60,0.5,0.544451
query,3,128,61,0.9,0.662505
query,3,128,62,0,1.241013
query,3,128,63,0.2,0.642953
query,3,128,64,0,1.140563
query,3,128,65,0.5,0.847238
query,3,128,66,0.9,0.43745
query,3,128,67,0,0.701032
query,3,128,68,0.5,0.652289
query,3,128,69,0.2,1.139659
query,3,128,70,0.6,1.002776
query,3,128,71,0,0.762578
query,3,128,72,0,0.55914
query,3,128,73,0.1,0.617109
query,3,128,74,0.3,0.542944
query,3,128,75,0,0.757374
query,3,128,76,0.9,0.728041
query,3,128,77,0,0.818225
query,3,128,78,0.4,0.889709
query,3,128,79,0.2,0.868257
query,3,128,80,0.7,0.840187
query,3,128,81,0,0.744337
query,3,128,82,0.5,0.921838
query,3,128,83,0,0.747748
query,3,128,84,1,0.733602
query,3,128,85,0,0.809853
query,3,128,86,0.3,0.719501
query,3,128,87,0.7,0.560496
query,3,128,88,0,0.79688
query,3,128,89,0.6,0.792563
query,3,128,90,0.2,0.911912
query,3,128,91,0,0.896088
query,3,128,92,0.1,0.813083
query,3,128,93,0.8,0.753343
query,3,128,94,0,1.28669
query,3,128,95,0,0.888614
query,3,128,96,0.9,0.874363
query,3,128,97,0,0.855961
query,3,128,98,0.1,0.964986
query,3,128,99,0,0.767666
query,3,128,100,0.2,0.884507
query,3,128,101,0,1.002859
query,3,128,102,0.4,0.908947
query,3,128,103,0.9,0.745681
query,3,128,104,0,1.064482
query,3,128,105,0.2,0.848017
query,3,128,106,0.5,0.807271
query,3,128,107,0.4,0.703254
query,3,128,108,0.6,0.734644
query,3,128,109,0.7,0.713584
query,3,128,110,0.6,0.87231
query,3,128,111,0,0.6535
query,3,128,112,0,0.758118
query,3,128,113,0.2,0.984903
query,3,128,114,0.4,0.933996
query,3,128,115,0.3,0.922133
query,3,128,116,0.4,0.833374
query,3,128,117,0,1.00835
query,3,128,118,0,0.531566
query,3,128,119,0,0.962363
query,3,128,120,0.1,0.567771
query,3,128,121,0.4,0.741616
query,3,128,122,0.4,0.752175
query,3,128,123,0.5,0.921637
query,3,128,124,0,1.006157
query,3,128,125,0,1.132212
query,3,128,126,0.6,0.804008
query,3,128,127,0,0.928268
query,3,256,0,0.2,1.619144
query,3,256,1,0.7,1.365939
query,3,256,2,0,1.491357
query,3,256,3,0.4,1.594097
query,3,256,4,0.1,1.48162
query,3,256,5,0,1.785478
query,3,256,6,0,1.332249
query,3,256,7,0.3,1.723288
query,3,256,8,0,1.551416
query,3,256,9,0.2,1.554603
query,3,256,10,0,1.183215
query,3,256,11,0.3,1.606843
query,3,256,12,0,1.436313
query,3,256,13,0,1.537326
query,3,256,14,0,1.644047
query,3,256,15,0.1,1.37206
query,3,256,16,0,1.707442
query,3,256,17,0,1.243553
query,3,256,18,0.2,1.685988
query,3,256,19,0.8,0.686546
query,3,256,20,0,1.647817
query,3,256,21,0,1.661289
query,3,256,22,0,1.483511
query,3,256,23,0,0.998137
query,3,256,24,0.4,1.570517
query,3,256,25,0.2,1.496718
query,3,256,26,0.5,0.800257
query,3,256,27,0.5,1.478524
query,3,256,28,0.4,1.426249
query,3,256,29,0.2,1.815407
query,3,256,30,0.3,1.352113
query,3,256,31,0.1,1.489258
query,3,256,32,0.6,1.166877
query,3,256,33,1,1.361294
query,3,256,34,0.6,1.408983
query,3,256,35,0.7,0.995134
query,3,256,36,0.2,1.538434
query,3,256,37,0,1.482521
query,3,256,38,0.5,1.246959
query,3,256,39,0.2,1.72768
query,3,256,40,0.2,1.801854
query,3,256,41,0.1,1.738293
query,3,256,42,0.5,1.27089
query,3,256,43,0.7,1.050144
query,3,256,44,0.7,1.16539
query,3,256,45,0,1.118809
query,3,256,46,0.4,1.818681
query,3,256,47,0,1.53487
query,3,256,48,0.1,1.628738
query,3,256,49,0,1.00684
query,3,256,50,0.5,1.29531
query,3,256,51,0.3,0.854025
query,3,256,52,0.2,1.242306
query,3,256,53,0.8,1.372637
query,3,256,54,0.1,0.975091
query,3,256,55,0.2,1.71059
query,3,256,56,0,1.395965
query,3,256,57,0,1.357199
query,3,256,58,0,1.745181
query,3,256,59,0,1.540313
query,3,256,60,0.5,0.9078
query,3,256,61,0.9,1.104092
query,3,256,62,0,1.999113
query,3,256,63,0.2,1.001731
query,3,256,64,0,2.108013
query,3,256,65,0.5,1.477174
query,3,256,66,0.9,0.791339
query,3,256,67,0,1.157837
query,3,256,68,0.5,0.982749
query,3,256,69,0.2,1.798534
query,3,256,70,0.7,1.685025
query,3,256,71,0,1.377898
query,3,256,72,0,0.923415
query,3,256,73,0.1,1.010371
query,3,256,74,0.3,0.806526
query,3,256,75,0,1.480069
query,3,256,76,0.9,1.252616
query,3,256,77,0,1.429991
query,3,256,78,0.4,1.602077
query,3,256,79,0.2,1.465427
query,3,256,80,0.7,1.43293
query,3,256,81,0,1.23547
query,3,256,82,0.5,1.583819
query,3,256,83,0,1.258844
query,3,256,84,1,1.27886
query,3,256,85,0,1.211481
query,3,256,86,0.3,1.23926
query,3,256,87,0.7,0.974042
query,3,256,88,0,1.600489
query,3,256,89,0.6,1.324775
query,3,256,90,0.3,1.573301
query,3,256,91,0,1.500233
query,3,256,92,0.1,1.416345
query,3,256,93,0.8,1.330758
query,3,256,94,0,1.873463
query,3,256,95,0,1.582189
query,3,256,96,0.9,1.466257
query,3,256,97,0,1.562672
query,3,256,98,0.1,1.654668
query,3,256,99,0,1.30807
query,3,256,100,0.2,1.537569
query,3,256,101,0.1,1.80113
query,3,256,102,0.4,1.535529
query,3,256,103,0.9,1.197431
query,3,256,104,0,1.730006
query,3,256,105,0.2,1.40154
query,3,256,106,0.5,1.405962
query,3,256,107,0.4,1.050378
query,3,256,108,0.6,1.340977
query,3,256,109,0.7,1.18293
query,3,256,110,0.6,1.482974
query,3,256,111,0,1.219896
query,3,256,112,0,1.23552
query,3,256,113,0.2,1.685157
query,3,256,114,0.4,1.564026
query,3,256,115,0.3,1.594299
query,3,256,116,0.4,1.391287
query,3,256,117,0,1.74156
query,3,256,118,0,1.306955
query,3,256,119,0,1.635731
query,3,256,120,0.1,0.962902
query,3,256,121,0.4,1.168853
query,3,256,122,0.4,1.244065
query,3,256,123,0.5,1.604848
query,3,256,124,0,1.535895
query,3,256,125,0,1.770815
query,3,256,126,0.6,1.491908
query,3,256,127,0,1.611701
query,3,512,0,0.2,2.840323
query,3,512,1,0.7,2.292195
query,3,512,2,0,2.418246
query,3,512,3,0.4,2.771078
query,3,512,4,0.1,2.625329
query,3,512,5,0,3.207562
query,3,512,6,0,2.548064
query,3,512,7,0.3,3.102387
query,3,512,8,0,2.960315
query,3,512,9,0.2,2.628288
query,3,512,10,0,2.105325
query,3,512,11,0.3,2.790468
query,3,512,12,0,2.414359
query,3,512,13,0,2.671137
query,3,512,14,0,2.935707
query,3,512,15,0.1,2.534245
query,3,512,16,0,2.973365
query,3,512,17,0,2.196503
query,3,512,18,0.2,2.72387
query,3,512,19,0.8,1.002
query,3,512,20,0,2.769842
query,3,512,21,0,2.878699
query,3,512,22,0,2.403986
query,3,512,23,0,1.700042
query,3,512,24,0.4,2.626105
query,3,512,25,0.2,2.557789
query,3,512,26,0.5,1.139401
query,3,512,27,0.5,2.50147
query,3,512,28,0.4,2.514219
query,3,512,29,0.2,2.99286
query,3,512,30,0.3,2.283166
query,3,512,31,0.1,2.576275
query,3,512,32,0.6,1.880152
query,3,512,33,1,2.301538
query,3,512,34,0.6,2.348319
query,3,512,35,0.7,1.708181
query,3,512,36,0.2,2.693901
query,3,512,37,0,2.509728
query,3,512,38,0.5,2.213533
query,3,512,39,0.2,2.797614
query,3,512,40,0.2,2.791595
query,3,512,41,0.2,2.870506
query,3,512,42,0.5,2.039016
query,3,512,43,0.7,1.727755
query,3,512,44,0.7,1.971545
query,3,512,45,0,2.028821
query,3,512,46,0.4,2.988151
query,3,512,47,0,2.332481
query,3,512,48,0.1,2.688856
query,3,512,49,0,1.831643
query,3,512,50,0.5,2.197184
query,3,512,51,0.3,1.342619
query,3,512,52,0.2,2.175663
query,3,512,53,0.8,2.426933
query,3,512,54,0.1,1.69964
query,3,512,55,0.2,3.130591
query,3,512,56,0,2.47549
query,3,512,57,0,2.610309
query,3,512,58,0,3.05848
query,3,512,59,0,2.647238
query,3,512,60,0.5,1.819928
query,3,512,61,0.9,1.83087
query,3,512,62,0,3.456851
query,3,512,63,0.2,1.582445
query,3,512,64,0,3.522685
query,3,512,65,0.5,2.49117
query,3,512,66,0.9,1.245923
query,3,512,67,0,1.923967
query,3,512,68,0.5,1.742063
query,3,512,69,0.2,3.497774
query,3,512,70,0.7,2.959089
query,3,512,71,0,2.558062
query,3,512,72,0,1.788853
query,3,512,73,0.1,1.567992
query,3,512,74,0.3,1.262983
query,3,512,75,0,2.706116
query,3,512,76,0.9,2.219189
query,3,512,77,0,2.58957
query,3,512,78,0.4,2.82979
query,3,512,79,0.2,2.506741
query,3,512,80,0.7,2.563128
query,3,512,81,0,2.060036
query,3,512,82,0.5,2.738575
query,3,512,83,0,2.281898
query,3,512,84,1,2.199982
query,3,512,85,0,1.969882
query,3,512,86,0.3,2.239037
query,3,512,87,0.7,1.838679
query,3,512,88,0,2.92437
query,3,512,89,0.6,2.282769
query,3,512,90,0.3,2.988835
query,3,512,91,0,2.820755
query,3,512,92,0.1,2.648126
query,3,512,93,0.8,2.397533
query,3,512,94,0,3.317322
query,3,512,95,0,2.780619
query,3,512,96,0.9,2.640095
query,3,512,97,0,3.364662
query,3,512,98,0.1,2.92197
query,3,512,99,0,2.322114
query,3,512,100,0.2,2.718272
query,3,512,101,0.1,3.118683
query,3,512,102,0.4,2.706788
query,3,512,103,0.9,2.106897
query,3,512,104,0,3.033305
query,3,512,105,0.2,2.522173
query,3,512,106,0.5,2.459698
query,3,512,107,0.4,1.738271
query,3,512,108,0.6,2.391255
query,3,512,109,0.7,1.951358
query,3,512,110,0.6,2.490367
query,3,512,111,0,2.696733
query,3,512,112,0,2.007629
query,3,512,113,0.2,3.022217
query,3,512,114,0.5,2.75092
query,3,512,115,0.3,2.759991
query,3,512,116,0.4,2.378804
query,3,512,117,0,3.073697
query,3,512,118,0,2.761948
query,3,512,119,0,3.049515
query,3,512,120,0.1,1.654136
query,3,512,121,0.4,2.195602
query,3,512,122,0.4,2.101753
query,3,512,123,0.6,2.726477
query,3,512,124,0,2.750854
query,3,512,125,0,2.981523
query,3,512,126,0.6,2.664827
query,3,512,127,0,2.927835
insert,4,33060.42387
query,4,64,0,0.1,0.543039
query,4,64,1,0.8,0.547643
query,4,64,2,0,0.632523
query,4,64,3,0.4,0.544634
query,4,64,4,0.1,0.453018
query,4,64,5,0,0.609165
query,4,64,6,0,0.493285
query,4,64,7,0.3,0.588093
query,4,64,8,0,0.574927
query,4,64,9,0.1,0.596851
query,4,64,10,0,0.476142
query,4,64,11,0.4,0.557621
query,4,64,12,0,0.497711
query,4,64,13,0,0.621892
query,4,64,14,0,0.660237
query,4,64,15,0.1,0.402829
query,4,64,16,0,0.566937
query,4,64,17,0,0.415532
query,4,64,18,0.2,0.572013
query,4,64,19,0.9,0.37205
query,4,64,20,0,0.516552
query,4,64,21,0,0.760846
query,4,64,22,0,0.569979
query,4,64,23,0,0.407469
query,4,64,24,0.4,0.561734
query,4,64,25,0.2,0.473233
query,4,64,26,0.5,0.404799
query,4,64,27,0.7,0.46906
query,4,64,28,0.5,0.512796
query,4,64,29,0.2,0.531675
query,4,64,30,0.3,0.515031
query,4,64,31,0.1,0.53441
query,4,64,32,0.7,0.464985
query,4,64,33,1,0.425218
query,4,64,34,0.5,0.508389
query,4,64,35,0.7,0.431748
query,4,64,36,0.2,0.505555
query,4,64,37,0,0.522718
query,4,64,38,0.5,0.397772
query,4,64,39,0.2,0.526994
query,4,64,40,0.2,0.550639
query,4,64,41,0.1,0.507621
query,4,64,42,0.5,0.514597
query,4,64,43,0.7,0.33398
query,4,64,44,0.7,0.431163
query,4,64,45,0,0.454547
query,4,64,46,0.5,0.576069
query,4,64,47,0,0.692875
query,4,64,48,0.1,0.576839
query,4,64,49,0,0.38073
query,4,64,50,0.6,0.440332
query,4,64,51,0.3,0.396338
query,4,64,52,0.2,0.498171
query,4,64,53,1,0.4311
query,4,64,54,0.1,0.391274
query,4,64,55,0.2,0.553871
query,4,64,56,0,0.528264
query,4,64,57,0,0.421621
query,4,64,58,0,0.529099
query,4,64,59,0,0.515998
query,4,64,60,0.5,0.357592
query,4,64,61,0.9,0.421113
query,4,64,62,0.1,0.544268
query,4,64,63,0.2,0.452567
query,4,64,64,0,0.64396
query,4,64,65,0.6,0.54217
query,4,64,66,1,0.252208
query,4,64,67,0,0.460026
query,4,64,68,0.6,0.389077
query,4,64,69,0.2,0.807891
query,4,64,70,0.6,0.576424
query,4,64,71,0,0.439711
query,4,64,72,0,0.363449
query,4,64,73,0.1,0.36162
query,4,64,74,0.3,0.400418
query,4,64,75,0,0.618493
query,4,64,76,0.9,0.484157
query,4,64,77,0,0.583166
query,4,64,78,0.4,0.594111
query,4,64,79,0.4,0.532502
query,4,64,80,0.6,0.504578
query,4,64,81,0,0.463279
query,4,64,82,0.5,0.619496
query,4,64,83,0,0.453473
query,4,64,84,1,0.498461
query,4,64,85,0,0.414125
query,4,64,86,0.4,0.453782
query,4,64,87,0.9,0.301788
query,4,64,88,0,0.474824
query,4,64,89,0.9,0.532883
query,4,64,90,0.4,0.621042
query,4,64,91,0,0.521095
query,4,64,92,0,0.501064
query,4,64,93,0.8,0.466946
query,4,64,94,0,0.786252
query,4,64,95,0,0.570522
query,4,64,96,0.9,0.499695
query,4,64,97,0,0.824738
query,4,64,98,0.2,0.578208
query,4,64,99,0,0.475468
query,4,64,100,0.3,0.524177
query,4,64,101,0,0.708848
query,4,64,102,0.6,0.55825
query,4,64,103,0.9,0.481207
query,4,64,104,0,0.65531
query,4,64,105,0.2,0.536317
query,4,64,106,0.6,0.457885
query,4,64,107,0.5,0.481337
query,4,64,108,0.7,0.438599
query,4,64,109,0.6,0.487318
query,4,64,110,0.7,0.566828
query,4,64,111,0,0.39255
query,4,64,112,0,0.562989
query,4,64,113,0.2,0.615793
query,4,64,114,0.6,0.778906
query,4,64,115,0.4,0.56231
query,4,64,116,0.3,0.549141
query,4,64,117,0,0.617152
query,4,64,118,0,0.304995
query,4,64,119,0,0.640987
query,4,64,120,0.1,0.390171
query,4,64,121,0.6,0.447424
query,4,64,122,0.4,0.485253
query,4,64,123,0.5,0.676037
query,4,64,124,0,0.699472
query,4,64,125,0,0.555788
query,4,64,126,0.6,0.476151
query,4,64,127,0.1,0.604483
query,4,128,0,0.1,0.949581
query,4,128,1,0.8,0.873026
query,4,128,2,0,0.940736
query,4,128,3,0.5,0.922085
query,4,128,4,0.1,0.809139
query,4,128,5,0,1.037223
query,4,128,6,0,0.809081
query,4,128,7,0.3,1.041584
query,4,128,8,0,0.931355
query,4,128,9,0.1,0.96238
query,4,128,10,0,0.728333
query,4,128,11,0.4,0.96484
query,4,128,12,0,0.837871
query,4,128,13,0,0.934663
query,4,128,14,0,0.938562
query,4,128,15,0.1,0.665988
query,4,128,16,0,0.972713
query,4,128,17,0,0.678243
query,4,128,18,0.2,0.994412
query,4,128,19,0.9,0.529714
query,4,128,20,0,0.90716
query,4,128,21,0,1.061383
query,4,128,22,0,0.90005
query,4,128,23,0,0.581231
query,4,128,24,0.4,0.968122
query,4,128,25,0.2,0.892728
query,4,128,26,0.5,0.572311
query,4,128,27,0.7,0.79765
query,4,128,28,0.5,0.836436
query,4,128,29,0.2,0.932309
query,4,128,30,0.3,0.863338
query,4,128,31,0.1,0.867097
query,4,128,32,0.7,0.770531
query,4,128,33,1,0.755428
query,4,128,34,0.6,0.844732
query,4,128,35,0.7,0.694036
query,4,128,36,0.2,0.824004
query,4,128,37,0,0.857198
query,4,128,38,0.5,0.663258
query,4,128,39,0.2,0.895736
query,4,128,40,0.2,0.964041
query,4,128,41,0.2,0.894933
query,4,128,42,0.5,0.825063
query,4,128,43,0.7,0.592928
query,4,128,44,0.7,0.696188
query,4,128,45,0,0.69729
query,4,128,46,0.5,0.936575
query,4,128,47,0,0.980735
query,4,128,48,0.1,0.920403
query,4,128,49,0,0.623086
query,4,128,50,0.6,0.706915
query,4,128,51,0.3,0.598557
query,4,128,52,0.2,0.795449
query,4,128,53,1,0.736416
query,4,128,54,0.1,0.600618
query,4,128,55,0.3,0.989949
query,4,128,56,0,0.798855
query,4,128,57,0,0.711791
query,4,128,58,0,0.970608
query,4,128,59,0,0.91098
query,4,128,60,0.5,0.598565
query,4,128,61,0.9,0.679955
query,4,128,62,0.1,0.981267
query,4,128,63,0.2,0.735492
query,4,128,64,0,1.173949
query,4,128,65,0.6,0.913198
query,4,128,66,1,0.417636
query,4,128,67,0,0.740015
query,4,128,68,0.6,0.577973
query,4,128,69,0.2,1.144261
query,4,128,70,0.6,0.990672
query,4,128,71,0,0.771517
query,4,128,72,0,0.571208
query,4,128,73,0.1,0.601713
query,4,128,74,0.3,0.607031
query,4,128,75,0,0.851654
query,4,128,76,0.9,0.750254
query,4,128,77,0,0.853898
query,4,128,78,0.4,0.984893
query,4,128,79,0.4,0.89517
query,4,128,80,0.7,0.865631
query,4,128,81,0,0.792329
query,4,128,82,0.6,1.07139
query,4,128,83,0,0.798231
query,4,128,84,1,0.853971
query,4,128,85,0,0.639824
query,4,128,86,0.4,0.720684
query,4,128,87,0.9,0.530209
query,4,128,88,0,0.822794
query,4,128,89,0.9,0.802136
query,4,128,90,0.5,0.962978
query,4,128,91,0,0.866646
query,4,128,92,0,0.812123
query,4,128,93,0.8,0.732466
query,4,128,94,0,1.13974
query,4,128,95,0,0.957064
query,4,128,96,0.9,0.881833
query,4,128,97,0,1.18974
query,4,128,98,0.2,1.032969
query,4,128,99,0,0.805975
query,4,128,100,0.3,0.882054
query,4,128,101,0,1.100389
query,4,128,102,0.6,0.92116
query,4,128,103,0.9,0.742622
query,4,128,104,0,1.097959
query,4,128,105,0.3,0.904115
query,4,128,106,0.7,0.792769
query,4,128,107,0.5,0.774897
query,4,128,108,0.7,0.760005
query,4,128,109,0.7,0.76223
query,4,128,110,0.7,0.988529
query,4,128,111,0,0.661295
query,4,128,112,0,0.82875
query,4,128,113,0.2,1.023679
query,4,128,114,0.6,1.108354
query,4,128,115,0.4,0.939438
query,4,128,116,0.4,0.909295
query,4,128,117,0,0.989035
query,4,128,118,0,0.547955
query,4,128,119,0,0.99443
query,4,128,120,0.1,0.596591
query,4,128,121,0.6,0.73602
query,4,128,122,0.4,0.77248
query,4,128,123,0.5,1.030369
query,4,128,124,0,1.015914
query,4,128,125,0,1.148794
query,4,128,126,0.6,0.735308
query,4,128,127,0.1,0.901773
query,4,256,0,0.1,1.693061
query,4,256,1,0.8,1.414576
query,4,256,2,0,1.588627
query,4,256,3,0.5,1.656894
query,4,256,4,0.1,1.473862
query,4,256,5,0,1.907418
query,4,256,6,0,1.443835
query,4,256,7,0.3,1.840078
query,4,256,8,0,1.621673
query,4,256,9,0.2,1.609038
query,4,256,10,0,1.196984
query,4,256,11,0.4,1.659981
query,4,256,12,0,1.406551
query,4,256,13,0,1.631285
query,4,256,14,0,1.596605
query,4,256,15,0.1,1.321278
query,4,256,16,0,1.76639
query,4,256,17,0,1.195135
query,4,256,18,0.2,1.651306
query,4,256,19,0.9,0.771767
query,4,256,20,0,1.556214
query,4,256,21,0,1.73885
query,4,256,22,0,1.56644
query,4,256,23,0,0.99831
query,4,256,24,0.4,1.636842
query,4,256,25,0.2,1.434548
query,4,256,26,0.5,0.845863
query,4,256,27,0.7,1.417804
query,4,256,28,0.5,1.451533
query,4,256,29,0.2,1.712202
query,4,256,30,0.3,1.444191
query,4,256,31,0.1,1.519803
query,4,256,32,0.7,1.240726
query,4,256,33,1,1.30212
query,4,256,34,0.6,1.428267
query,4,256,35,0.7,1.055031
query,4,256,36,0.2,1.493614
query,4,256,37,0,1.428594
query,4,256,38,0.5,1.16627
query,4,256,39,0.2,1.672296
query,4,256,40,0.2,1.662468
query,4,256,41,0.3,1.640127
query,4,256,42,0.5,1.343233
query,4,256,43,0.7,0.984355
query,4,256,44,0.7,1.183526
query,4,256,45,0,1.126015
query,4,256,46,0.6,1.665407
query,4,256,47,0,1.539113
query,4,256,48,0.1,1.660583
query,4,256,49,0,0.992071
query,4,256,50,0.6,1.210364
query,4,256,51,0.3,0.944264
query,4,256,52,0.2,1.344651
query,4,256,53,1,1.331934
query,4,256,54,0.1,1.049447
query,4,256,55,0.3,1.725253
query,4,256,56,0,1.484002
query,4,256,57,0,1.369747
query,4,256,58,0,1.779975
query,4,256,59,0,1.637818
query,4,256,60,0.5,0.944605
query,4,256,61,0.9,1.125722
query,4,256,62,0.1,1.904991
query,4,256,63,0.2,1.188897
query,4,256,64,0,2.201494
query,4,256,65,0.6,1.621398
query,4,256,66,1,0.658603
query,4,256,67,0,1.208807
query,4,256,68,0.6,0.955013
query,4,256,69,0.2,1.899386
query,4,256,70,0.6,1.776646
query,4,256,71,0,1.433065
query,4,256,72,0,0.945733
query,4,256,73,0.1,1.025204
query,4,256,74,0.3,0.875707
query,4,256,75,0,1.5613
query,4,256,76,0.9,1.278526
query,4,256,77,0,1.51431
query,4,256,78,0.4,1.754616
query,4,256,79,0.4,1.553706
query,4,256,80,0.7,1.446438
query,4,256,81,0,1.33147
query,4,256,82,0.6,1.763163
query,4,256,83,0,1.365729
query,4,256,84,1,1.351948
query,4,256,85,0,1.049402
query,4,256,86,0.4,1.340698
query,4,256,87,0.9,0.969785
query,4,256,88,0,1.653272
query,4,256,89,0.9,1.427536
query,4,256,90,0.5,1.611289
query,4,256,91,0,1.590264
query,4,256,92,0.1,1.469669
query,4,256,93,0.8,1.323912
query,4,256,94,0,1.772876
query,4,256,95,0,1.637271
query,4,256,96,0.9,1.483291
query,4,256,97,0,1.917974
query,4,256,98,0.2,1.720686
query,4,256,99,0,1.40164
query,4,256,100,0.3,1.539103
query,4,256,101,0.1,1.898735
query,4,256,102,0.6,1.595911
query,4,256,103,0.9,1.255186
query,4,256,104,0,1.829438
query,4,256,105,0.3,1.507627
query,4,256,106,0.7,1.440761
query,4,256,107,0.5,1.157912
query,4,256,108,0.7,1.300363
query,4,256,109,0.7,1.256315
query,4,256,110,0.7,1.554454
query,4,256,111,0,1.172585
query,4,256,112,0,1.320527
query,4,256,113,0.2,1.78016
query,4,256,114,0.6,1.874502
query,4,256,115,0.4,1.687419
query,4,256,116,0.5,1.519591
query,4,256,117,0,1.839031
query,4,256,118,0,1.301357
query,4,256,119,0,1.801239
query,4,256,120,0.1,1.03417
query,4,256,121,0.6,1.230228
query,4,256,122,0.4,1.306382
query,4,256,123,0.6,1.745519
query,4,256,124,0,1.595393
query,4,256,125,0,1.842232
query,4,256,126,0.6,1.457442
query,4,256,127,0.1,1.673553
query,4,512,0,0.2,2.970656
query,4,512,1,0.8,2.386504
query,4,512,2,0,2.625814
query,4,512,3,0.6,2.919981
query,4,512,4,0.1,2.717178
query,4,512,5,0,3.48095
query,4,512,6,0,2.711218
query,4,512,7,0.3,3.343938
query,4,512,8,0,3.234523
query,4,512,9,0.2,2.958384
query,4,512,10,0,2.276181
query,4,512,11,0.4,3.12614
query,4,512,12,0,2.560802
query,4,512,13,0,2.951251
query,4,512,14,0,3.055412
query,4,512,15,0.1,2.706219
query,4,512,16,0,3.292147
query,4,512,17,0,2.438402
query,4,512,18,0.2,2.967305
query,4,512,19,0.9,1.147095
query,4,512,20,0,2.945117
query,4,512,21,0,3.246536
query,4,512,22,0,2.738414
query,4,512,23,0,1.851912
query,4,512,24,0.4,2.947548
query,4,512,25,0.2,2.664115
query,4,512,26,0.5,1.276102
query,4,512,27,0.7,2.59147
query,4,512,28,0.5,2.582509
query,4,512,29,0.2,3.122029
query,4,512,30,0.3,2.576412
query,4,512,31,0.1,2.702974
query,4,512,32,0.7,2.03836
query,4,512,33,1,2.351647
query,4,512,34,0.6,2.502248
query,4,512,35,0.7,1.774802
query,4,512,36,0.2,2.808332
query,4,512,37,0,2.524687
query,4,512,38,0.5,2.154438
query,4,512,39,0.2,2.99328
query,4,512,40,0.2,2.938843
query,4,512,41,0.3,3.012561
query,4,512,42,0.5,2.224991
query,4,512,43,0.7,1.805064
query,4,512,44,0.7,2.045159
query,4,512,45,0,2.172033
query,4,512,46,0.6,3.212554
query,4,512,47,0,2.466563
query,4,512,48,0.1,3.027023
query,4,512,49,0,1.960163
query,4,512,50,0.6,2.299771
query,4,512,51,0.3,1.445702
query,4,512,52,0.2,2.52761
query,4,512,53,1,2.461146
query,4,512,54,0.1,1.955319
query,4,512,55,0.3,3.284542
query,4,512,56,0,2.751784
query,4,512,57,0,2.774811
query,4,512,58,0,3.26645
query,4,512,59,0,2.87019
query,4,512,60,0.5,1.892864
query,4,512,61,0.9,1.902508
query,4,512,62,0.1,3.517328
query,4,512,63,0.2,1.854999
query,4,512,64,0,3.624186
query,4,512,65,0.6,2.823461
query,4,512,66,1,1.167603
query,4,512,67,0,2.095352
query,4,512,68,0.6,1.595719
query,4,512,69,0.2,3.456959
query,4,512,70,0.7,3.202046
query,4,512,71,0,2.626799
query,4,512,72,0,1.929238
query,4,512,73,0.1,1.617555
query,4,512,74,0.3,1.389522
query,4,512,75,0,2.883491
query,4,512,76,0.9,2.140859
query,4,512,77,0,2.755453
query,4,512,78,0.4,3.072741
query,4,512,79,0.4,2.710845
query,4,512,80,0.7,2.618069
query,4,512,81,0,2.252263
query,4,512,82,0.6,2.957112
query,4,512,83,0,2.474994
query,4,512,84,1,2.37077
query,4,512,85,0,1.782881
query,4,512,86,0.4,2.326169
query,4,512,87,0.9,1.832742
query,4,512,88,0,3.007253
query,4,512,89,0.9,2.472859
query,4,512,90,0.5,3.134967
query,4,512,91,0,2.970865
query,4,512,92,0.1,2.752542
query,4,512,93,0.8,2.461265
query,4,512,94,0,3.407346
query,4,512,95,0,2.958596
query,4,512,96,0.9,2.695589
query,4,512,97,0,3.337151
query,4,512,98,0.2,3.059916
query,4,512,99,0,2.412197
query,4,512,100,0.3,2.879327
query,4,512,101,0.1,3.303973
query,4,512,102,0.6,2.905065
query,4,512,103,0.9,2.14299
query,4,512,104,0,3.316498
query,4,512,105,0.3,2.697054
query,4,512,106,0.7,2.57685
query,4,512,107,0.5,1.855446
query,4,512,108,0.7,2.514974
query,4,512,109,0.7,2.140505
query,4,512,110,0.7,2.729606
query,4,512,111,0,2.635642
query,4,512,112,0,2.324638
query,4,512,113,0.2,3.380823
query,4,512,114,0.6,3.165802
query,4,512,115,0.4,3.202186
query,4,512,116,0.5,2.667827
query,4,512,117,0,3.623404
query,4,512,118,0,2.888067
query,4,512,119,0,3.280392
query,4,512,120,0.1,1.839127
query,4,512,121,0.6,2.229625
query,4,512,122,0.4,2.232132
query,4,512,123,0.6,3.120499
query,4,512,124,0,2.929408
query,4,512,125,0,3.098945
query,4,512,126,0.6,2.814192
query,4,512,127,0.1,3.055222
insert,5,28087.224081
query,5,64,0,0.4,0.56397
query,5,64,1,0.9,0.49742
query,5,64,2,0,0.738962
query,5,64,3,0.7,0.599791
query,5,64,4,0.1,0.519721
query,5,64,5,0,0.607157
query,5,64,6,0,0.499656
query,5,64,7,0.3,0.698746
query,5,64,8,0,0.584257
query,5,64,9,0.1,0.629757
query,5,64,10,0,0.796573
query,5,64,11,0.2,0.595291
query,5,64,12,0,0.569711
query,5,64,13,0,0.626308
query,5,64,14,0,0.668027
query,5,64,15,0.1,0.402798
query,5,64,16,0,0.579128
query,5,64,17,0,0.391158
query,5,64,18,0.2,0.695033
query,5,64,19,1,0.381419
query,5,64,20,0,0.642917
query,5,64,21,0,0.802338
query,5,64,22,0,0.600787
query,5,64,23,0,0.398075
query,5,64,24,0.4,0.550278
query,5,64,25,0.2,0.499172
query,5,64,26,0.5,0.421648
query,5,64,27,0.7,0.518021
query,5,64,28,0.7,0.539174
query,5,64,29,0.2,0.630601
query,5,64,30,0.3,0.552697
query,5,64,31,0.1,0.5909
query,5,64,32,0.7,0.462856
query,5,64,33,1,0.369368
query,5,64,34,0.6,0.485502
query,5,64,35,0.7,0.450566
query,5,64,36,0.2,0.539793
query,5,64,37,0,0.347226
query,5,64,38,0.8,0.420129
query,5,64,39,0.3,0.549683
query,5,64,40,0.2,0.536564
query,5,64,41,0.1,0.603713
query,5,64,42,0.5,0.487376
query,5,64,43,0.7,0.371191
query,5,64,44,0.7,0.452865
query,5,64,45,0,0.456713
query,5,64,46,0.6,0.608574
query,5,64,47,0,0.674845
query,5,64,48,0.2,0.622986
query,5,64,49,0,0.399203
query,5,64,50,0.6,0.409073
query,5,64,51,0.3,0.468753
query,5,64,52,0.2,0.470635
query,5,64,53,1,0.511645
query,5,64,54,0.1,0.44625
query,5,64,55,0.2,0.607863
query,5,64,56,0,0.528444
query,5,64,57,0,0.463613
query,5,64,58,0,0.586445
query,5,64,59,0,0.566449
query,5,64,60,0.5,0.372438
query,5,64,61,0.9,0.404448
query,5,64,62,0.1,0.651653
query,5,64,63,0.2,0.466233
query,5,64,64,0,0.633156
query,5,64,65,0.6,0.572741
query,5,64,66,1,0.305485
query,5,64,67,0,0.487411
query,5,64,68,0.6,0.403654
query,5,64,69,0.2,0.784137
query,5,64,70,0.6,0.67898
query,5,64,71,0,0.440964
query,5,64,72,0,0.346086
query,5,64,73,0.1,0.426027
query,5,64,74,0.4,0.418465
query,5,64,75,0,0.468661
query,5,64,76,0.9,0.470322
query,5,64,77,0,0.453588
query,5,64,78,0.4,0.560739
query,5,64,79,0.5,0.548267
query,5,64,80,0.7,0.453806
query,5,64,81,0,0.463648
query,5,64,82,0.8,0.594271
query,5,64,83,0,0.455602
query,5,64,84,0.9,0.46905
query,5,64,85,0,0.627127
query,5,64,86,0.4,0.46655
query,5,64,87,0.9,0.281582
query,5,64,88,0,0.461546
query,5,64,89,0.9,0.5103
query,5,64,90,0.4,0.608334
query,5,64,91,0,0.534887
query,5,64,92,0,0.525376
query,5,64,93,0.8,0.379807
query,5,64,94,0,0.680882
query,5,64,95,0,0.528781
query,5,64,96,0.9,0.501107
query,5,64,97,0,0.796553
query,5,64,98,0.2,0.734781
query,5,64,99,0,0.458931
query,5,64,100,0.3,0.514127
query,5,64,101,0,0.696223
query,5,64,102,0.6,0.50696
query,5,64,103,0.9,0.491407
query,5,64,104,0,0.635792
query,5,64,105,0.4,0.432706
query,5,64,106,0.7,0.456162
query,5,64,107,0.5,0.465307
query,5,64,108,0.7,0.448916
query,5,64,109,0.8,0.372333
query,5,64,110,0.6,0.566885
query,5,64,111,0,0.402402
query,5,64,112,0,0.501704
query,5,64,113,0.2,0.596644
query,5,64,114,0.8,0.559877
query,5,64,115,0.5,0.583928
query,5,64,116,0.5,0.532996
query,5,64,117,0,0.597783
query,5,64,118,0,0.300166
query,5,64,119,0,0.62566
query,5,64,120,0.1,0.390987
query,5,64,121,0.7,0.537581
query,5,64,122,0.4,0.492206
query,5,64,123,0.3,0.536197
query,5,64,124,0,0.696046
query,5,64,125,0,0.585911
query,5,64,126,0.6,0.453533
query,5,64,127,0.1,0.520803
query,5,128,0,0.4,1.059292
query,5,128,1,0.9,0.789514
query,5,128,2,0,1.020584
query,5,128,3,0.9,1.002749
query,5,128,4,0.1,0.904413
query,5,128,5,0,1.090143
query,5,128,6,0,0.820558
query,5,128,7,0.3,1.019158
query,5,128,8,0,0.963205
query,5,128,9,0.1,0.98414
query,5,128,10,0,1.041969
query,5,128,11,0.2,0.979405
query,5,128,12,0,0.878295
query,5,128,13,0,0.986237
query,5,128,14,0,0.977533
query,5,128,15,0.1,0.671241
query,5,128,16,0,0.969588
query,5,128,17,0,0.711271
query,5,128,18,0.2,1.011955
query,5,128,19,1,0.556875
query,5,128,20,0,1.029333
query,5,128,21,0,1.074394
query,5,128,22,0,0.945456
query,5,128,23,0,0.59585
query,5,128,24,0.5,0.99403
query,5,128,25,0.2,0.881411
query,5,128,26,0.5,0.669159
query,5,128,27,0.7,0.876193
query,5,128,28,0.7,0.891752
query,5,128,29,0.2,1.105222
query,5,128,30,0.3,0.913574
query,5,128,31,0.1,0.973218
query,5,128,32,0.8,0.82039
query,5,128,33,1,0.62104
query,5,128,34,0.7,0.808127
query,5,128,35,0.7,0.791031
query,5,128,36,0.2,0.931216
query,5,128,37,0,0.687494
query,5,128,38,0.8,0.714815
query,5,128,39,0.3,0.976046
query,5,128,40,0.2,0.935579
query,5,128,41,0.3,1.02543
query,5,128,42,0.5,0.840969
query,5,128,43,0.7,0.645696
query,5,128,44,0.7,0.751508
query,5,128,45,0,0.726579
query,5,128,46,0.6,1.052572
query,5,128,47,0,1.028426
query,5,128,48,0.2,1.011299
query,5,128,49,0,0.688766
query,5,128,50,0.6,0.681545
query,5,128,51,0.3,0.680475
query,5,128,52,0.2,0.832523
query,5,128,53,1,0.832724
query,5,128,54,0.1,0.708585
query,5,128,55,0.3,1.05065
query,5,128,56,0,0.888322
query,5,128,57,0,0.795346
query,5,128,58,0,1.161632
query,5,128,59,0,1.021857
query,5,128,60,0.5,0.65876
query,5,128,61,0.9,0.701358
query,5,128,62,0.1,1.129886
query,5,128,63,0.2,0.792864
query,5,128,64,0,1.223158
query,5,128,65,0.6,0.964722
query,5,128,66,1,0.473794
query,5,128,67,0,0.7973
query,5,128,68,0.6,0.655707
query,5,128,69,0.2,1.244622
query,5,128,70,0.6,1.115482
query,5,128,71,0,0.780764
query,5,128,72,0,0.630643
query,5,128,73,0.1,0.700682
query,5,128,74,0.4,0.653781
query,5,128,75,0,0.953586
query,5,128,76,0.9,0.796501
query,5,128,77,0,0.845217
query,5,128,78,0.4,1.045542
query,5,128,79,0.5,0.92294
query,5,128,80,0.9,0.784217
query,5,128,81,0,0.853246
query,5,128,82,0.8,1.05458
query,5,128,83,0,0.861267
query,5,128,84,1,0.874739
query,5,128,85,0,0.921364
query,5,128,86,0.4,0.811185
query,5,128,87,0.9,0.512621
query,5,128,88,0,0.854218
query,5,128,89,0.9,0.897729
query,5,128,90,0.5,1.023056
query,5,128,91,0,0.952074
query,5,128,92,0.1,0.894825
query,5,128,93,0.8,0.715974
query,5,128,94,0,1.157524
query,5,128,95,0,1.007533
query,5,128,96,0.9,0.88329
query,5,128,97,0,1.241536
query,5,128,98,0.2,1.164505
query,5,128,99,0,0.858854
query,5,128,100,0.3,0.893832
query,5,128,101,0,1.179936
query,5,128,102,0.6,0.93204
query,5,128,103,0.9,0.840674
query,5,128,104,0,1.145226
query,5,128,105,0.4,0.830659
query,5,128,106,0.7,0.83588
query,5,128,107,0.5,0.781165
query,5,128,108,0.7,0.796217
query,5,128,109,0.8,0.654096
query,5,128,110,0.7,1.017346
query,5,128,111,0,0.718539
query,5,128,112,0,0.850342
query,5,128,113,0.2,1.104312
query,5,128,114,0.8,1.010912
query,5,128,115,0.6,1.064241
query,5,128,116,0.6,0.980628
query,5,128,117,0,1.058002
query,5,128,118,0,0.547929
query,5,128,119,0,1.041771
query,5,128,120,0.1,0.628213
query,5,128,121,0.7,0.841306
query,5,128,122,0.4,0.776039
query,5,128,123,0.4,0.942436
query,5,128,124,0,1.052095
query,5,128,125,0,1.195409
query,5,128,126,0.6,0.859864
query,5,128,127,0.1,0.95631
query,5,256,0,0.4,1.867327
query,5,256,1,0.9,1.360516
query,5,256,2,0,1.810758
query,5,256,3,0.9,1.800579
query,5,256,4,0.1,1.609617
query,5,256,5,0,2.059616
query,5,256,6,0,1.51659
query,5,256,7,0.4,1.932027
query,5,256,8,0,1.768238
query,5,256,9,0.2,1.875648
query,5,256,10,0,1.689851
query,5,256,11,0.4,1.804444
query,5,256,12,0,1.588866
query,5,256,13,0,1.759578
query,5,256,14,0,1.67186
query,5,256,15,0.1,1.424965
query,5,256,16,0,1.882939
query,5,256,17,0,1.360734
query,5,256,18,0.2,1.825949
query,5,256,19,1,0.833986
query,5,256,20,0,1.890079
query,5,256,21,0,1.829859
query,5,256,22,0,1.669038
query,5,256,23,0,1.085675
query,5,256,24,0.5,1.800551
query,5,256,25,0.2,1.556275
query,5,256,26,0.5,0.961477
query,5,256,27,0.7,1.534198
query,5,256,28,0.7,1.542917
query,5,256,29,0.2,1.967603
query,5,256,30,0.3,1.65223
query,5,256,31,0.1,1.780744
query,5,256,32,0.8,1.413355
query,5,256,33,1,1.131584
query,5,256,34,0.8,1.607586
query,5,256,35,0.7,1.260129
query,5,256,36,0.2,1.68843
query,5,256,37,0,1.213092
query,5,256,38,0.8,1.319168
query,5,256,39,0.3,1.88137
query,5,256,40,0.4,1.780418
query,5,256,41,0.4,1.863824
query,5,256,42,0.5,1.477872
query,5,256,43,0.7,1.124765
query,5,256,44,0.7,1.320641
query,5,256,45,0,1.147849
query,5,256,46,0.6,1.964163
query,5,256,47,0,1.608452
query,5,256,48,0.2,1.837524
query,5,256,49,0,1.113399
query,5,256,50,0.6,1.223727
query,5,256,51,0.3,1.058307
query,5,256,52,0.2,1.439031
query,5,256,53,1,1.40992
query,5,256,54,0.1,1.209239
query,5,256,55,0.3,1.829564
query,5,256,56,0,1.616784
query,5,256,57,0,1.479341
query,5,256,58,0,2.054784
query,5,256,59,0,1.756052
query,5,256,60,0.5,1.087535
query,5,256,61,0.9,1.127486
query,5,256,62,0.1,2.053887
query,5,256,63,0.2,1.268506
query,5,256,64,0,2.270915
query,5,256,65,0.6,1.765164
query,5,256,66,1,0.757875
query,5,256,67,0,1.353837
query,5,256,68,0.6,1.021778
query,5,256,69,0.2,2.044122
query,5,256,70,0.6,2.018962
query,5,256,71,0,1.447701
query,5,256,72,0,1.008615
query,5,256,73,0.1,1.128674
query,5,256,74,0.4,0.945738
query,5,256,75,0,1.513668
query,5,256,76,0.9,1.29635
query,5,256,77,0,1.479864
query,5,256,78,0.4,1.910463
query,5,256,79,0.5,1.591339
query,5,256,80,0.9,1.3848
query,5,256,81,0,1.649687
query,5,256,82,0.8,1.844155
query,5,256,83,0,1.490716
query,5,256,84,1,1.530228
query,5,256,85,0,1.421192
query,5,256,86,0.4,1.45283
query,5,256,87,0.9,0.991565
query,5,256,88,0,1.714003
query,5,256,89,0.9,1.580966
query,5,256,90,0.5,1.920512
query,5,256,91,0,1.860988
query,5,256,92,0.1,1.572298
query,5,256,93,0.8,1.375874
query,5,256,94,0,1.972022
query,5,256,95,0,1.869774
query,5,256,96,0.9,1.610423
query,5,256,97,0,2.11222
query,5,256,98,0.2,1.956012
query,5,256,99,0,1.537055
query,5,256,100,0.3,1.596428
query,5,256,101,0,2.032275
query,5,256,102,0.6,1.680471
query,5,256,103,0.9,1.274522
query,5,256,104,0,1.992017
query,5,256,105,0.4,1.563152
query,5,256,106,0.7,1.488595
query,5,256,107,0.5,1.235279
query,5,256,108,0.7,1.382715
query,5,256,109,0.8,1.002334
query,5,256,110,0.7,1.682181
query,5,256,111,0,1.241992
query,5,256,112,0,1.398003
query,5,256,113,0.2,1.956108
query,5,256,114,0.8,1.746569
query,5,256,115,0.6,1.797398
query,5,256,116,0.6,1.662388
query,5,256,117,0,1.980027
query,5,256,118,0,1.35006
query,5,256,119,0,1.889261
query,5,256,120,0.1,1.17296
query,5,256,121,0.7,1.311965
query,5,256,122,0.4,1.310783
query,5,256,123,0.5,1.759307
query,5,256,124,0,1.662998
query,5,256,125,0,1.837275
query,5,256,126,0.6,1.567264
query,5,256,127,0.1,1.752768
query,5,512,0,0.4,3.255907
query,5,512,1,0.9,2.377135
query,5,512,2,0,2.93394
query,5,512,3,0.9,3.282129
query,5,512,4,0.1,2.878001
query,5,512,5,0,3.726009
query,5,512,6,0,2.785751
query,5,512,7,0.4,3.440984
query,5,512,8,0,3.04641
query,5,512,9,0.2,3.111629
query,5,512,10,0,2.766527
query,5,512,11,0.4,3.164977
query,5,512,12,0,2.724935
query,5,512,13,0,3.06183
query,5,512,14,0,3.064166
query,5,512,15,0.1,2.89207
query,5,512,16,0,3.415327
query,5,512,17,0,2.639721
query,5,512,18,0.2,3.17616
query,5,512,19,1,1.215435
query,5,512,20,0,3.224454
query,5,512,21,0,3.344826
query,5,512,22,0,2.785999
query,5,512,23,0,1.989701
query,5,512,24,0.5,3.085986
query,5,512,25,0.2,2.561228
query,5,512,26,0.5,1.379117
query,5,512,27,0.7,2.701936
query,5,512,28,0.7,2.70891
query,5,512,29,0.2,3.485632
query,5,512,30,0.3,2.874166
query,5,512,31,0.1,3.172242
query,5,512,32,0.8,2.224984
query,5,512,33,1,1.952081
query,5,512,34,0.8,2.446273
query,5,512,35,0.7,1.99244
query,5,512,36,0.2,3.092135
query,5,512,37,0,1.960577
query,5,512,38,0.8,2.310563
query,5,512,39,0.3,3.217829
query,5,512,40,0.4,3.054566
query,5,512,41,0.4,3.214887
query,5,512,42,0.5,2.43474
query,5,512,43,0.7,1.825769
query,5,512,44,0.7,2.17231
query,5,512,45,0,2.172264
query,5,512,46,0.6,3.423544
query,5,512,47,0,2.487665
query,5,512,48,0.2,3.141853
query,5,512,49,0,2.074556
query,5,512,50,0.6,2.2966
query,5,512,51,0.3,1.569831
query,5,512,52,0.2,2.621302
query,5,512,53,1,2.528416
query,5,512,54,0.1,2.204778
query,5,512,55,0.3,3.485531
query,5,512,56,0,3.001028
query,5,512,57,0,3.018523
query,5,512,58,0,3.662492
query,5,512,59,0,3.063883
query,5,512,60,0.5,1.991661
query,5,512,61,0.9,1.946139
query,5,512,62,0.1,3.674441
query,5,512,63,0.2,2.049095
query,5,512,64,0,3.700467
query,5,512,65,0.6,3.004906
query,5,512,66,1,1.223371
query,5,512,67,0,2.225325
query,5,512,68,0.6,1.664954
query,5,512,69,0.2,3.667092
query,5,512,70,0.8,3.423725
query,5,512,71,0,2.865406
query,5,512,72,0,2.120483
query,5,512,73,0.1,1.804994
query,5,512,74,0.4,1.413716
query,5,512,75,0,2.86633
query,5,512,76,0.9,2.052655
query,5,512,77,0,2.892733
query,5,512,78,0.4,3.340874
query,5,512,79,0.5,2.792294
query,5,512,80,0.9,2.475534
query,5,512,81,0,2.51892
query,5,512,82,0.8,3.068367
query,5,512,83,0,2.564652
query,5,512,84,1,2.441559
query,5,512,85,0,2.248518
query,5,512,86,0.4,2.629586
query,5,512,87,0.9,1.910075
query,5,512,88,0,3.079612
query,5,512,89,0.9,2.620456
query,5,512,90,0.6,3.384013
query,5,512,91,0,3.178172
query,5,512,92,0.1,2.938212
query,5,512,93,0.8,2.553577
query,5,512,94,0,3.675107
query,5,512,95,0,3.312864
query,5,512,96,0.9,2.813291
query,5,512,97,0,3.572859
query,5,512,98,0.2,3.250068
query,5,512,99,0,2.629854
query,5,512,100,0.3,2.872509
query,5,512,101,0.1,3.547851
query,5,512,102,0.6,3.021706
query,5,512,103,0.9,2.257053
query,5,512,104,0,3.531013
query,5,512,105,0.4,2.805504
query,5,512,106,0.7,2.720738
query,5,512,107,0.5,1.962663
query,5,512,108,0.7,2.489747
query,5,512,109,0.8,1.667079
query,5,512,110,0.7,2.862761
query,5,512,111,0,2.550062
query,5,512,112,0,2.272922
query,5,512,113,0.2,3.508667
query,5,512,114,0.8,3.017731
query,5,512,115,0.6,3.243991
query,5,512,116,0.6,2.872479
query,5,512,117,0,3.62531
query,5,512,118,0,2.932233
query,5,512,119,0,3.472867
query,5,512,120,0.1,1.984047
query,5,512,121,0.7,2.460615
query,5,512,122,0.4,2.206347
query,5,512,123,0.5,3.136355
query,5,512,124,0,3.011845
query,5,512,125,0,3.123991
query,5,512,126,0.6,2.976224
query,5,512,127,0.1,3.253317
