[1] Using AVX512 InstructionSet!
[1] Setting Dim with value 100
[1] Setting DistCalcMethod with value L2
[1] Setting GenerateTruth with value false
[1] Setting HeadIndexFolder with value head_index
[1] Setting IndexAlgoType with value BKT
[1] Setting IndexDirectory with value /tmp/spfresh_smoke/index6
[1] Setting QueryPath with value /tmp/spfresh_smoke/queries.bin
[1] Setting QuerySize with value 32
[1] Setting QueryType with value DEFAULT
[1] Setting TruthPath with value 
[1] Setting TruthType with value DEFAULT
[1] Setting ValueType with value Float
[1] Setting VectorPath with value /tmp/spfresh_smoke/base.bin
[1] Setting VectorSize with value 5000
[1] Setting VectorType with value DEFAULT
[1] Setting WarmupPath with value /tmp/spfresh_smoke/queries.bin
[1] Setting WarmupSize with value 32
[1] Setting WarmupType with value DEFAULT
[1] Setting BKTKmeansK with value 8
[1] Setting BKTLeafSize with value 8
[1] Setting isExecute with value true
[1] Setting NoOutput with value false
[1] Setting NumberOfThreads with value 1
[1] Setting PrintSizeCount with value true
[1] Setting Ratio with value 0.2
[1] Setting RecursiveCheckSmallCluster with value true
[1] Setting SamplesNumber with value 500
[1] Setting SaveBKT with value false
[1] Setting SelectDynamically with value true
[1] Setting SelectThreshold with value 4
[1] Setting SplitFactor with value 4
[1] Setting SplitThreshold with value 8
[1] Setting TreeNumber with value 1
[1] Setting isExecute with value true
[1] Setting AppendThreadNum with value 1
[1] Setting BufferLength with value 3
[1] Setting BuildSsdIndex with value true
[1] Setting CalTruth with value true
[1] Setting EndVectorNum with value 6000
[1] Setting FullVectorPath with value /tmp/spfresh_smoke/full.bin
[1] Setting InsertThreadNum with value 1
[1] Setting InternalResultNum with value 32
[1] Setting isExecute with value true
[1] Setting LoadAllVectors with value true
[1] Setting NumberOfThreads with value 1
[1] Setting OnlySearchFinalBatch with value true
[1] Setting OutputEmptyReplicaID with value true
[1] Setting PostingPageLimit with value 4
[1] Setting ReassignThreadNum with value 1
[1] Setting ReplicaCount with value 2
[1] Setting ResultNum with value 10
[1] Setting SearchDuringUpdate with value false
[1] Setting SpdkBatchSize with value 16
[1] Setting SpdkMappingPath with value /tmp/spfresh_smoke/index6/spdk_mapping.bin
[1] Setting Step with value 1000
[1] Setting TmpDir with value /tmp/spfresh_smoke/tmp
[1] Setting TruthFilePrefix with value /tmp/spfresh_smoke/truth_
[1] Setting TruthResultNum with value -1
[1] Setting Update with value true
[1] Setting UseSPDK with value true
[1] Load Vector(5000,100)
[1] Begin Select Head...
[1] Load Vector(5000,100)
[1] Begin initial data (5000,100)...
[1] Begin Adjust Parameters...
[1] Start generating BKT.
[1] Start invoking BuildTrees.
[1] BKTKmeansK: 8, BKTLeafSize: 8, Samples: 500, BKTLambdaFactor:-1.000000 TreeNumber: 1, ThreadNum: 1.
[1] Best Lambda Factor:0.100000
[1] End invoking BuildTrees.
[1] Invoking BuildTrees used time: 0.00 minutes (about 0.00 hours).
[1] Finish generating BKT.
[1] Start selecting nodes...Select Head Dynamically...
[1] Select Threshold: 2, Split Threshold: 6, diff: 11.90%.
[1] Select Threshold: 2, Split Threshold: 7, diff: 7.18%.
[1] Select Threshold: 3, Split Threshold: 6, diff: 10.88%.
[1] Select Threshold: 3, Split Threshold: 7, diff: 5.96%.
[1] Select Threshold: 4, Split Threshold: 6, diff: 10.82%.
[1] Select Threshold: 4, Split Threshold: 7, diff: 5.54%.
[1] Final Select Threshold: 4, Split Threshold: 7.
[1] Seleted Nodes: 1277, about 25.54% of total.
[1] Total used time: 0.00 minutes (about 0.00 hours).
[1] select head time: 0.00s
[1] Begin Build Head...
[1] Setting DistCalcMethod with value L2
[1] Setting TPTNumber with value 4
[1] Setting TPTLeafSize with value 100
[1] Setting RefineIterations with value 1
[1] Setting NumberOfThreads with value 1
[1] Setting NeighborhoodSize with value 16
[1] Setting MaxCheckForRefineGraph with value 256
[1] Setting MaxCheck with value 256
[1] Load Vector(1277,100)
[1] Begin build index...
[1] Build Tree time (s): 0
[1] build RNG graph!
[1] Parallel TpTree Partition begin
[1] Finish Getting Leaves for Tree 0
[1] Finish Getting Leaves for Tree 1
[1] Finish Getting Leaves for Tree 2
[1] Finish Getting Leaves for Tree 3
[1] Parallel TpTree Partition done
[1] Build TPTree time (s): 0
[1] Processing Tree 0 0%
[1] Processing Tree 1 0%
[1] Processing Tree 2 0%
[1] Processing Tree 3 0%
[1] Process TPTree time (s): 0
[1] BuildInitKNNGraph time (s): 0
[1] Refine 0 0%
[1] Refine RNG time (s): 0 Graph Acc: 1.000000
[1] BuildGraph time (s): 1
[1] Build Graph time (s): 1
[1] Save Vector (1277,100) Finish!
[1] Save BKT (1,1279) Finish!
[1] Save RNG (1277,16) Finish!
[1] Save DeleteID (1277,1) Finish!
[1] Setting TreeFilePath with value tree.bin
[1] Setting GraphFilePath with value graph.bin
[1] Setting VectorFilePath with value vectors.bin
[1] Setting DeleteVectorFilePath with value deletes.bin
[1] Setting EnableBfs with value 0
[1] Setting BKTNumber with value 1
[1] Setting BKTKmeansK with value 32
[1] Setting BKTLeafSize with value 8
[1] Setting Samples with value 1000
[1] Setting BKTLambdaFactor with value 100.000000
[1] Setting TPTNumber with value 4
[1] Setting TPTLeafSize with value 100
[1] Setting NumTopDimensionTpTreeSplit with value 5
[1] Setting NeighborhoodSize with value 16
[1] Setting GraphNeighborhoodScale with value 2.000000
[1] Setting GraphCEFScale with value 2.000000
[1] Setting RefineIterations with value 1
[1] Setting EnableRebuild with value 0
[1] Setting CEF with value 1000
[1] Setting AddCEF with value 500
[1] Setting MaxCheckForRefineGraph with value 256
[1] Setting RNGFactor with value 1.000000
[1] Setting GPUGraphType with value 2
[1] Setting GPURefineSteps with value 0
[1] Setting GPURefineDepth with value 30
[1] Setting GPULeafSize with value 500
[1] Setting HeadNumGPUs with value 1
[1] Setting TPTBalanceFactor with value 2
[1] Setting NumberOfThreads with value 1
[1] Setting DistCalcMethod with value L2
[1] Setting DeletePercentageForRefine with value 0.400000
[1] Setting AddCountForRebuild with value 1000
[1] Setting MaxCheck with value 256
[1] Setting ThresholdOfNumberOfContinuousNoBetterPropagation with value 3
[1] Setting NumberOfInitialDynamicPivots with value 50
[1] Setting NumberOfOtherDynamicPivots with value 4
[1] Setting HashTableExponent with value 2
[1] Setting DataBlockSize with value 1048576
[1] Setting DataCapacity with value 2147483647
[1] Setting MetaRecordSize with value 10
[1] Load Vector (1277,100) Finish!
[1] Load BKT (1,1279) Finish!
[1] Load RNG (1277,16) Finish!
[1] Load DeleteID (1277,1) Finish!
[1] select head time: 0.00s build head time: 1.00s
[1] Begin Build SSDIndex...
[1] Setting NumberOfThreads with value 1
[1] Setting MaxCheck with value 4096
[1] Setting HashTableExponent with value 4
[1] Posting size limit: 40, search limit: 2.000000, merge threshold: 10
[1] Loaded 1277 Vector IDs
[1] Load Vector(5000,100)
[1] Build SSD Index.
[1] Full vector count:5000 Edge bytes:12 selection size:10000, capacity size:10000
[1] Preparation done, start candidate searching.
[1] Load Vector(5000,100)
[1] Batch 0 vector(0,5000) loaded with 5000 vectors (10000) HeadIndex acc @32:0.000000.
[1] Searching replicas ended. RNG failed count: 2456
[1] Batch 0 finished!
[1] Searching replicas ended. Search Time: 0.00 mins
[1] Time to sort selections:0.00 sec.
[1] Posting size limit: 40
[1] Before Posting Cut:
[1] Replica Count Dist: 0, 0
[1] Replica Count Dist: 1, 2
[1] Replica Count Dist: 2, 3721
[1] After Posting Cut:
[1] Replica Count Dist: 0, 1277
[1] Replica Count Dist: 1, 9
[1] Replica Count Dist: 2, 3714
[1] Time to perform posting cut:0.00 sec.
[1] Load Vector(5000,100)
[1] SPFresh: initialize versionMap
[1] SPFresh: Writing values to DB
[1] SPFresh: Writing SSD Info
[1] Save PostingSizeRecord To 
[1] SPFresh: save versionMap
[1] Save versionLabelID To DeletedIDs.bin
[1] Save versionLabelID (5000,1) Finish!
[1] Total used time: 0.00 minutes (about 0.00 hours).
[1] DataBlockSize: 1048576, Capacity: 2147483647
[1] SPFresh: initialize thread pools, append: 1, reassign 1
[1] SPFresh: finish initialization
[1] select head time: 0.00s build head time: 1.00s build ssd time: 0.00s
[1] SPFresh native memory build complete: vectors=5000
[1] Start loading VectorSet...
[1] Load Vector(6000,100)
[1] 
Load VectorSet(6000,100).
[1] Start loading QuerySet...
[1] Load Vector(32,100)
[1] Remain 260747 blocks, totally 0 GB
IOPS: 0k Bandwidth: 0MB/s
[1] remain splitJobs: 0, reassignJobs: 0, running split: 0, running reassign: 0
[1] Current Vector Num: 5000, Deleted: 0 .
[1] Current time: 0. RSS : 41 MB, Vector Set Size : 1 MB, True Size: 40 MB
[1] Remain 260747 blocks, totally 0 GB
IOPS: 0k Bandwidth: 0MB/s
[1] remain splitJobs: 0, reassignJobs: 0, running split: 0, running reassign: 0
[1] Current Vector Num: 5000, Deleted: 0 .
[1] Updating: numThread: 1, step: 1000, insertCount: 1000, totalBatch: 1.
[1] Start updating...
[1] Updating Batch 0: numThread: 1, step: 1000.
[1] Sent 0.00%...
[1] Finish sending in 0.552 seconds, sending throughput is 1811.59 , insertion count 1000.
[1] During Update
[1] Finish syncing in 0.572 seconds, actuall throughput is 1748.25, insertion count 1000.
[1] Avg	50tiles	90tiles	95tiles	99tiles	99.9tiles	Max
[1] 551.757	253.000	287.000	295.000	322.000	295820.000	295820.000
[1] Total Vector num 6000 
[1] After 1000 insertion, head vectors split 2 times, head missing 1 times, same head 0 times, reassign 77 times, reassign scan 82 times, garbage collection 1 times, merge 0 times
[1] AppendTaskNum: 1999, TotalCost: 9081.000 us, PerCost: 4.543 us
[1] AppendTaskNum: 1999, AppendIO TotalCost: 8374.000 us, PerCost: 4.189 us
[1] SplitNum: 2, TotalCost: 302.000 ms, PerCost: 151.000 ms
[1] SplitNum: 2, Read TotalCost: 23.000 us, PerCost: 11.500 us
[1] SplitNum: 2, Clustering TotalCost: 162.000 us, PerCost: 81.000 us
[1] SplitNum: 2, UpdateHead TotalCost: 2.000 ms, PerCost: 1.000 ms
[1] SplitNum: 2, Write TotalCost: 40.000 us, PerCost: 20.000 us
[1] SplitNum: 2, ReassignScan TotalCost: 0.000 ms, PerCost: 0.000 ms
[1] SplitNum: 2, ReassignScanIO TotalCost: 0.000 us, PerCost: 0.000 us
[1] GCNum: 1, TotalCost: 19.000 us, PerCost: 19.000 us
[1] ReassignNum: 77, TotalCost: 20407.000 us, PerCost: 265.026 us
[1] ReassignNum: 77, Select TotalCost: 19498.000 us, PerCost: 253.221 us
[1] ReassignNum: 77, ReassignAppend TotalCost: 861.000 us, PerCost: 11.182 us
[1] Current time: 1. RSS : 525 MB, Vector Set Size : 1 MB, True Size: 524 MB
[1] Searching: numThread: 16, numQueries: 32, searchTimes: 1.
[1] Current time: 1, Searching Times: 1, AvgQPS: 842.11.
[1] 
Ex Elements Count:
[1] Avg	50tiles	90tiles	95tiles	99tiles	99.9tiles	Max
[1] 598.188	608.000	710.000	751.000	823.000	823.000	823.000
[1] 
Head Latency Distribution:
[1] Avg	50tiles	90tiles	95tiles	99tiles	99.9tiles	Max
[1] 5.940	0.726	18.262	24.200	26.432	26.432	26.432
[1] 
Setup Latency Distribution:
[1] Avg	50tiles	90tiles	95tiles	99tiles	99.9tiles	Max
[1] 0.026	0.026	0.028	0.029	0.031	0.031	0.031
[1] 
Comp Latency Distribution:
[1] Avg	50tiles	90tiles	95tiles	99tiles	99.9tiles	Max
[1] 0.034	0.031	0.060	0.090	0.091	0.091	0.091
[1] 
SPDK Latency Distribution:
[1] Avg	50tiles	90tiles	95tiles	99tiles	99.9tiles	Max
[1] 1.993	0.934	5.495	7.066	7.201	7.201	7.201
[1] 
Ex Latency Distribution:
[1] Avg	50tiles	90tiles	95tiles	99tiles	99.9tiles	Max
[1] 8.950	8.890	20.267	21.716	23.952	23.952	23.952
[1] 
Total Latency Distribution:
[1] Avg	50tiles	90tiles	95tiles	99tiles	99.9tiles	Max
[1] 14.890	15.346	35.322	35.630	36.994	36.994	36.994
[1] 
Total Disk Page Access Distribution(KB):
[1] Avg	50tiles	90tiles	95tiles	99tiles	99.9tiles	Max
[1] 257.000	 259	 303	 333	 359	 359	 359
[1] 
Total Disk IO Distribution:
[1] Avg	50tiles	90tiles	95tiles	99tiles	99.9tiles	Max
[1] 94.531	  94	 107	 114	 122	 122	 122
[1] 
[1] Start loading TruthFile...: /tmp/spfresh_smoke/truth_0
[4] K: 10, TruthResultNum: -1
[1] Start Calculating Recall
[1] stdrecall: 0.158576, maxrecall: 1.00, minrecall: 0.50
[1] 
Recall Distribution:
[1] Avg	50tiles	90tiles	95tiles	99tiles	99.9tiles	Min
[1] 0.828	0.900	0.600	0.500	0.500	0.500	0.500
[1] Recall10@10: 0.828125
[1] SPFresh native memory update complete: vectors=6000
[1] Save mapping To /tmp/spfresh_smoke/index6/spdk_mapping.bin
[1] Save mapping (1405,8) Finish!
